data_kaggle.csv
Date,Store_id,SKU_id,Promo,Demand,Regular_Price,Promo_Price
2015-01-01,65,1,,13.0,163.78,
2015-01-02,65,1,,13.0,163.78,
2015-01-03,65,1,,25.0,163.78,
2015-01-04,65,1,,25.0,163.78,
2015-01-05,65,1,,28.0,163.78,
2015-01-06,65,1,,38.0,163.78,
2015-01-07,65,1,,16.0,163.78,
2015-01-08,65,1,,19.0,163.78,
2015-01-09,65,1,,31.0,163.78,
2015-01-10,65,1,,53.0,163.78,
2015-01-11,65,1,,44.0,163.78,
2015-01-12,65,1,,50.0,163.78,
2015-01-13,65,1,,41.0,163.78,
2015-01-14,65,1,,38.0,168.4,
2015-01-15,65,1,,31.0,168.4,
2015-01-16,65,1,,123.0,168.4,
2015-01-17,65,1,,145.0,168.4,
2015-01-18,65,1,,167.0,168.4,
2015-01-19,65,1,,31.0,168.4,
2015-01-20,65,1,,35.0,168.4,
2015-01-21,65,1,,35.0,168.4,
2015-01-22,65,1,,53.0,168.4,
2015-01-23,65,1,,9.0,160.24,
2015-01-24,65,1,,57.0,160.24,
2015-01-25,65,1,,104.0,160.24,
2015-01-26,65,1,,31.0,160.24,
2015-01-27,65,1,,47.0,160.24,
2015-01-28,65,1,,66.0,146.92,
2015-01-29,65,1,,69.0,146.92,
2015-01-30,65,1,,60.0,146.92,
2015-01-31,65,1,,135.0,146.92,
2015-02-01,65,1,,229.0,146.92,
2015-02-02,65,1,,31.0,146.92,
2015-02-03,65,1,,129.0,146.92,
2015-02-04,65,1,,167.0,146.92,
2015-02-05,65,1,,135.0,146.92,
2015-02-06,65,1,,119.0,146.92,
2015-02-07,65,1,,60.0,146.92,
2015-02-08,65,1,,179.0,146.92,
2015-02-09,65,1,,72.0,146.92,
2015-02-10,65,1,,126.0,146.92,
2015-02-11,65,1,,47.0,146.92,
2015-02-12,65,1,,167.0,146.92,
2015-02-13,65,1,,104.0,149.37,
2015-02-14,65,1,,50.0,149.37,
2015-02-15,65,1,,60.0,149.37,
2015-02-16,65,1,,47.0,149.37,
2015-02-17,65,1,1.0,942.0,149.37,143.8
2015-02-18,65,1,1.0,553.0,149.37,135.64
2015-02-19,65,1,1.0,732.0,149.37,135.64
2015-02-20,65,1,1.0,807.0,149.37,135.64
2015-02-21,65,1,1.0,355.0,149.37,135.64
2015-02-22,65,1,1.0,336.0,149.37,135.64
2015-02-23,65,1,1.0,261.0,149.37,135.64
2015-02-24,65,1,,88.0,149.37,
2015-02-25,65,1,,35.0,149.37,
2015-02-26,65,1,,25.0,149.37,
2015-02-27,65,1,,60.0,143.93,
2015-02-28,65,1,,204.0,143.93,
2015-03-01,65,1,,437.0,143.93,
2015-03-02,65,1,,170.0,143.93,
2015-03-03,65,1,1.0,361.0,143.93,138.36
2015-03-04,65,1,1.0,170.0,143.93,135.64
2015-03-05,65,1,1.0,371.0,138.5,135.64
2015-03-06,65,1,1.0,531.0,138.5,135.64
2015-03-07,65,1,1.0,468.0,138.5,135.64
2015-03-08,65,1,1.0,201.0,138.5,135.64
2015-03-09,65,1,,182.0,140.67,
2015-03-10,65,1,,110.0,140.67,
2015-03-11,65,1,,167.0,140.67,
2015-03-12,65,1,,66.0,140.67,
2015-03-13,65,1,,94.0,140.67,
2015-03-14,65,1,,135.0,140.67,
2015-03-15,65,1,,214.0,140.67,
2015-03-16,65,1,,138.0,140.67,
2015-03-17,65,1,1.0,1285.0,140.67,127.49
2015-03-18,65,1,1.0,895.0,140.67,127.49
2015-03-19,65,1,1.0,434.0,140.67,127.49
2015-03-20,65,1,1.0,462.0,140.67,127.49
2015-03-21,65,1,1.0,408.0,140.67,127.49
2015-03-22,65,1,1.0,383.0,140.67,127.49
2015-03-23,65,1,1.0,361.0,140.67,127.49
2015-03-24,65,1,,148.0,140.67,
2015-03-25,65,1,,270.0,140.67,
2015-03-26,65,1,,91.0,131.97,
2015-03-27,65,1,,119.0,131.97,
2015-03-28,65,1,,170.0,131.97,
2015-03-29,65,1,,119.0,131.97,
2015-03-30,65,1,,85.0,131.97,
2015-01-01,44,1,,3.0,163.78,
2015-01-02,44,1,,25.0,163.78,
2015-01-03,44,1,,38.0,163.78,
2015-01-04,44,1,,35.0,163.78,
2015-01-05,44,1,,63.0,163.78,
2015-01-06,44,1,,53.0,163.78,
2015-01-07,44,1,,72.0,163.78,
2015-01-08,44,1,,123.0,163.78,
2015-01-09,44,1,,53.0,163.78,
2015-01-10,44,1,,47.0,163.78,
2015-01-11,44,1,,38.0,163.78,
2015-01-12,44,1,,75.0,163.78,
2015-01-13,44,1,,91.0,163.78,
2015-01-14,44,1,,44.0,168.4,
2015-01-15,44,1,,75.0,168.4,
2015-01-16,44,1,,60.0,168.4,
2015-01-17,44,1,,53.0,168.4,
2015-01-18,44,1,,69.0,168.4,
2015-01-19,44,1,,72.0,168.4,
2015-01-20,44,1,,63.0,168.4,
2015-01-21,44,1,,123.0,168.4,
2015-01-22,44,1,,57.0,168.4,
2015-01-23,44,1,,57.0,160.24,
2015-01-24,44,1,,107.0,160.24,
2015-01-25,44,1,,79.0,160.24,
2015-01-26,44,1,,60.0,160.24,
2015-01-27,44,1,,91.0,160.24,
2015-01-28,44,1,,151.0,146.92,
2015-01-29,44,1,,135.0,146.92,
2015-01-30,44,1,,110.0,146.92,
2015-01-31,44,1,,97.0,146.92,
2015-02-01,44,1,,135.0,146.92,
2015-02-02,44,1,,119.0,146.92,
2015-02-03,44,1,,132.0,146.92,
2015-02-04,44,1,,170.0,146.92,
2015-02-05,44,1,,192.0,146.92,
2015-02-06,44,1,,148.0,146.92,
2015-02-07,44,1,,123.0,146.92,
2015-02-08,44,1,,132.0,146.92,
2015-02-09,44,1,,198.0,146.92,
2015-02-10,44,1,,138.0,146.92,
2015-02-11,44,1,,141.0,146.92,
2015-02-12,44,1,,141.0,146.92,
2015-02-13,44,1,,129.0,149.37,
2015-02-14,44,1,,188.0,149.37,
2015-02-15,44,1,,82.0,149.37,
2015-02-16,44,1,,145.0,149.37,
2015-02-17,44,1,1.0,308.0,149.37,143.8
2015-02-18,44,1,1.0,506.0,149.37,135.64
2015-02-19,44,1,1.0,754.0,149.37,135.64
2015-02-20,44,1,1.0,754.0,149.37,135.64
2015-02-21,44,1,1.0,578.0,149.37,135.64
2015-02-22,44,1,1.0,606.0,149.37,135.64
2015-02-23,44,1,1.0,609.0,149.37,135.64
2015-02-24,44,1,,85.0,149.37,
2015-02-25,44,1,,57.0,149.37,
2015-02-26,44,1,,97.0,149.37,
2015-02-27,44,1,,176.0,143.93,
2015-02-28,44,1,,594.0,143.93,
2015-03-01,44,1,,201.0,143.93,
2015-03-02,44,1,,289.0,143.93,
2015-03-03,44,1,1.0,320.0,143.93,138.36
2015-03-04,44,1,1.0,305.0,143.93,135.64
2015-03-05,44,1,1.0,449.0,138.5,135.64
2015-03-06,44,1,1.0,402.0,138.5,135.64
2015-03-07,44,1,1.0,399.0,138.5,135.64
2015-03-08,44,1,1.0,188.0,138.5,135.64
2015-03-09,44,1,,333.0,140.67,
2015-03-10,44,1,,126.0,140.67,
2015-03-11,44,1,,182.0,140.67,
2015-03-12,44,1,,229.0,140.67,
2015-03-13,44,1,,138.0,140.67,
2015-03-14,44,1,,176.0,140.67,
2015-03-15,44,1,,123.0,140.67,
2015-03-16,44,1,,116.0,140.67,
2015-03-17,44,1,1.0,961.0,140.67,127.49
2015-03-18,44,1,1.0,1530.0,140.67,127.49
2015-03-19,44,1,1.0,779.0,140.67,127.49
2015-03-20,44,1,1.0,814.0,140.67,127.49
2015-03-21,44,1,1.0,500.0,140.67,127.49
2015-03-22,44,1,1.0,663.0,140.67,127.49
2015-03-23,44,1,1.0,682.0,140.67,127.49
2015-03-24,44,1,,101.0,140.67,
2015-03-25,44,1,,126.0,140.67,
2015-03-26,44,1,,210.0,131.97,
2015-03-27,44,1,,182.0,131.97,
2015-03-28,44,1,,179.0,131.97,
2015-03-29,44,1,,138.0,131.97,
2015-03-30,44,1,,123.0,131.97,
2015-03-31,44,1,,123.0,131.97,
2015-01-01,66,1,,6.0,163.78,
2015-01-02,66,1,,13.0,163.78,
2015-01-03,66,1,,19.0,163.78,
2015-01-04,66,1,,25.0,163.78,
2015-01-05,66,1,,60.0,163.78,
2015-01-06,66,1,,41.0,163.78,
2015-01-07,66,1,,38.0,163.78,
2015-01-08,66,1,,35.0,163.78,
2015-01-09,66,1,,179.0,163.78,
2015-01-10,66,1,,19.0,163.78,
2015-01-11,66,1,,16.0,163.78,
2015-01-12,66,1,,31.0,163.78,
2015-01-13,66,1,,16.0,163.78,
2015-01-14,66,1,,25.0,168.4,
2015-01-15,66,1,,47.0,168.4,
2015-01-16,66,1,,57.0,168.4,
2015-01-17,66,1,,119.0,168.4,
2015-01-18,66,1,,47.0,168.4,
2015-01-19,66,1,,35.0,168.4,
2015-01-20,66,1,,19.0,168.4,
2015-01-21,66,1,,22.0,168.4,
2015-01-22,66,1,,28.0,168.4,
2015-01-23,66,1,,22.0,160.24,
2015-01-24,66,1,,35.0,160.24,
2015-01-25,66,1,,22.0,160.24,
2015-01-26,66,1,,28.0,160.24,
2015-01-27,66,1,,19.0,160.24,
2015-01-28,66,1,,63.0,146.92,
2015-01-29,66,1,,35.0,146.92,
2015-01-30,66,1,,66.0,146.92,
2015-01-31,66,1,,53.0,146.92,
2015-02-01,66,1,,50.0,146.92,
2015-02-02,66,1,,35.0,146.92,
2015-02-03,66,1,,63.0,146.92,
2015-02-04,66,1,,50.0,146.92,
2015-02-05,66,1,,31.0,146.92,
2015-02-06,66,1,,41.0,146.92,
2015-02-07,66,1,,141.0,146.92,
2015-02-08,66,1,,151.0,146.92,
2015-02-09,66,1,,50.0,146.92,
2015-02-10,66,1,,119.0,146.92,
2015-02-11,66,1,,50.0,146.92,
2015-02-12,66,1,,66.0,146.92,
2015-02-13,66,1,,113.0,149.37,
2015-02-14,66,1,,94.0,149.37,
2015-02-15,66,1,,101.0,149.37,
2015-02-16,66,1,,57.0,149.37,
2015-02-17,66,1,1.0,66.0,149.37,143.8
2015-02-18,66,1,1.0,188.0,149.37,135.64
2015-02-19,66,1,1.0,239.0,149.37,135.64
2015-02-20,66,1,1.0,540.0,149.37,135.64
2015-02-21,66,1,1.0,214.0,149.37,135.64
2015-02-22,66,1,1.0,336.0,149.37,135.64
2015-02-23,66,1,1.0,107.0,149.37,135.64
2015-02-24,66,1,,69.0,149.37,
2015-02-25,66,1,,25.0,149.37,
2015-02-26,66,1,,50.0,149.37,
2015-02-27,66,1,,25.0,143.93,
2015-02-28,66,1,,138.0,143.93,
2015-03-01,66,1,,192.0,143.93,
2015-03-02,66,1,,104.0,143.93,
2015-03-03,66,1,1.0,60.0,143.93,138.36
2015-03-04,66,1,1.0,217.0,143.93,135.64
2015-03-05,66,1,1.0,330.0,138.5,135.64
2015-03-06,66,1,1.0,151.0,138.5,135.64
2015-03-07,66,1,1.0,123.0,138.5,135.64
2015-03-08,66,1,1.0,188.0,138.5,135.64
2015-03-09,66,1,,85.0,140.67,
2015-03-10,66,1,,44.0,140.67,
2015-03-11,66,1,,160.0,140.67,
2015-03-12,66,1,,53.0,140.67,
2015-03-13,66,1,,88.0,140.67,
2015-03-14,66,1,,72.0,140.67,
2015-03-15,66,1,,63.0,140.67,
2015-03-16,66,1,,72.0,140.67,
2015-03-17,66,1,1.0,559.0,140.67,127.49
2015-03-18,66,1,1.0,537.0,140.67,127.49
2015-03-19,66,1,1.0,895.0,140.67,127.49
2015-03-20,66,1,1.0,798.0,140.67,127.49
2015-03-21,66,1,1.0,569.0,140.67,127.49
2015-03-22,66,1,1.0,493.0,140.67,127.49
2015-03-23,66,1,1.0,550.0,140.67,127.49
2015-03-24,66,1,,72.0,140.67,
2015-03-25,66,1,,60.0,140.67,
2015-03-26,66,1,,145.0,131.97,
2015-03-27,66,1,,94.0,131.97,
2015-03-28,66,1,,91.0,131.97,
2015-03-29,66,1,,107.0,131.97,
2015-03-30,66,1,,38.0,131.97,
2015-03-31,66,1,,101.0,131.97,
2015-01-01,67,1,,13.0,163.78,
2015-01-02,67,1,,57.0,163.78,
2015-01-03,67,1,,63.0,163.78,
2015-01-04,67,1,,57.0,163.78,
2015-01-05,67,1,,82.0,163.78,
2015-01-06,67,1,,66.0,163.78,
2015-01-07,67,1,,50.0,163.78,
2015-01-08,67,1,,53.0,163.78,
2015-01-09,67,1,,66.0,163.78,
2015-01-10,67,1,,69.0,163.78,
2015-01-11,67,1,,104.0,163.78,
2015-01-12,67,1,,85.0,163.78,
2015-01-13,67,1,,79.0,163.78,
2015-01-14,67,1,,69.0,168.4,
2015-01-15,67,1,,66.0,168.4,
2015-01-16,67,1,,151.0,168.4,
2015-01-17,67,1,,119.0,168.4,
2015-01-18,67,1,,47.0,168.4,
2015-01-19,67,1,,57.0,168.4,
2015-01-20,67,1,,31.0,168.4,
2015-01-21,67,1,,88.0,168.4,
2015-01-22,67,1,,63.0,168.4,
2015-01-23,67,1,,85.0,160.24,
2015-01-24,67,1,,38.0,160.24,
2015-01-25,67,1,,41.0,160.24,
2015-01-26,67,1,,167.0,160.24,
2015-01-27,67,1,,145.0,160.24,
2015-01-28,67,1,,185.0,146.92,
2015-01-29,67,1,,141.0,146.92,
2015-01-30,67,1,,185.0,146.92,
2015-01-31,67,1,,236.0,146.92,
2015-02-01,67,1,,179.0,146.92,
2015-02-02,67,1,,116.0,146.92,
2015-02-03,67,1,,239.0,146.92,
2015-02-04,67,1,,207.0,146.92,
2015-02-05,67,1,,119.0,146.92,
2015-02-06,67,1,,594.0,146.92,
2015-02-07,67,1,,160.0,146.92,
2015-02-08,67,1,,229.0,146.92,
2015-02-09,67,1,,160.0,146.92,
2015-02-10,67,1,,484.0,146.92,
2015-02-11,67,1,,195.0,146.92,
2015-02-12,67,1,,333.0,146.92,
2015-02-13,67,1,,232.0,149.37,
2015-02-14,67,1,,163.0,149.37,
2015-02-15,67,1,,264.0,149.37,
2015-02-16,67,1,,217.0,149.37,
2015-02-17,67,1,1.0,393.0,149.37,143.8
2015-02-18,67,1,1.0,735.0,149.37,135.64
2015-02-19,67,1,1.0,817.0,149.37,135.64
2015-02-20,67,1,1.0,1178.0,149.37,135.64
2015-02-21,67,1,1.0,757.0,149.37,135.64
2015-02-22,67,1,1.0,559.0,149.37,135.64
2015-02-23,67,1,1.0,308.0,149.37,135.64
2015-02-24,67,1,,138.0,149.37,
2015-02-25,67,1,,110.0,149.37,
2015-02-26,67,1,,104.0,149.37,
2015-02-27,67,1,,188.0,143.93,
2015-02-28,67,1,,349.0,143.93,
2015-03-01,67,1,,468.0,143.93,
2015-03-02,67,1,,399.0,143.93,
2015-03-03,67,1,1.0,462.0,143.93,138.36
2015-03-04,67,1,1.0,430.0,143.93,135.64
2015-03-05,67,1,1.0,474.0,138.5,135.64
2015-03-06,67,1,1.0,823.0,138.5,135.64
2015-03-07,67,1,1.0,383.0,138.5,135.64
2015-03-08,67,1,1.0,245.0,138.5,135.64
2015-03-09,67,1,,239.0,140.67,
2015-03-10,67,1,,342.0,140.67,
2015-03-11,67,1,,330.0,140.67,
2015-03-12,67,1,,317.0,140.67,
2015-03-13,67,1,,361.0,140.67,
2015-03-14,67,1,,723.0,140.67,
2015-03-15,67,1,,666.0,140.67,
2015-03-16,67,1,,264.0,140.67,
2015-03-17,67,1,1.0,1442.0,140.67,127.49
2015-03-18,67,1,1.0,2639.0,140.67,127.49
2015-03-19,67,1,1.0,320.0,140.67,127.49
2015-03-20,67,1,1.0,716.0,140.67,127.49
2015-03-21,67,1,1.0,631.0,140.67,127.49
2015-03-22,67,1,1.0,578.0,140.67,127.49
2015-03-23,67,1,1.0,537.0,140.67,127.49
2015-03-24,67,1,,104.0,140.67,
2015-03-25,67,1,,430.0,140.67,
2015-03-26,67,1,,393.0,131.97,
2015-03-27,67,1,,679.0,131.97,
2015-03-28,67,1,,408.0,131.97,
2015-03-29,67,1,,371.0,131.97,
2015-03-30,67,1,,232.0,131.97,
2015-03-31,67,1,,242.0,131.97,
2015-01-01,43,1,,16.0,152.36,
2015-01-02,43,1,,91.0,152.36,
2015-01-03,43,1,,129.0,152.36,
2015-01-04,43,1,,79.0,152.36,
2015-01-05,43,1,,170.0,152.36,
2015-01-06,43,1,,119.0,152.36,
2015-01-07,43,1,,126.0,152.36,
2015-01-08,43,1,,110.0,152.36,
2015-01-09,43,1,,135.0,152.36,
2015-01-10,43,1,,97.0,152.36,
2015-01-11,43,1,,79.0,152.36,
2015-01-12,43,1,,129.0,152.36,
2015-01-13,43,1,,126.0,152.36,
2015-01-14,43,1,,135.0,152.36,
2015-01-15,43,1,,264.0,152.36,
2015-01-16,43,1,,305.0,168.4,
2015-01-17,43,1,,88.0,168.4,
2015-01-18,43,1,,63.0,168.4,
2015-01-19,43,1,,66.0,168.4,
2015-01-20,43,1,,119.0,168.4,
2015-01-21,43,1,,79.0,168.4,
2015-01-22,43,1,,72.0,168.4,
2015-01-23,43,1,,25.0,168.4,
2015-01-24,43,1,,119.0,168.4,
2015-01-25,43,1,,66.0,168.4,
2015-01-26,43,1,,72.0,168.4,
2015-01-27,43,1,,66.0,168.4,
2015-01-28,43,1,,44.0,168.4,
2015-01-29,43,1,,119.0,168.4,
2015-01-30,43,1,,79.0,168.4,
2015-01-31,43,1,,104.0,168.4,
2015-02-01,43,1,,44.0,168.4,
2015-02-02,43,1,,60.0,168.4,
2015-02-03,43,1,,66.0,168.4,
2015-02-04,43,1,,82.0,168.4,
2015-02-05,43,1,,151.0,144.2,
2015-02-06,43,1,,390.0,144.2,
2015-02-07,43,1,,254.0,144.2,
2015-02-08,43,1,,214.0,144.2,
2015-02-09,43,1,,217.0,144.2,
2015-02-10,43,1,,295.0,144.2,
2015-02-11,43,1,,292.0,144.2,
2015-02-12,43,1,,163.0,144.2,
2015-02-13,43,1,,317.0,144.2,
2015-02-14,43,1,,308.0,144.2,
2015-02-15,43,1,,192.0,144.2,
2015-02-16,43,1,,182.0,144.2,
2015-02-17,43,1,1.0,452.0,144.2,143.8
2015-02-18,43,1,1.0,261.0,144.2,135.64
2015-02-19,43,1,1.0,484.0,144.2,135.64
2015-02-20,43,1,1.0,666.0,144.2,135.64
2015-02-21,43,1,1.0,760.0,144.2,135.64
2015-02-22,43,1,1.0,251.0,144.2,135.64
2015-02-23,43,1,1.0,339.0,144.2,135.64
2015-02-24,43,1,,107.0,144.2,
2015-02-25,43,1,,232.0,144.2,
2015-02-26,43,1,,214.0,144.2,
2015-02-27,43,1,,292.0,144.2,
2015-02-28,43,1,,437.0,144.2,
2015-03-01,43,1,,251.0,144.2,
2015-03-02,43,1,,201.0,144.2,
2015-03-03,43,1,1.0,198.0,144.2,138.36
2015-03-04,43,1,1.0,286.0,144.2,135.64
2015-03-05,43,1,1.0,531.0,144.2,135.64
2015-03-06,43,1,1.0,141.0,144.2,135.64
2015-03-07,43,1,1.0,383.0,144.2,135.64
2015-03-08,43,1,1.0,346.0,144.2,135.64
2015-03-09,43,1,,157.0,144.2,
2015-03-10,43,1,,123.0,144.2,
2015-03-11,43,1,,91.0,144.2,
2015-03-12,43,1,,242.0,144.2,
2015-03-13,43,1,,132.0,144.2,
2015-03-14,43,1,,107.0,144.2,
2015-03-15,43,1,,163.0,144.2,
2015-03-16,43,1,,267.0,144.2,
2015-03-17,43,1,1.0,829.0,144.2,127.49
2015-03-18,43,1,1.0,1238.0,144.2,127.49
2015-03-19,43,1,1.0,1065.0,144.2,127.49
2015-03-20,43,1,1.0,1150.0,144.2,127.49
2015-03-21,43,1,1.0,1316.0,140.67,127.49
2015-03-22,43,1,1.0,870.0,140.67,127.49
2015-03-23,43,1,1.0,75.0,140.67,127.49
2015-03-24,43,1,,31.0,140.67,
2015-03-25,43,1,,53.0,140.67,
2015-03-26,43,1,,295.0,131.97,
2015-03-27,43,1,,192.0,131.97,
2015-03-28,43,1,,371.0,131.97,
2015-03-29,43,1,,412.0,131.97,
2015-03-30,43,1,,204.0,131.97,
2015-01-01,68,1,,6.0,163.78,
2015-01-02,68,1,,44.0,163.78,
2015-01-03,68,1,,57.0,163.78,
2015-01-04,68,1,,41.0,163.78,
2015-01-05,68,1,,85.0,163.78,
2015-01-06,68,1,,91.0,163.78,
2015-01-07,68,1,,60.0,163.78,
2015-01-08,68,1,,50.0,163.78,
2015-01-09,68,1,,85.0,163.78,
2015-01-10,68,1,,69.0,163.78,
2015-01-11,68,1,,145.0,163.78,
2015-01-12,68,1,,126.0,163.78,
2015-01-13,68,1,,151.0,163.78,
2015-01-14,68,1,,94.0,168.4,
2015-01-15,68,1,,97.0,168.4,
2015-01-16,68,1,,101.0,168.4,
2015-01-17,68,1,,135.0,168.4,
2015-01-18,68,1,,97.0,168.4,
2015-01-19,68,1,,72.0,168.4,
2015-01-20,68,1,,91.0,168.4,
2015-01-21,68,1,,97.0,168.4,
2015-01-22,68,1,,63.0,168.4,
2015-01-23,68,1,,60.0,160.24,
2015-01-24,68,1,,101.0,160.24,
2015-01-25,68,1,,126.0,160.24,
2015-01-26,68,1,,104.0,160.24,
2015-01-27,68,1,,85.0,160.24,
2015-01-28,68,1,,135.0,146.92,
2015-01-29,68,1,,91.0,146.92,
2015-01-30,68,1,,132.0,146.92,
2015-01-31,68,1,,138.0,146.92,
2015-02-01,68,1,,135.0,146.92,
2015-02-02,68,1,,75.0,146.92,
2015-02-03,68,1,,160.0,146.92,
2015-02-04,68,1,,135.0,146.92,
2015-02-05,68,1,,229.0,146.92,
2015-02-06,68,1,,157.0,146.92,
2015-02-07,68,1,,210.0,146.92,
2015-02-08,68,1,,305.0,146.92,
2015-02-09,68,1,,129.0,146.92,
2015-02-10,68,1,,170.0,146.92,
2015-02-11,68,1,,179.0,146.92,
2015-02-12,68,1,,176.0,146.92,
2015-02-13,68,1,,160.0,149.37,
2015-02-14,68,1,,210.0,149.37,
2015-02-15,68,1,,148.0,149.37,
2015-02-16,68,1,,129.0,149.37,
2015-02-17,68,1,1.0,999.0,149.37,143.8
2015-02-18,68,1,1.0,415.0,149.37,135.64
2015-02-19,68,1,1.0,330.0,149.37,135.64
2015-02-20,68,1,1.0,496.0,149.37,135.64
2015-02-21,68,1,1.0,562.0,149.37,135.64
2015-02-22,68,1,1.0,547.0,149.37,135.64
2015-02-23,68,1,1.0,380.0,149.37,135.64
2015-02-24,68,1,,75.0,149.37,
2015-02-25,68,1,,226.0,149.37,
2015-02-26,68,1,,129.0,149.37,
2015-02-27,68,1,,163.0,143.93,
2015-02-28,68,1,,478.0,143.93,
2015-03-01,68,1,,390.0,143.93,
2015-03-02,68,1,,204.0,143.93,
2015-03-03,68,1,1.0,198.0,143.93,138.36
2015-03-04,68,1,1.0,361.0,143.93,135.64
2015-03-05,68,1,1.0,220.0,138.5,135.64
2015-03-06,68,1,1.0,484.0,138.5,135.64
2015-03-07,68,1,1.0,380.0,138.5,135.64
2015-03-08,68,1,1.0,430.0,138.5,135.64
2015-03-09,68,1,,123.0,140.67,
2015-03-10,68,1,,182.0,140.67,
2015-03-11,68,1,,170.0,140.67,
2015-03-12,68,1,,264.0,140.67,
2015-03-13,68,1,,154.0,140.67,
2015-03-14,68,1,,327.0,140.67,
2015-03-15,68,1,,163.0,140.67,
2015-03-16,68,1,,217.0,140.67,
2015-03-17,68,1,1.0,1674.0,140.67,127.49
2015-03-18,68,1,1.0,1093.0,140.67,127.49
2015-03-19,68,1,1.0,1166.0,140.67,127.49
2015-03-20,68,1,1.0,1037.0,140.67,127.49
2015-03-21,68,1,1.0,942.0,140.67,127.49
2015-03-22,68,1,1.0,1021.0,140.67,127.49
2015-03-23,68,1,1.0,1084.0,140.67,127.49
2015-03-24,68,1,,132.0,140.67,
2015-03-25,68,1,,192.0,140.67,
2015-03-26,68,1,,361.0,131.97,
2015-03-27,68,1,,198.0,131.97,
2015-03-28,68,1,,220.0,131.97,
2015-03-29,68,1,,418.0,131.97,
2015-03-30,68,1,,289.0,131.97,
