data_kaggle.csv
Date,Store_id,SKU_id,Promo,Demand,Regular_Price,Promo_Price
2015-01-01,64,1,,3.0,163.78,
2015-01-02,64,1,,31.0,163.78,
2015-01-03,64,1,,28.0,163.78,
2015-01-04,64,1,,6.0,163.78,
2015-01-05,64,1,,41.0,163.78,
2015-01-06,64,1,,19.0,163.78,
2015-01-07,64,1,,41.0,163.78,
2015-01-08,64,1,,31.0,163.78,
2015-01-09,64,1,,19.0,163.78,
2015-01-10,64,1,,50.0,163.78,
2015-01-11,64,1,,53.0,163.78,
2015-01-12,64,1,,35.0,163.78,
2015-01-13,64,1,,38.0,163.78,
2015-01-14,64,1,,31.0,168.4,
2015-01-15,64,1,,31.0,168.4,
2015-01-16,64,1,,16.0,168.4,
2015-01-17,64,1,,25.0,168.4,
2015-01-18,64,1,,85.0,168.4,
2015-01-19,64,1,,63.0,168.4,
2015-01-20,64,1,,47.0,168.4,
2015-01-21,64,1,,38.0,168.4,
2015-01-22,64,1,,41.0,168.4,
2015-01-23,64,1,,22.0,160.24,
2015-01-24,64,1,,53.0,160.24,
2015-01-25,64,1,,53.0,160.24,
2015-01-26,64,1,,47.0,160.24,
2015-01-27,64,1,,53.0,160.24,
2015-01-28,64,1,,82.0,146.92,
2015-01-29,64,1,,66.0,146.92,
2015-01-30,64,1,,66.0,146.92,
2015-01-31,64,1,,75.0,146.92,
2015-02-01,64,1,,47.0,146.92,
2015-02-02,64,1,,57.0,146.92,
2015-02-03,64,1,,66.0,146.92,
2015-02-04,64,1,,63.0,146.92,
2015-02-05,64,1,,47.0,146.92,
2015-02-06,64,1,,53.0,146.92,
2015-02-07,64,1,,75.0,146.92,
2015-02-08,64,1,,116.0,146.92,
2015-02-09,64,1,,113.0,146.92,
2015-02-10,64,1,,66.0,146.92,
2015-02-11,64,1,,107.0,146.92,
2015-02-12,64,1,,116.0,146.92,
2015-02-13,64,1,,101.0,149.37,
2015-02-14,64,1,,85.0,149.37,
2015-02-15,64,1,,66.0,149.37,
2015-02-16,64,1,,63.0,149.37,
2015-02-17,64,1,1.0,160.0,149.37,143.8
2015-02-18,64,1,1.0,280.0,149.37,135.64
2015-02-19,64,1,1.0,314.0,149.37,135.64
2015-02-20,64,1,1.0,333.0,149.37,135.64
2015-02-21,64,1,1.0,368.0,149.37,135.64
2015-02-22,64,1,1.0,302.0,149.37,135.64
2015-02-23,64,1,1.0,192.0,149.37,135.64
2015-02-24,64,1,,57.0,149.37,
2015-02-25,64,1,,63.0,149.37,
2015-02-26,64,1,,88.0,149.37,
2015-02-27,64,1,,94.0,143.93,
2015-02-28,64,1,,129.0,143.93,
2015-03-01,64,1,,113.0,143.93,
2015-03-02,64,1,,101.0,143.93,
2015-03-03,64,1,1.0,254.0,143.93,138.36
2015-03-04,64,1,1.0,163.0,143.93,135.64
2015-03-05,64,1,1.0,129.0,138.5,135.64
2015-03-06,64,1,1.0,151.0,138.5,135.64
2015-03-07,64,1,1.0,286.0,138.5,135.64
2015-03-08,64,1,1.0,113.0,138.5,135.64
2015-03-09,64,1,,63.0,140.67,
2015-03-10,64,1,,63.0,140.67,
2015-03-11,64,1,,50.0,140.67,
2015-03-12,64,1,,94.0,140.67,
2015-03-13,64,1,,63.0,140.67,
2015-03-14,64,1,,94.0,140.67,
2015-03-15,64,1,,94.0,140.67,
2015-03-16,64,1,,107.0,140.67,
2015-03-17,64,1,1.0,207.0,140.67,127.49
2015-03-18,64,1,1.0,446.0,140.67,127.49
2015-03-19,64,1,1.0,320.0,140.67,127.49
2015-03-20,64,1,1.0,459.0,140.67,127.49
2015-03-21,64,1,1.0,550.0,140.67,127.49
2015-03-22,64,1,1.0,628.0,140.67,127.49
2015-03-23,64,1,1.0,336.0,140.67,127.49
2015-03-24,64,1,,173.0,140.67,
2015-03-25,64,1,,173.0,140.67,
2015-03-26,64,1,,135.0,131.97,
2015-03-27,64,1,,154.0,131.97,
2015-03-28,64,1,,163.0,131.97,
2015-03-29,64,1,,254.0,131.97,
2015-03-30,64,1,,116.0,131.97,
2015-01-01,69,1,,16.0,163.78,
2015-01-02,69,1,,41.0,163.78,
2015-01-03,69,1,,35.0,163.78,
2015-01-04,69,1,,57.0,163.78,
2015-01-05,69,1,,82.0,163.78,
2015-01-06,69,1,,53.0,163.78,
2015-01-07,69,1,,85.0,163.78,
2015-01-08,69,1,,94.0,163.78,
2015-01-09,69,1,,72.0,163.78,
2015-01-10,69,1,,126.0,163.78,
2015-01-11,69,1,,113.0,163.78,
2015-01-12,69,1,,82.0,163.78,
2015-01-13,69,1,,79.0,163.78,
2015-01-14,69,1,,69.0,168.4,
2015-01-15,69,1,,91.0,168.4,
2015-01-16,69,1,,72.0,168.4,
2015-01-17,69,1,,53.0,168.4,
2015-01-18,69,1,,47.0,168.4,
2015-01-19,69,1,,41.0,168.4,
2015-01-20,69,1,,97.0,168.4,
2015-01-21,69,1,,57.0,168.4,
2015-01-22,69,1,,38.0,168.4,
2015-01-23,69,1,,41.0,160.24,
2015-01-24,69,1,,88.0,160.24,
2015-01-25,69,1,,63.0,160.24,
2015-01-26,69,1,,72.0,160.24,
2015-01-27,69,1,,50.0,160.24,
2015-01-28,69,1,,145.0,146.92,
2015-01-29,69,1,,192.0,146.92,
2015-01-30,69,1,,104.0,146.92,
2015-01-31,69,1,,138.0,146.92,
2015-02-01,69,1,,185.0,146.92,
2015-02-02,69,1,,113.0,146.92,
2015-02-03,69,1,,217.0,146.92,
2015-02-04,69,1,,101.0,146.92,
2015-02-05,69,1,,217.0,146.92,
2015-02-06,69,1,,154.0,146.92,
2015-02-07,69,1,,141.0,146.92,
2015-02-08,69,1,,170.0,146.92,
2015-02-09,69,1,,141.0,146.92,
2015-02-10,69,1,,182.0,146.92,
2015-02-11,69,1,,157.0,146.92,
2015-02-12,69,1,,160.0,146.92,
2015-02-13,69,1,,97.0,149.37,
2015-02-14,69,1,,113.0,149.37,
2015-02-15,69,1,,154.0,149.37,
2015-02-16,69,1,,138.0,149.37,
2015-02-17,69,1,1.0,298.0,149.37,143.8
2015-02-18,69,1,1.0,320.0,149.37,135.64
2015-02-19,69,1,1.0,713.0,149.37,135.64
2015-02-20,69,1,1.0,587.0,149.37,135.64
2015-02-21,69,1,1.0,484.0,149.37,135.64
2015-02-22,69,1,1.0,503.0,149.37,135.64
2015-02-23,69,1,1.0,543.0,149.37,135.64
2015-02-24,69,1,,113.0,149.37,
2015-02-25,69,1,,135.0,149.37,
2015-02-26,69,1,,126.0,149.37,
2015-02-27,69,1,,176.0,143.93,
2015-02-28,69,1,,317.0,143.93,
2015-03-01,69,1,,440.0,143.93,
2015-03-02,69,1,,229.0,143.93,
2015-03-03,69,1,1.0,160.0,143.93,138.36
2015-03-04,69,1,1.0,264.0,143.93,135.64
2015-03-05,69,1,1.0,386.0,138.5,135.64
2015-03-06,69,1,1.0,603.0,138.5,135.64
2015-03-07,69,1,1.0,506.0,138.5,135.64
2015-03-08,69,1,1.0,371.0,138.5,135.64
2015-03-09,69,1,,176.0,140.67,
2015-03-10,69,1,,229.0,140.67,
2015-03-11,69,1,,141.0,140.67,
2015-03-12,69,1,,176.0,140.67,
2015-03-13,69,1,,135.0,140.67,
2015-03-14,69,1,,151.0,140.67,
2015-03-15,69,1,,145.0,140.67,
2015-03-16,69,1,,160.0,140.67,
2015-03-17,69,1,1.0,1747.0,140.67,127.49
2015-03-18,69,1,1.0,1502.0,140.67,127.49
2015-03-19,69,1,1.0,1257.0,140.67,127.49
2015-03-20,69,1,1.0,1112.0,140.67,127.49
2015-03-21,69,1,1.0,584.0,140.67,127.49
2015-03-22,69,1,1.0,738.0,140.67,127.49
2015-03-23,69,1,1.0,594.0,140.67,127.49
2015-03-24,69,1,,107.0,140.67,
2015-03-25,69,1,,119.0,140.67,
2015-03-26,69,1,,141.0,131.97,
2015-03-27,69,1,,229.0,131.97,
2015-03-28,69,1,,232.0,131.97,
2015-03-29,69,1,,201.0,131.97,
2015-03-30,69,1,,126.0,131.97,
2015-01-01,70,1,,6.0,163.78,
2015-01-02,70,1,,16.0,163.78,
2015-01-03,70,1,,16.0,163.78,
2015-01-04,70,1,,38.0,163.78,
2015-01-05,70,1,,31.0,163.78,
2015-01-06,70,1,,16.0,163.78,
2015-01-07,70,1,,19.0,163.78,
2015-01-08,70,1,,35.0,163.78,
2015-01-09,70,1,,57.0,163.78,
2015-01-10,70,1,,22.0,163.78,
2015-01-11,70,1,,38.0,163.78,
2015-01-12,70,1,,44.0,163.78,
2015-01-13,70,1,,63.0,163.78,
2015-01-14,70,1,,57.0,168.4,
2015-01-15,70,1,,53.0,168.4,
2015-01-16,70,1,,47.0,168.4,
2015-01-17,70,1,,132.0,168.4,
2015-01-18,70,1,,60.0,168.4,
2015-01-19,70,1,,57.0,168.4,
2015-01-20,70,1,,25.0,168.4,
2015-01-21,70,1,,25.0,168.4,
2015-01-22,70,1,,41.0,168.4,
2015-01-23,70,1,,44.0,160.24,
2015-01-24,70,1,,41.0,160.24,
2015-01-25,70,1,,31.0,160.24,
2015-01-26,70,1,,60.0,160.24,
2015-01-27,70,1,,28.0,160.24,
2015-01-28,70,1,,50.0,146.92,
2015-01-29,70,1,,31.0,146.92,
2015-01-30,70,1,,63.0,146.92,
2015-01-31,70,1,,75.0,146.92,
2015-02-01,70,1,,72.0,146.92,
2015-02-02,70,1,,60.0,146.92,
2015-02-03,70,1,,66.0,146.92,
2015-02-04,70,1,,135.0,146.92,
2015-02-05,70,1,,91.0,146.92,
2015-02-06,70,1,,66.0,146.92,
2015-02-07,70,1,,85.0,146.92,
2015-02-08,70,1,,85.0,146.92,
2015-02-09,70,1,,69.0,146.92,
2015-02-10,70,1,,94.0,146.92,
2015-02-11,70,1,,50.0,146.92,
2015-02-12,70,1,,53.0,146.92,
2015-02-13,70,1,,119.0,149.37,
2015-02-14,70,1,,82.0,149.37,
2015-02-15,70,1,,97.0,149.37,
2015-02-16,70,1,,88.0,149.37,
2015-02-17,70,1,1.0,210.0,149.37,143.8
2015-02-18,70,1,1.0,207.0,149.37,135.64
2015-02-19,70,1,1.0,496.0,149.37,135.64
2015-02-20,70,1,1.0,415.0,149.37,135.64
2015-02-21,70,1,1.0,349.0,149.37,135.64
2015-02-22,70,1,1.0,236.0,149.37,135.64
2015-02-23,70,1,1.0,170.0,149.37,135.64
2015-02-24,70,1,,85.0,149.37,
2015-02-25,70,1,,63.0,149.37,
2015-02-26,70,1,,38.0,149.37,
2015-02-27,70,1,,57.0,143.93,
2015-02-28,70,1,,267.0,143.93,
2015-03-01,70,1,,141.0,143.93,
2015-03-02,70,1,,116.0,143.93,
2015-03-03,70,1,1.0,258.0,143.93,138.36
2015-03-04,70,1,1.0,251.0,143.93,135.64
2015-03-05,70,1,1.0,339.0,138.5,135.64
2015-03-06,70,1,1.0,531.0,138.5,135.64
2015-03-07,70,1,1.0,346.0,138.5,135.64
2015-03-08,70,1,1.0,135.0,138.5,135.64
2015-03-09,70,1,,66.0,140.67,
2015-03-10,70,1,,47.0,140.67,
2015-03-11,70,1,,116.0,140.67,
2015-03-12,70,1,,91.0,140.67,
2015-03-13,70,1,,160.0,140.67,
2015-03-14,70,1,,104.0,140.67,
2015-03-15,70,1,,157.0,140.67,
2015-03-16,70,1,,91.0,140.67,
2015-03-17,70,1,1.0,1260.0,140.67,127.49
2015-03-18,70,1,1.0,1810.0,140.67,127.49
2015-03-19,70,1,1.0,1008.0,140.67,127.49
2015-03-20,70,1,1.0,748.0,140.67,127.49
2015-03-21,70,1,1.0,635.0,140.67,127.49
2015-03-22,70,1,1.0,789.0,140.67,127.49
2015-03-23,70,1,1.0,188.0,140.67,127.49
2015-03-24,70,1,,44.0,140.67,
2015-03-25,70,1,,75.0,140.67,
2015-03-26,70,1,,69.0,131.97,
2015-03-27,70,1,,101.0,131.97,
2015-03-28,70,1,,151.0,131.97,
2015-03-29,70,1,,207.0,131.97,
2015-03-30,70,1,,63.0,131.97,
2015-03-31,70,1,,91.0,131.97,
2015-01-01,71,1,,6.0,163.78,
2015-01-02,71,1,,41.0,163.78,
2015-01-03,71,1,,28.0,163.78,
2015-01-04,71,1,,19.0,163.78,
2015-01-05,71,1,,79.0,163.78,
2015-01-06,71,1,,47.0,163.78,
2015-01-07,71,1,,47.0,163.78,
2015-01-08,71,1,,31.0,163.78,
2015-01-09,71,1,,22.0,163.78,
2015-01-10,71,1,,38.0,163.78,
2015-01-11,71,1,,19.0,163.78,
2015-01-12,71,1,,25.0,163.78,
2015-01-13,71,1,,60.0,163.78,
2015-01-14,71,1,,16.0,168.4,
2015-01-15,71,1,,25.0,168.4,
2015-01-16,71,1,,19.0,168.4,
2015-01-17,71,1,,19.0,168.4,
2015-01-18,71,1,,19.0,168.4,
2015-01-19,71,1,,35.0,168.4,
2015-01-20,71,1,,63.0,168.4,
2015-01-21,71,1,,35.0,168.4,
2015-01-22,71,1,,6.0,168.4,
2015-01-23,71,1,,50.0,160.24,
2015-01-24,71,1,,35.0,160.24,
2015-01-25,71,1,,22.0,160.24,
2015-01-26,71,1,,82.0,160.24,
2015-01-27,71,1,,57.0,160.24,
2015-01-28,71,1,,50.0,146.92,
2015-01-29,71,1,,79.0,146.92,
2015-01-30,71,1,,47.0,146.92,
2015-01-31,71,1,,85.0,146.92,
2015-02-01,71,1,,41.0,146.92,
2015-02-02,71,1,,16.0,146.92,
2015-02-03,71,1,,53.0,146.92,
2015-02-04,71,1,,31.0,146.92,
2015-02-05,71,1,,85.0,146.92,
2015-02-06,71,1,,126.0,146.92,
2015-02-07,71,1,,91.0,146.92,
2015-02-08,71,1,,97.0,146.92,
2015-02-09,71,1,,63.0,146.92,
2015-02-10,71,1,,101.0,146.92,
2015-02-11,71,1,,47.0,146.92,
2015-02-12,71,1,,101.0,146.92,
2015-02-13,71,1,,88.0,149.37,
2015-02-14,71,1,,163.0,149.37,
2015-02-15,71,1,,50.0,149.37,
2015-02-16,71,1,,75.0,149.37,
2015-02-17,71,1,1.0,123.0,149.37,143.8
2015-02-18,71,1,1.0,148.0,149.37,135.64
2015-02-19,71,1,1.0,424.0,149.37,135.64
2015-02-20,71,1,1.0,622.0,149.37,135.64
2015-02-21,71,1,1.0,443.0,149.37,135.64
2015-02-22,71,1,1.0,311.0,149.37,135.64
2015-02-23,71,1,1.0,176.0,149.37,135.64
2015-02-24,71,1,,94.0,149.37,
2015-02-25,71,1,,123.0,149.37,
2015-02-26,71,1,,63.0,149.37,
2015-02-27,71,1,,101.0,143.93,
2015-02-28,71,1,,157.0,143.93,
2015-03-01,71,1,,173.0,143.93,
2015-03-02,71,1,,173.0,143.93,
2015-03-03,71,1,1.0,176.0,143.93,138.36
2015-03-04,71,1,1.0,204.0,143.93,135.64
2015-03-05,71,1,1.0,302.0,138.5,135.64
2015-03-06,71,1,1.0,468.0,138.5,135.64
2015-03-07,71,1,1.0,276.0,138.5,135.64
2015-03-08,71,1,1.0,217.0,138.5,135.64
2015-03-09,71,1,,129.0,140.67,
2015-03-10,71,1,,107.0,140.67,
2015-03-11,71,1,,176.0,140.67,
2015-03-12,71,1,,138.0,140.67,
2015-03-13,71,1,,97.0,140.67,
2015-03-14,71,1,,94.0,140.67,
2015-03-15,71,1,,94.0,140.67,
2015-03-16,71,1,,94.0,140.67,
2015-03-17,71,1,1.0,1156.0,140.67,127.49
2015-03-18,71,1,1.0,697.0,140.67,127.49
2015-03-19,71,1,1.0,773.0,140.67,127.49
2015-03-20,71,1,1.0,540.0,140.67,127.49
2015-03-21,71,1,1.0,320.0,140.67,127.49
2015-03-22,71,1,1.0,383.0,140.67,127.49
2015-03-23,71,1,1.0,393.0,140.67,127.49
2015-03-24,71,1,,66.0,140.67,
2015-03-25,71,1,,195.0,140.67,
2015-03-26,71,1,,176.0,131.97,
2015-03-27,71,1,,229.0,131.97,
2015-03-28,71,1,,173.0,131.97,
2015-03-29,71,1,,239.0,131.97,
2015-03-30,71,1,,88.0,131.97,
2015-01-01,41,1,,0.0,163.78,
2015-01-02,41,1,,28.0,163.78,
2015-01-03,41,1,,41.0,163.78,
2015-01-04,41,1,,25.0,163.78,
2015-01-05,41,1,,60.0,163.78,
2015-01-06,41,1,,19.0,163.78,
2015-01-07,41,1,,19.0,163.78,
2015-01-08,41,1,,57.0,163.78,
2015-01-09,41,1,,38.0,163.78,
2015-01-10,41,1,,35.0,163.78,
2015-01-11,41,1,,35.0,163.78,
2015-01-12,41,1,,38.0,163.78,
2015-01-13,41,1,,72.0,163.78,
2015-01-14,41,1,,38.0,168.4,
2015-01-15,41,1,,44.0,168.4,
2015-01-16,41,1,,63.0,168.4,
2015-01-17,41,1,,50.0,168.4,
2015-01-18,41,1,,41.0,168.4,
2015-01-19,41,1,,38.0,168.4,
2015-01-20,41,1,,69.0,168.4,
2015-01-21,41,1,,44.0,168.4,
2015-01-22,41,1,,88.0,168.4,
2015-01-23,41,1,,31.0,160.24,
2015-01-24,41,1,,66.0,160.24,
2015-01-25,41,1,,88.0,160.24,
2015-01-26,41,1,,57.0,160.24,
2015-01-27,41,1,,79.0,160.24,
2015-01-28,41,1,,273.0,146.92,
2015-01-29,41,1,,151.0,146.92,
2015-01-30,41,1,,214.0,146.92,
2015-01-31,41,1,,141.0,146.92,
2015-02-01,41,1,,138.0,146.92,
2015-02-02,41,1,,91.0,146.92,
2015-02-03,41,1,,138.0,146.92,
2015-02-04,41,1,,167.0,146.92,
2015-02-05,41,1,,119.0,146.92,
2015-02-06,41,1,,129.0,146.92,
2015-02-07,41,1,,173.0,146.92,
2015-02-08,41,1,,192.0,146.92,
2015-02-09,41,1,,217.0,146.92,
2015-02-10,41,1,,157.0,146.92,
2015-02-11,41,1,,182.0,146.92,
2015-02-12,41,1,,69.0,146.92,
2015-02-13,41,1,,179.0,149.37,
2015-02-14,41,1,,129.0,149.37,
2015-02-15,41,1,,173.0,149.37,
2015-02-16,41,1,,154.0,149.37,
2015-02-17,41,1,1.0,349.0,149.37,143.8
2015-02-18,41,1,1.0,141.0,149.37,135.64
2015-02-19,41,1,1.0,522.0,149.37,135.64
2015-02-20,41,1,1.0,745.0,149.37,135.64
2015-02-21,41,1,1.0,675.0,149.37,135.64
2015-02-22,41,1,1.0,361.0,149.37,135.64
2015-02-23,41,1,1.0,264.0,149.37,135.64
2015-02-24,41,1,,97.0,149.37,
2015-02-25,41,1,,66.0,149.37,
2015-02-26,41,1,,57.0,149.37,
2015-02-27,41,1,,157.0,143.93,
2015-02-28,41,1,,289.0,143.93,
2015-03-01,41,1,,195.0,143.93,
2015-03-02,41,1,,811.0,143.93,
2015-03-03,41,1,1.0,333.0,143.93,138.36
2015-03-04,41,1,1.0,145.0,143.93,135.64
2015-03-05,41,1,1.0,163.0,138.5,135.64
2015-03-06,41,1,1.0,239.0,138.5,135.64
2015-03-07,41,1,1.0,129.0,138.5,135.64
2015-03-08,41,1,1.0,311.0,138.5,135.64
2015-03-09,41,1,,324.0,140.67,
2015-03-10,41,1,,204.0,140.67,
2015-03-11,41,1,,229.0,140.67,
2015-03-12,41,1,,302.0,140.67,
2015-03-13,41,1,,110.0,140.67,
2015-03-14,41,1,,145.0,140.67,
2015-03-15,41,1,,167.0,140.67,
2015-03-16,41,1,,132.0,140.67,
2015-03-17,41,1,1.0,1608.0,140.67,127.49
2015-03-18,41,1,1.0,2045.0,140.67,127.49
2015-03-19,41,1,1.0,515.0,140.67,127.49
2015-03-20,41,1,1.0,481.0,140.67,127.49
2015-03-21,41,1,1.0,427.0,140.67,127.49
2015-03-22,41,1,1.0,380.0,140.67,127.49
2015-03-23,41,1,1.0,185.0,140.67,127.49
2015-03-24,41,1,,94.0,140.67,
2015-03-25,41,1,,110.0,140.67,
2015-03-26,41,1,,333.0,131.97,
2015-03-27,41,1,,239.0,131.97,
2015-03-28,41,1,,383.0,131.97,
2015-03-29,41,1,,377.0,131.97,
2015-03-30,41,1,,148.0,131.97,
2015-03-31,41,1,,229.0,131.97,
2015-01-01,72,1,,9.0,163.78,
2015-01-02,72,1,,53.0,163.78,
2015-01-03,72,1,,38.0,163.78,
2015-01-04,72,1,,41.0,163.78,
2015-01-05,72,1,,104.0,163.78,
2015-01-06,72,1,,35.0,163.78,
2015-01-07,72,1,,53.0,163.78,
2015-01-08,72,1,,50.0,163.78,
2015-01-09,72,1,,116.0,163.78,
2015-01-10,72,1,,104.0,163.78,
2015-01-11,72,1,,116.0,163.78,
2015-01-12,72,1,,75.0,163.78,
2015-01-13,72,1,,116.0,163.78,
2015-01-14,72,1,,85.0,168.4,
2015-01-15,72,1,,69.0,168.4,
2015-01-16,72,1,,88.0,168.4,
2015-01-17,72,1,,79.0,168.4,
2015-01-18,72,1,,104.0,168.4,
2015-01-19,72,1,,119.0,168.4,
2015-01-20,72,1,,113.0,168.4,
2015-01-21,72,1,,97.0,168.4,
2015-01-22,72,1,,66.0,168.4,
2015-01-23,72,1,,88.0,160.24,
2015-01-24,72,1,,107.0,160.24,
2015-01-25,72,1,,88.0,160.24,
2015-01-26,72,1,,101.0,160.24,
2015-01-27,72,1,,104.0,160.24,
2015-01-28,72,1,,141.0,146.92,
2015-01-29,72,1,,138.0,146.92,
2015-01-30,72,1,,201.0,146.92,
2015-01-31,72,1,,97.0,146.92,
2015-02-01,72,1,,207.0,146.92,
2015-02-02,72,1,,79.0,146.92,
2015-02-03,72,1,,107.0,146.92,
2015-02-04,72,1,,129.0,146.92,
2015-02-05,72,1,,217.0,146.92,
2015-02-06,72,1,,170.0,146.92,
2015-02-07,72,1,,151.0,146.92,
2015-02-08,72,1,,138.0,146.92,
2015-02-09,72,1,,179.0,146.92,
2015-02-10,72,1,,192.0,146.92,
2015-02-11,72,1,,141.0,146.92,
2015-02-12,72,1,,104.0,146.92,
2015-02-13,72,1,,151.0,149.37,
2015-02-14,72,1,,182.0,149.37,
2015-02-15,72,1,,141.0,149.37,
2015-02-16,72,1,,132.0,149.37,
2015-02-17,72,1,1.0,289.0,149.37,143.8
2015-02-18,72,1,1.0,471.0,149.37,135.64
2015-02-19,72,1,1.0,726.0,149.37,135.64
2015-02-20,72,1,1.0,446.0,149.37,135.64
2015-02-21,72,1,1.0,487.0,149.37,135.64
2015-02-22,72,1,1.0,276.0,149.37,135.64
2015-02-23,72,1,1.0,188.0,149.37,135.64
2015-02-24,72,1,,176.0,149.37,
2015-02-25,72,1,,116.0,149.37,
2015-02-26,72,1,,214.0,149.37,
2015-02-27,72,1,,148.0,143.93,
2015-02-28,72,1,,217.0,143.93,
2015-03-01,72,1,,192.0,143.93,
2015-03-02,72,1,,236.0,143.93,
2015-03-03,72,1,1.0,289.0,143.93,138.36
2015-03-04,72,1,1.0,358.0,143.93,135.64
2015-03-05,72,1,1.0,336.0,138.5,135.64
2015-03-06,72,1,1.0,305.0,138.5,135.64
2015-03-07,72,1,1.0,405.0,138.5,135.64
2015-03-08,72,1,1.0,342.0,138.5,135.64
2015-03-09,72,1,,336.0,140.67,
2015-03-10,72,1,,239.0,140.67,
2015-03-11,72,1,,138.0,140.67,
2015-03-12,72,1,,185.0,140.67,
2015-03-13,72,1,,261.0,140.67,
2015-03-14,72,1,,173.0,140.67,
2015-03-15,72,1,,135.0,140.67,
2015-03-16,72,1,,207.0,140.67,
2015-03-17,72,1,1.0,1071.0,140.67,127.49
2015-03-18,72,1,1.0,760.0,140.67,127.49
2015-03-19,72,1,1.0,741.0,140.67,127.49
2015-03-20,72,1,1.0,823.0,140.67,127.49
2015-03-21,72,1,1.0,663.0,140.67,127.49
2015-03-22,72,1,1.0,679.0,140.67,127.49
2015-03-23,72,1,1.0,512.0,140.67,127.49
2015-03-24,72,1,,185.0,140.67,
2015-03-25,72,1,,126.0,140.67,
2015-03-26,72,1,,229.0,131.97,
2015-03-27,72,1,,286.0,131.97,
2015-03-28,72,1,,305.0,131.97,
2015-03-29,72,1,,261.0,131.97,
2015-03-30,72,1,,163.0,131.97,
