data_kaggle.csv
Date,Store_id,SKU_id,Promo,Demand,Regular_Price,Promo_Price
2015-01-01,73,1,,16.0,163.78,
2015-01-02,73,1,,141.0,163.78,
2015-01-03,73,1,,50.0,163.78,
2015-01-04,73,1,,53.0,163.78,
2015-01-05,73,1,,63.0,163.78,
2015-01-06,73,1,,107.0,163.78,
2015-01-07,73,1,,69.0,163.78,
2015-01-08,73,1,,104.0,163.78,
2015-01-09,73,1,,75.0,163.78,
2015-01-10,73,1,,69.0,163.78,
2015-01-11,73,1,,75.0,163.78,
2015-01-12,73,1,,75.0,163.78,
2015-01-13,73,1,,53.0,163.78,
2015-01-14,73,1,,60.0,168.4,
2015-01-15,73,1,,97.0,168.4,
2015-01-16,73,1,,63.0,168.4,
2015-01-17,73,1,,47.0,168.4,
2015-01-18,73,1,,50.0,168.4,
2015-01-19,73,1,,60.0,168.4,
2015-01-20,73,1,,75.0,168.4,
2015-01-21,73,1,,101.0,168.4,
2015-01-22,73,1,,75.0,168.4,
2015-01-23,73,1,,47.0,160.24,
2015-01-24,73,1,,41.0,160.24,
2015-01-25,73,1,,97.0,160.24,
2015-01-26,73,1,,79.0,160.24,
2015-01-27,73,1,,79.0,160.24,
2015-01-28,73,1,,138.0,146.92,
2015-01-29,73,1,,138.0,146.92,
2015-01-30,73,1,,94.0,146.92,
2015-01-31,73,1,,101.0,146.92,
2015-02-01,73,1,,63.0,146.92,
2015-02-02,73,1,,101.0,146.92,
2015-02-03,73,1,,50.0,146.92,
2015-02-04,73,1,,132.0,146.92,
2015-02-05,73,1,,123.0,146.92,
2015-02-06,73,1,,79.0,146.92,
2015-02-07,73,1,,57.0,146.92,
2015-02-08,73,1,,85.0,146.92,
2015-02-09,73,1,,107.0,146.92,
2015-02-10,73,1,,163.0,146.92,
2015-02-11,73,1,,167.0,146.92,
2015-02-12,73,1,,126.0,146.92,
2015-02-13,73,1,,151.0,149.37,
2015-02-14,73,1,,123.0,149.37,
2015-02-15,73,1,,69.0,149.37,
2015-02-16,73,1,,101.0,149.37,
2015-02-17,73,1,1.0,132.0,149.37,143.8
2015-02-18,73,1,1.0,167.0,149.37,135.64
2015-02-19,73,1,1.0,333.0,149.37,135.64
2015-02-20,73,1,1.0,368.0,149.37,135.64
2015-02-21,73,1,1.0,170.0,149.37,135.64
2015-02-22,73,1,1.0,267.0,149.37,135.64
2015-02-23,73,1,1.0,236.0,149.37,135.64
2015-02-24,73,1,,104.0,149.37,
2015-02-25,73,1,,79.0,149.37,
2015-02-26,73,1,,113.0,149.37,
2015-02-27,73,1,,113.0,143.93,
2015-02-28,73,1,,239.0,143.93,
2015-03-01,73,1,,185.0,143.93,
2015-03-02,73,1,,201.0,143.93,
2015-03-03,73,1,1.0,280.0,143.93,138.36
2015-03-04,73,1,1.0,163.0,143.93,135.64
2015-03-05,73,1,1.0,239.0,138.5,135.64
2015-03-06,73,1,1.0,160.0,138.5,135.64
2015-03-07,73,1,1.0,91.0,138.5,135.64
2015-03-08,73,1,1.0,135.0,138.5,135.64
2015-03-09,73,1,,97.0,140.67,
2015-03-10,73,1,,94.0,140.67,
2015-03-11,73,1,,101.0,140.67,
2015-03-12,73,1,,126.0,140.67,
2015-03-13,73,1,,220.0,140.67,
2015-03-14,73,1,,97.0,140.67,
2015-03-15,73,1,,126.0,140.67,
2015-03-16,73,1,,132.0,140.67,
2015-03-17,73,1,1.0,254.0,140.67,127.49
2015-03-18,73,1,1.0,487.0,140.67,127.49
2015-03-19,73,1,1.0,606.0,140.67,127.49
2015-03-20,73,1,1.0,437.0,140.67,127.49
2015-03-21,73,1,1.0,531.0,140.67,127.49
2015-03-22,73,1,1.0,198.0,140.67,127.49
2015-03-23,73,1,1.0,396.0,140.67,127.49
2015-03-24,73,1,,185.0,140.67,
2015-03-25,73,1,,88.0,140.67,
2015-03-26,73,1,,116.0,131.97,
2015-03-27,73,1,,198.0,131.97,
2015-03-28,73,1,,113.0,131.97,
2015-03-29,73,1,,214.0,131.97,
2015-03-30,73,1,,148.0,131.97,
2015-01-01,40,1,,35.0,163.78,
2015-01-02,40,1,,44.0,163.78,
2015-01-03,40,1,,41.0,163.78,
2015-01-04,40,1,,60.0,163.78,
2015-01-05,40,1,,88.0,163.78,
2015-01-06,40,1,,232.0,163.78,
2015-01-07,40,1,,57.0,163.78,
2015-01-08,40,1,,110.0,163.78,
2015-01-09,40,1,,132.0,163.78,
2015-01-10,40,1,,97.0,163.78,
2015-01-11,40,1,,119.0,163.78,
2015-01-12,40,1,,214.0,163.78,
2015-01-13,40,1,,154.0,163.78,
2015-01-14,40,1,,157.0,168.4,
2015-01-15,40,1,,182.0,168.4,
2015-01-16,40,1,,248.0,168.4,
2015-01-17,40,1,,141.0,168.4,
2015-01-18,40,1,,132.0,168.4,
2015-01-19,40,1,,151.0,168.4,
2015-01-20,40,1,,148.0,168.4,
2015-01-21,40,1,,148.0,168.4,
2015-01-22,40,1,,101.0,168.4,
2015-01-23,40,1,,119.0,160.24,
2015-01-24,40,1,,185.0,160.24,
2015-01-25,40,1,,157.0,160.24,
2015-01-26,40,1,,110.0,160.24,
2015-01-27,40,1,,188.0,160.24,
2015-01-28,40,1,,320.0,146.92,
2015-01-29,40,1,,308.0,146.92,
2015-01-30,40,1,,324.0,146.92,
2015-01-31,40,1,,232.0,146.92,
2015-02-01,40,1,,145.0,146.92,
2015-02-02,40,1,,248.0,146.92,
2015-02-03,40,1,,276.0,146.92,
2015-02-04,40,1,,295.0,146.92,
2015-02-05,40,1,,276.0,146.92,
2015-02-06,40,1,,408.0,146.92,
2015-02-07,40,1,,314.0,146.92,
2015-02-08,40,1,,317.0,146.92,
2015-02-09,40,1,,276.0,146.92,
2015-02-10,40,1,,295.0,146.92,
2015-02-11,40,1,,421.0,146.92,
2015-02-12,40,1,,390.0,146.92,
2015-02-13,40,1,,597.0,149.37,
2015-02-14,40,1,,289.0,149.37,
2015-02-15,40,1,,261.0,149.37,
2015-02-16,40,1,,330.0,149.37,
2015-02-17,40,1,1.0,490.0,149.37,143.8
2015-02-18,40,1,1.0,792.0,149.37,135.64
2015-02-19,40,1,1.0,968.0,149.37,135.64
2015-02-20,40,1,1.0,1213.0,149.37,135.64
2015-02-21,40,1,1.0,1247.0,149.37,135.64
2015-02-22,40,1,1.0,726.0,149.37,135.64
2015-02-23,40,1,1.0,741.0,149.37,135.64
2015-02-24,40,1,,226.0,149.37,
2015-02-25,40,1,,204.0,149.37,
2015-02-26,40,1,,132.0,149.37,
2015-02-27,40,1,,302.0,143.93,
2015-02-28,40,1,,547.0,143.93,
2015-03-01,40,1,,547.0,143.93,
2015-03-02,40,1,,295.0,143.93,
2015-03-03,40,1,1.0,547.0,143.93,138.36
2015-03-04,40,1,1.0,556.0,143.93,135.64
2015-03-05,40,1,1.0,572.0,138.5,135.64
2015-03-06,40,1,1.0,842.0,138.5,135.64
2015-03-07,40,1,1.0,741.0,138.5,135.64
2015-03-08,40,1,1.0,679.0,138.5,135.64
2015-03-09,40,1,,383.0,140.67,
2015-03-10,40,1,,342.0,140.67,
2015-03-11,40,1,,339.0,140.67,
2015-03-12,40,1,,412.0,140.67,
2015-03-13,40,1,,512.0,140.67,
2015-03-14,40,1,,478.0,140.67,
2015-03-15,40,1,,462.0,140.67,
2015-03-16,40,1,,336.0,140.67,
2015-03-17,40,1,1.0,2783.0,140.67,127.49
2015-03-18,40,1,1.0,3277.0,140.67,127.49
2015-03-19,40,1,1.0,1854.0,140.67,127.49
2015-03-20,40,1,1.0,1841.0,140.67,127.49
2015-03-21,40,1,1.0,1863.0,140.67,127.49
2015-03-22,40,1,1.0,920.0,140.67,127.49
2015-03-23,40,1,1.0,141.0,140.67,127.49
2015-03-24,40,1,,185.0,140.67,
2015-03-25,40,1,,386.0,140.67,
2015-03-26,40,1,,578.0,131.97,
2015-03-27,40,1,,559.0,131.97,
2015-03-28,40,1,,449.0,131.97,
2015-03-29,40,1,,424.0,131.97,
2015-03-30,40,1,,396.0,131.97,
2015-01-01,42,1,,9.0,163.78,
2015-01-02,42,1,,28.0,163.78,
2015-01-03,42,1,,66.0,163.78,
2015-01-04,42,1,,53.0,163.78,
2015-01-05,42,1,,50.0,163.78,
2015-01-06,42,1,,28.0,163.78,
2015-01-07,42,1,,63.0,163.78,
2015-01-08,42,1,,85.0,163.78,
2015-01-09,42,1,,50.0,163.78,
2015-01-10,42,1,,97.0,163.78,
2015-01-11,42,1,,85.0,163.78,
2015-01-12,42,1,,60.0,163.78,
2015-01-13,42,1,,69.0,163.78,
2015-01-14,42,1,,97.0,168.4,
2015-01-15,42,1,,85.0,168.4,
2015-01-16,42,1,,72.0,168.4,
2015-01-17,42,1,,129.0,168.4,
2015-01-18,42,1,,60.0,168.4,
2015-01-19,42,1,,57.0,168.4,
2015-01-20,42,1,,107.0,168.4,
2015-01-21,42,1,,53.0,168.4,
2015-01-22,42,1,,119.0,168.4,
2015-01-23,42,1,,104.0,160.24,
2015-01-24,42,1,,229.0,160.24,
2015-01-25,42,1,,129.0,160.24,
2015-01-26,42,1,,88.0,160.24,
2015-01-27,42,1,,79.0,160.24,
2015-01-28,42,1,,135.0,146.92,
2015-01-29,42,1,,198.0,146.92,
2015-01-30,42,1,,126.0,146.92,
2015-01-31,42,1,,258.0,146.92,
2015-02-01,42,1,,421.0,146.92,
2015-02-02,42,1,,217.0,146.92,
2015-02-03,42,1,,198.0,146.92,
2015-02-04,42,1,,292.0,146.92,
2015-02-05,42,1,,465.0,146.92,
2015-02-06,42,1,,408.0,146.92,
2015-02-07,42,1,,503.0,146.92,
2015-02-08,42,1,,776.0,146.92,
2015-02-09,42,1,,412.0,146.92,
2015-02-10,42,1,,421.0,146.92,
2015-02-11,42,1,,182.0,146.92,
2015-02-12,42,1,,283.0,146.92,
2015-02-13,42,1,,625.0,149.37,
2015-02-14,42,1,,622.0,149.37,
2015-02-15,42,1,,355.0,149.37,
2015-02-16,42,1,,248.0,149.37,
2015-02-17,42,1,1.0,845.0,149.37,143.8
2015-02-18,42,1,1.0,672.0,149.37,135.64
2015-02-19,42,1,1.0,666.0,149.37,135.64
2015-02-20,42,1,1.0,1282.0,149.37,135.64
2015-02-21,42,1,1.0,1483.0,149.37,135.64
2015-02-22,42,1,1.0,908.0,149.37,135.64
2015-02-23,42,1,1.0,757.0,149.37,135.64
2015-02-24,42,1,,273.0,149.37,
2015-02-25,42,1,,352.0,149.37,
2015-02-26,42,1,,289.0,149.37,
2015-02-27,42,1,,456.0,143.93,
2015-02-28,42,1,,776.0,143.93,
2015-03-01,42,1,,1084.0,143.93,
2015-03-02,42,1,,330.0,143.93,
2015-03-03,42,1,1.0,713.0,143.93,138.36
2015-03-04,42,1,1.0,792.0,143.93,135.64
2015-03-05,42,1,1.0,996.0,138.5,135.64
2015-03-06,42,1,1.0,1357.0,138.5,135.64
2015-03-07,42,1,1.0,933.0,138.5,135.64
2015-03-08,42,1,1.0,424.0,138.5,135.64
2015-03-09,42,1,,223.0,140.67,
2015-03-10,42,1,,355.0,140.67,
2015-03-11,42,1,,484.0,140.67,
2015-03-12,42,1,,236.0,140.67,
2015-03-13,42,1,,361.0,140.67,
2015-03-14,42,1,,437.0,140.67,
2015-03-15,42,1,,446.0,140.67,
2015-03-16,42,1,,236.0,140.67,
2015-03-17,42,1,1.0,1794.0,140.67,127.49
2015-03-18,42,1,1.0,1216.0,140.67,127.49
2015-03-19,42,1,1.0,1671.0,140.67,127.49
2015-03-20,42,1,1.0,1599.0,140.67,127.49
2015-03-21,42,1,1.0,1360.0,140.67,127.49
2015-03-22,42,1,1.0,1659.0,140.67,127.49
2015-03-23,42,1,1.0,1049.0,140.67,127.49
2015-03-24,42,1,,204.0,140.67,
2015-03-25,42,1,,192.0,140.67,
2015-03-26,42,1,,456.0,131.97,
2015-03-27,42,1,,842.0,131.97,
2015-03-28,42,1,,968.0,131.97,
2015-03-29,42,1,,635.0,131.97,
2015-03-30,42,1,,239.0,131.97,
2015-03-31,42,1,,459.0,131.97,
2015-01-01,39,1,,6.0,163.78,
2015-01-02,39,1,,85.0,163.78,
2015-01-03,39,1,,119.0,163.78,
2015-01-04,39,1,,75.0,163.78,
2015-01-05,39,1,,119.0,163.78,
2015-01-06,39,1,,85.0,163.78,
2015-01-07,39,1,,44.0,163.78,
2015-01-08,39,1,,88.0,163.78,
2015-01-09,39,1,,104.0,163.78,
2015-01-10,39,1,,176.0,163.78,
2015-01-11,39,1,,66.0,163.78,
2015-01-12,39,1,,88.0,163.78,
2015-01-13,39,1,,82.0,163.78,
2015-01-14,39,1,,110.0,168.4,
2015-01-15,39,1,,176.0,168.4,
2015-01-16,39,1,,148.0,168.4,
2015-01-17,39,1,,170.0,168.4,
2015-01-18,39,1,,138.0,168.4,
2015-01-19,39,1,,88.0,168.4,
2015-01-20,39,1,,204.0,168.4,
2015-01-21,39,1,,97.0,168.4,
2015-01-22,39,1,,75.0,168.4,
2015-01-23,39,1,,79.0,160.24,
2015-01-24,39,1,,160.0,160.24,
2015-01-25,39,1,,94.0,160.24,
2015-01-26,39,1,,157.0,160.24,
2015-01-27,39,1,,154.0,160.24,
2015-01-28,39,1,,217.0,146.92,
2015-01-29,39,1,,380.0,146.92,
2015-01-30,39,1,,207.0,146.92,
2015-01-31,39,1,,248.0,146.92,
2015-02-01,39,1,,113.0,146.92,
2015-02-02,39,1,,195.0,146.92,
2015-02-03,39,1,,305.0,146.92,
2015-02-04,39,1,,317.0,146.92,
2015-02-05,39,1,,176.0,146.92,
2015-02-06,39,1,,182.0,146.92,
2015-02-07,39,1,,188.0,146.92,
2015-02-08,39,1,,270.0,146.92,
2015-02-09,39,1,,280.0,146.92,
2015-02-10,39,1,,176.0,146.92,
2015-02-11,39,1,,198.0,146.92,
2015-02-12,39,1,,226.0,146.92,
2015-02-13,39,1,,437.0,149.37,
2015-02-14,39,1,,383.0,149.37,
2015-02-15,39,1,,261.0,149.37,
2015-02-16,39,1,,270.0,149.37,
2015-02-17,39,1,1.0,556.0,149.37,143.8
2015-02-18,39,1,1.0,952.0,149.37,135.64
2015-02-19,39,1,1.0,2253.0,149.37,135.64
2015-02-20,39,1,1.0,1963.0,149.37,135.64
2015-02-21,39,1,1.0,1451.0,149.37,135.64
2015-02-22,39,1,1.0,902.0,149.37,135.64
2015-02-23,39,1,1.0,719.0,149.37,135.64
2015-02-24,39,1,,154.0,149.37,
2015-02-25,39,1,,154.0,149.37,
2015-02-26,39,1,,314.0,149.37,
2015-02-27,39,1,,280.0,143.93,
2015-02-28,39,1,,280.0,143.93,
2015-03-01,39,1,,631.0,143.93,
2015-03-02,39,1,,361.0,143.93,
2015-03-03,39,1,1.0,748.0,143.93,138.36
2015-03-04,39,1,1.0,346.0,143.93,135.64
2015-03-05,39,1,1.0,672.0,138.5,135.64
2015-03-06,39,1,1.0,490.0,138.5,135.64
2015-03-07,39,1,1.0,311.0,138.5,135.64
2015-03-08,39,1,1.0,873.0,138.5,135.64
2015-03-09,39,1,,85.0,140.67,
2015-03-10,39,1,,192.0,140.67,
2015-03-11,39,1,,116.0,140.67,
2015-03-12,39,1,,226.0,140.67,
2015-03-13,39,1,,311.0,140.67,
2015-03-14,39,1,,258.0,140.67,
2015-03-15,39,1,,220.0,140.67,
2015-03-16,39,1,,132.0,140.67,
2015-03-17,39,1,1.0,3654.0,140.67,127.49
2015-03-18,39,1,1.0,2391.0,140.67,127.49
2015-03-19,39,1,1.0,1731.0,140.67,127.49
2015-03-20,39,1,1.0,1395.0,140.67,127.49
2015-03-21,39,1,1.0,723.0,140.67,127.49
2015-03-22,39,1,1.0,688.0,140.67,127.49
2015-03-23,39,1,1.0,732.0,140.67,127.49
2015-03-24,39,1,,210.0,140.67,
2015-03-25,39,1,,157.0,140.67,
2015-03-26,39,1,,305.0,131.97,
2015-03-27,39,1,,408.0,131.97,
2015-03-28,39,1,,283.0,131.97,
2015-03-29,39,1,,242.0,131.97,
2015-03-30,39,1,,154.0,131.97,
2015-03-31,39,1,,258.0,131.97,
2015-01-01,45,1,,19.0,171.93,
2015-01-02,45,1,,57.0,171.93,
2015-01-03,45,1,,107.0,171.93,
2015-01-04,45,1,,75.0,171.93,
2015-01-05,45,1,,57.0,171.93,
2015-01-06,45,1,,91.0,171.93,
2015-01-07,45,1,,28.0,171.93,
2015-01-08,45,1,,91.0,171.93,
2015-01-09,45,1,,82.0,171.93,
2015-01-10,45,1,,204.0,171.93,
2015-01-11,45,1,,66.0,171.93,
2015-01-12,45,1,,97.0,171.93,
2015-01-13,45,1,,41.0,171.93,
2015-01-14,45,1,,101.0,176.82,
2015-01-15,45,1,,57.0,176.82,
2015-01-16,45,1,,85.0,176.82,
2015-01-17,45,1,,148.0,176.82,
2015-01-18,45,1,,97.0,176.82,
2015-01-19,45,1,,75.0,176.82,
2015-01-20,45,1,,44.0,176.82,
2015-01-21,45,1,,66.0,176.82,
2015-01-22,45,1,,66.0,176.82,
2015-01-23,45,1,,91.0,168.4,
2015-01-24,45,1,,88.0,168.4,
2015-01-25,45,1,,151.0,168.4,
2015-01-26,45,1,,79.0,168.4,
2015-01-27,45,1,,85.0,168.4,
2015-01-28,45,1,,163.0,154.26,
2015-01-29,45,1,,145.0,154.26,
2015-01-30,45,1,,192.0,154.26,
2015-01-31,45,1,,182.0,154.26,
2015-02-01,45,1,,226.0,154.26,
2015-02-02,45,1,,85.0,154.26,
2015-02-03,45,1,,154.0,154.26,
2015-02-04,45,1,,248.0,154.26,
2015-02-05,45,1,,292.0,154.26,
2015-02-06,45,1,,251.0,154.26,
2015-02-07,45,1,,182.0,154.26,
2015-02-08,45,1,,232.0,154.26,
2015-02-09,45,1,,214.0,154.26,
2015-02-10,45,1,,239.0,154.26,
2015-02-11,45,1,,185.0,154.26,
2015-02-12,45,1,,182.0,154.26,
2015-02-13,45,1,,126.0,156.98,
2015-02-14,45,1,,349.0,156.98,
2015-02-15,45,1,,182.0,156.98,
2015-02-16,45,1,,126.0,156.98,
2015-02-17,45,1,1.0,635.0,156.98,143.8
2015-02-18,45,1,1.0,446.0,156.98,135.64
2015-02-19,45,1,1.0,826.0,156.98,135.64
2015-02-20,45,1,1.0,842.0,156.98,135.64
2015-02-21,45,1,1.0,858.0,156.98,135.64
2015-02-22,45,1,1.0,462.0,156.98,135.64
2015-02-23,45,1,1.0,496.0,156.98,135.64
2015-02-24,45,1,,94.0,156.98,
2015-02-25,45,1,,245.0,156.98,
2015-02-26,45,1,,170.0,156.98,
2015-02-27,45,1,,176.0,151.27,
2015-02-28,45,1,,437.0,151.27,
2015-03-01,45,1,,412.0,151.27,
2015-03-02,45,1,,462.0,151.27,
2015-03-03,45,1,1.0,346.0,151.27,138.36
2015-03-04,45,1,1.0,506.0,151.27,135.64
2015-03-05,45,1,1.0,424.0,145.56,135.64
2015-03-06,45,1,1.0,942.0,145.56,135.64
2015-03-07,45,1,1.0,537.0,145.56,135.64
2015-03-08,45,1,1.0,412.0,145.56,135.64
2015-03-09,45,1,,182.0,147.74,
2015-03-10,45,1,,179.0,147.74,
2015-03-11,45,1,,151.0,147.74,
2015-03-12,45,1,,148.0,147.74,
2015-03-13,45,1,,176.0,147.74,
2015-03-14,45,1,,254.0,147.74,
2015-03-15,45,1,,163.0,147.74,
2015-03-16,45,1,,119.0,147.74,
2015-03-17,45,1,1.0,1489.0,147.74,127.49
2015-03-18,45,1,1.0,1599.0,147.74,127.49
2015-03-19,45,1,1.0,1188.0,147.74,127.49
2015-03-20,45,1,1.0,870.0,147.74,127.49
2015-03-21,45,1,1.0,1159.0,147.74,127.49
2015-03-22,45,1,1.0,484.0,147.74,127.49
2015-03-23,45,1,1.0,663.0,147.74,127.49
2015-03-24,45,1,,176.0,147.74,
2015-03-25,45,1,,110.0,147.74,
2015-03-26,45,1,,245.0,131.97,
2015-03-27,45,1,,286.0,131.97,
2015-03-28,45,1,,346.0,131.97,
2015-03-29,45,1,,440.0,131.97,
2015-03-30,45,1,,229.0,131.97,
2015-03-31,45,1,,355.0,131.97,
2015-01-01,61,1,,6.0,163.78,
2015-01-02,61,1,,25.0,163.78,
2015-01-03,61,1,,31.0,163.78,
2015-01-04,61,1,,28.0,163.78,
2015-01-05,61,1,,47.0,163.78,
2015-01-06,61,1,,53.0,163.78,
2015-01-07,61,1,,41.0,163.78,
2015-01-08,61,1,,66.0,163.78,
2015-01-09,61,1,,47.0,163.78,
2015-01-10,61,1,,63.0,163.78,
2015-01-11,61,1,,57.0,163.78,
2015-01-12,61,1,,57.0,163.78,
2015-01-13,61,1,,72.0,163.78,
2015-01-14,61,1,,35.0,168.4,
2015-01-15,61,1,,41.0,168.4,
2015-01-16,61,1,,57.0,168.4,
2015-01-17,61,1,,82.0,168.4,
2015-01-18,61,1,,57.0,168.4,
2015-01-19,61,1,,50.0,168.4,
2015-01-20,61,1,,69.0,168.4,
2015-01-21,61,1,,66.0,168.4,
2015-01-22,61,1,,44.0,168.4,
2015-01-23,61,1,,38.0,160.24,
2015-01-24,61,1,,60.0,160.24,
2015-01-25,61,1,,60.0,160.24,
2015-01-26,61,1,,110.0,160.24,
2015-01-27,61,1,,101.0,160.24,
2015-01-28,61,1,,94.0,146.92,
2015-01-29,61,1,,110.0,146.92,
2015-01-30,61,1,,97.0,146.92,
2015-01-31,61,1,,57.0,146.92,
2015-02-01,61,1,,116.0,146.92,
2015-02-02,61,1,,116.0,146.92,
2015-02-03,61,1,,85.0,146.92,
2015-02-04,61,1,,72.0,146.92,
2015-02-05,61,1,,94.0,146.92,
2015-02-06,61,1,,85.0,146.92,
2015-02-07,61,1,,157.0,146.92,
2015-02-08,61,1,,119.0,146.92,
2015-02-09,61,1,,63.0,146.92,
2015-02-10,61,1,,129.0,146.92,
2015-02-11,61,1,,123.0,146.92,
2015-02-12,61,1,,141.0,146.92,
2015-02-13,61,1,,91.0,149.37,
2015-02-14,61,1,,104.0,149.37,
2015-02-15,61,1,,63.0,149.37,
2015-02-16,61,1,,85.0,149.37,
2015-02-17,61,1,1.0,176.0,149.37,143.8
2015-02-18,61,1,1.0,226.0,149.37,135.64
2015-02-19,61,1,1.0,421.0,149.37,135.64
2015-02-20,61,1,1.0,531.0,149.37,135.64
2015-02-21,61,1,1.0,396.0,149.37,135.64
2015-02-22,61,1,1.0,267.0,149.37,135.64
2015-02-23,61,1,1.0,399.0,149.37,135.64
2015-02-24,61,1,,107.0,149.37,
2015-02-25,61,1,,72.0,149.37,
2015-02-26,61,1,,91.0,149.37,
2015-02-27,61,1,,135.0,143.93,
2015-02-28,61,1,,261.0,143.93,
2015-03-01,61,1,,179.0,143.93,
2015-03-02,61,1,,248.0,143.93,
2015-03-03,61,1,1.0,377.0,143.93,138.36
2015-03-04,61,1,1.0,261.0,143.93,135.64
2015-03-05,61,1,1.0,223.0,138.5,135.64
2015-03-06,61,1,1.0,276.0,138.5,135.64
2015-03-07,61,1,1.0,302.0,138.5,135.64
2015-03-08,61,1,1.0,116.0,138.5,135.64
2015-03-09,61,1,,104.0,140.67,
2015-03-10,61,1,,145.0,140.67,
2015-03-11,61,1,,141.0,140.67,
2015-03-12,61,1,,104.0,140.67,
2015-03-13,61,1,,148.0,140.67,
2015-03-14,61,1,,160.0,140.67,
2015-03-15,61,1,,94.0,140.67,
2015-03-16,61,1,,151.0,140.67,
2015-03-17,61,1,1.0,1700.0,140.67,127.49
2015-03-18,61,1,1.0,1552.0,140.67,127.49
2015-03-19,61,1,1.0,1056.0,140.67,127.49
2015-03-20,61,1,1.0,719.0,140.67,127.49
2015-03-21,61,1,1.0,236.0,140.67,127.49
2015-03-22,61,1,1.0,534.0,140.67,127.49
2015-03-23,61,1,1.0,515.0,140.67,127.49
2015-03-24,61,1,,47.0,140.67,
2015-03-25,61,1,,104.0,140.67,
2015-03-26,61,1,,148.0,131.97,
2015-03-27,61,1,,170.0,131.97,
2015-03-28,61,1,,107.0,131.97,
2015-03-29,61,1,,145.0,131.97,
2015-03-30,61,1,,110.0,131.97,
