data_kaggle.csv
Date,Store_id,SKU_id,Promo,Demand,Regular_Price,Promo_Price
2015-01-01,52,1,,9.0,171.93,
2015-01-02,52,1,,19.0,171.93,
2015-01-03,52,1,,60.0,171.93,
2015-01-04,52,1,,35.0,171.93,
2015-01-05,52,1,,72.0,171.93,
2015-01-06,52,1,,50.0,171.93,
2015-01-07,52,1,,25.0,171.93,
2015-01-08,52,1,,38.0,171.93,
2015-01-09,52,1,,75.0,171.93,
2015-01-10,52,1,,69.0,171.93,
2015-01-11,52,1,,129.0,171.93,
2015-01-12,52,1,,116.0,171.93,
2015-01-13,52,1,,91.0,171.93,
2015-01-14,52,1,,104.0,176.82,
2015-01-15,52,1,,101.0,176.82,
2015-01-16,52,1,,123.0,176.82,
2015-01-17,52,1,,35.0,176.82,
2015-01-18,52,1,,63.0,176.82,
2015-01-19,52,1,,50.0,176.82,
2015-01-20,52,1,,104.0,176.82,
2015-01-21,52,1,,41.0,176.82,
2015-01-22,52,1,,57.0,176.82,
2015-01-23,52,1,,60.0,168.4,
2015-01-24,52,1,,72.0,168.4,
2015-01-25,52,1,,72.0,168.4,
2015-01-26,52,1,,35.0,168.4,
2015-01-27,52,1,,38.0,168.4,
2015-01-28,52,1,,104.0,154.26,
2015-01-29,52,1,,85.0,154.26,
2015-01-30,52,1,,116.0,154.26,
2015-01-31,52,1,,141.0,154.26,
2015-02-01,52,1,,145.0,154.26,
2015-02-02,52,1,,91.0,154.26,
2015-02-03,52,1,,91.0,154.26,
2015-02-04,52,1,,138.0,154.26,
2015-02-05,52,1,,145.0,154.26,
2015-02-06,52,1,,116.0,154.26,
2015-02-07,52,1,,173.0,154.26,
2015-02-08,52,1,,289.0,154.26,
2015-02-09,52,1,,110.0,154.26,
2015-02-10,52,1,,148.0,154.26,
2015-02-11,52,1,,113.0,154.26,
2015-02-12,52,1,,79.0,154.26,
2015-02-13,52,1,,123.0,156.98,
2015-02-14,52,1,,113.0,156.98,
2015-02-15,52,1,,60.0,156.98,
2015-02-16,52,1,,104.0,156.98,
2015-02-17,52,1,1.0,704.0,156.98,143.8
2015-02-18,52,1,1.0,408.0,156.98,135.64
2015-02-19,52,1,1.0,537.0,156.98,135.64
2015-02-20,52,1,1.0,522.0,156.98,135.64
2015-02-21,52,1,1.0,415.0,156.98,135.64
2015-02-22,52,1,1.0,405.0,156.98,135.64
2015-02-23,52,1,1.0,289.0,156.98,135.64
2015-02-24,52,1,,85.0,156.98,
2015-02-25,52,1,,72.0,156.98,
2015-02-26,52,1,,53.0,156.98,
2015-02-27,52,1,,94.0,151.27,
2015-02-28,52,1,,220.0,151.27,
2015-03-01,52,1,,254.0,151.27,
2015-03-02,52,1,,273.0,151.27,
2015-03-03,52,1,1.0,292.0,151.27,138.36
2015-03-04,52,1,1.0,443.0,151.27,135.64
2015-03-05,52,1,1.0,679.0,145.56,135.64
2015-03-06,52,1,1.0,663.0,145.56,135.64
2015-03-07,52,1,1.0,540.0,145.56,135.64
2015-03-08,52,1,1.0,261.0,145.56,135.64
2015-03-09,52,1,,135.0,147.74,
2015-03-10,52,1,,66.0,147.74,
2015-03-11,52,1,,47.0,147.74,
2015-03-12,52,1,,66.0,147.74,
2015-03-13,52,1,,226.0,147.74,
2015-03-14,52,1,,132.0,147.74,
2015-03-15,52,1,,119.0,147.74,
2015-03-16,52,1,,160.0,147.74,
2015-03-17,52,1,1.0,2231.0,147.74,127.49
2015-03-18,52,1,1.0,1134.0,147.74,127.49
2015-03-19,52,1,1.0,1222.0,147.74,127.49
2015-03-20,52,1,1.0,481.0,147.74,127.49
2015-03-21,52,1,1.0,311.0,147.74,127.49
2015-03-22,52,1,1.0,239.0,147.74,127.49
2015-03-23,52,1,1.0,628.0,147.74,127.49
2015-03-24,52,1,,72.0,147.74,
2015-03-25,52,1,,167.0,147.74,
2015-03-26,52,1,,283.0,131.97,
2015-03-27,52,1,,327.0,131.97,
2015-03-28,52,1,,292.0,131.97,
2015-03-29,52,1,,295.0,131.97,
2015-03-30,52,1,,104.0,131.97,
2015-03-31,52,1,,270.0,131.97,
2015-01-01,50,1,,9.0,163.78,
2015-01-02,50,1,,13.0,163.78,
2015-01-03,50,1,,19.0,163.78,
2015-01-04,50,1,,72.0,163.78,
2015-01-05,50,1,,16.0,163.78,
2015-01-06,50,1,,38.0,163.78,
2015-01-07,50,1,,25.0,163.78,
2015-01-08,50,1,,25.0,163.78,
2015-01-09,50,1,,104.0,163.78,
2015-01-10,50,1,,47.0,163.78,
2015-01-11,50,1,,72.0,163.78,
2015-01-12,50,1,,72.0,163.78,
2015-01-13,50,1,,25.0,163.78,
2015-01-14,50,1,,88.0,168.4,
2015-01-15,50,1,,66.0,168.4,
2015-01-16,50,1,,31.0,168.4,
2015-01-17,50,1,,25.0,168.4,
2015-01-18,50,1,,25.0,168.4,
2015-01-19,50,1,,50.0,168.4,
2015-01-20,50,1,,25.0,168.4,
2015-01-21,50,1,,47.0,168.4,
2015-01-22,50,1,,94.0,168.4,
2015-01-23,50,1,,47.0,160.24,
2015-01-24,50,1,,41.0,160.24,
2015-01-25,50,1,,141.0,160.24,
2015-01-26,50,1,,41.0,160.24,
2015-01-27,50,1,,35.0,160.24,
2015-01-28,50,1,,41.0,146.92,
2015-01-29,50,1,,88.0,146.92,
2015-01-30,50,1,,60.0,146.92,
2015-01-31,50,1,,47.0,146.92,
2015-02-01,50,1,,72.0,146.92,
2015-02-02,50,1,,35.0,146.92,
2015-02-03,50,1,,72.0,146.92,
2015-02-04,50,1,,113.0,146.92,
2015-02-05,50,1,,53.0,146.92,
2015-02-06,50,1,,85.0,146.92,
2015-02-07,50,1,,94.0,146.92,
2015-02-08,50,1,,66.0,146.92,
2015-02-09,50,1,,35.0,146.92,
2015-02-10,50,1,,50.0,146.92,
2015-02-11,50,1,,79.0,146.92,
2015-02-12,50,1,,85.0,146.92,
2015-02-13,50,1,,63.0,149.37,
2015-02-14,50,1,,129.0,149.37,
2015-02-15,50,1,,85.0,149.37,
2015-02-16,50,1,,50.0,149.37,
2015-02-17,50,1,1.0,104.0,149.37,143.8
2015-02-18,50,1,1.0,141.0,149.37,135.64
2015-02-19,50,1,1.0,396.0,149.37,135.64
2015-02-20,50,1,1.0,443.0,149.37,135.64
2015-02-21,50,1,1.0,386.0,149.37,135.64
2015-02-22,50,1,1.0,170.0,149.37,135.64
2015-02-23,50,1,1.0,157.0,149.37,135.64
2015-02-24,50,1,,123.0,149.37,
2015-02-25,50,1,,38.0,149.37,
2015-02-26,50,1,,22.0,149.37,
2015-02-27,50,1,,107.0,143.93,
2015-02-28,50,1,,69.0,143.93,
2015-03-01,50,1,,132.0,143.93,
2015-03-02,50,1,,79.0,143.93,
2015-03-03,50,1,1.0,63.0,143.93,138.36
2015-03-04,50,1,1.0,129.0,143.93,135.64
2015-03-05,50,1,1.0,210.0,138.5,135.64
2015-03-06,50,1,1.0,236.0,138.5,135.64
2015-03-07,50,1,1.0,254.0,138.5,135.64
2015-03-08,50,1,1.0,82.0,138.5,135.64
2015-03-09,50,1,,94.0,140.67,
2015-03-10,50,1,,63.0,140.67,
2015-03-11,50,1,,50.0,140.67,
2015-03-12,50,1,,116.0,140.67,
2015-03-13,50,1,,113.0,140.67,
2015-03-14,50,1,,63.0,140.67,
2015-03-15,50,1,,72.0,140.67,
2015-03-16,50,1,,116.0,140.67,
2015-03-17,50,1,1.0,675.0,140.67,127.49
2015-03-18,50,1,1.0,980.0,140.67,127.49
2015-03-19,50,1,1.0,829.0,140.67,127.49
2015-03-20,50,1,1.0,333.0,140.67,127.49
2015-03-21,50,1,1.0,660.0,140.67,127.49
2015-03-22,50,1,1.0,138.0,140.67,127.49
2015-03-23,50,1,1.0,69.0,140.67,127.49
2015-03-24,50,1,,53.0,140.67,
2015-03-25,50,1,,44.0,140.67,
2015-03-26,50,1,,82.0,131.97,
2015-03-27,50,1,,116.0,131.97,
2015-03-28,50,1,,132.0,131.97,
2015-03-29,50,1,,107.0,131.97,
2015-03-30,50,1,,35.0,131.97,
2015-01-01,53,1,,3.0,163.78,
2015-01-02,53,1,,53.0,163.78,
2015-01-03,53,1,,41.0,163.78,
2015-01-04,53,1,,28.0,163.78,
2015-01-05,53,1,,97.0,163.78,
2015-01-06,53,1,,75.0,163.78,
2015-01-07,53,1,,47.0,163.78,
2015-01-08,53,1,,94.0,163.78,
2015-01-09,53,1,,104.0,163.78,
2015-01-10,53,1,,101.0,163.78,
2015-01-11,53,1,,60.0,163.78,
2015-01-12,53,1,,113.0,163.78,
2015-01-13,53,1,,94.0,163.78,
2015-01-14,53,1,,101.0,168.4,
2015-01-15,53,1,,132.0,168.4,
2015-01-16,53,1,,151.0,168.4,
2015-01-17,53,1,,97.0,168.4,
2015-01-18,53,1,,132.0,168.4,
2015-01-19,53,1,,53.0,168.4,
2015-01-20,53,1,,50.0,168.4,
2015-01-21,53,1,,97.0,168.4,
2015-01-22,53,1,,110.0,168.4,
2015-01-23,53,1,,91.0,160.24,
2015-01-24,53,1,,57.0,160.24,
2015-01-25,53,1,,85.0,160.24,
2015-01-26,53,1,,75.0,160.24,
2015-01-27,53,1,,69.0,160.24,
2015-01-28,53,1,,258.0,146.92,
2015-01-29,53,1,,198.0,146.92,
2015-01-30,53,1,,141.0,146.92,
2015-01-31,53,1,,148.0,146.92,
2015-02-01,53,1,,85.0,146.92,
2015-02-02,53,1,,141.0,146.92,
2015-02-03,53,1,,138.0,146.92,
2015-02-04,53,1,,167.0,146.92,
2015-02-05,53,1,,198.0,146.92,
2015-02-06,53,1,,320.0,146.92,
2015-02-07,53,1,,135.0,146.92,
2015-02-08,53,1,,129.0,146.92,
2015-02-09,53,1,,160.0,146.92,
2015-02-10,53,1,,214.0,146.92,
2015-02-11,53,1,,204.0,146.92,
2015-02-12,53,1,,123.0,146.92,
2015-02-13,53,1,,160.0,149.37,
2015-02-14,53,1,,179.0,149.37,
2015-02-15,53,1,,104.0,149.37,
2015-02-16,53,1,,123.0,149.37,
2015-02-17,53,1,1.0,232.0,149.37,143.8
2015-02-18,53,1,1.0,320.0,149.37,135.64
2015-02-19,53,1,1.0,443.0,149.37,135.64
2015-02-20,53,1,1.0,707.0,149.37,135.64
2015-02-21,53,1,1.0,434.0,149.37,135.64
2015-02-22,53,1,1.0,346.0,149.37,135.64
2015-02-23,53,1,1.0,443.0,149.37,135.64
2015-02-24,53,1,,97.0,149.37,
2015-02-25,53,1,,188.0,149.37,
2015-02-26,53,1,,116.0,149.37,
2015-02-27,53,1,,129.0,143.93,
2015-02-28,53,1,,405.0,143.93,
2015-03-01,53,1,,185.0,143.93,
2015-03-02,53,1,,264.0,143.93,
2015-03-03,53,1,1.0,396.0,143.93,138.36
2015-03-04,53,1,1.0,330.0,143.93,135.64
2015-03-05,53,1,1.0,254.0,138.5,135.64
2015-03-06,53,1,1.0,377.0,138.5,135.64
2015-03-07,53,1,1.0,456.0,138.5,135.64
2015-03-08,53,1,1.0,201.0,138.5,135.64
2015-03-09,53,1,,129.0,140.67,
2015-03-10,53,1,,201.0,140.67,
2015-03-11,53,1,,141.0,140.67,
2015-03-12,53,1,,116.0,140.67,
2015-03-13,53,1,,179.0,140.67,
2015-03-14,53,1,,204.0,140.67,
2015-03-15,53,1,,198.0,140.67,
2015-03-16,53,1,,317.0,140.67,
2015-03-17,53,1,1.0,1816.0,140.67,127.49
2015-03-18,53,1,1.0,1514.0,140.67,127.49
2015-03-19,53,1,1.0,895.0,140.67,127.49
2015-03-20,53,1,1.0,930.0,140.67,127.49
2015-03-21,53,1,1.0,1002.0,140.67,127.49
2015-03-22,53,1,1.0,628.0,140.67,127.49
2015-03-23,53,1,1.0,641.0,140.67,127.49
2015-03-24,53,1,,113.0,140.67,
2015-03-25,53,1,,148.0,140.67,
2015-03-26,53,1,,195.0,131.97,
2015-03-27,53,1,,198.0,131.97,
2015-03-28,53,1,,188.0,131.97,
2015-03-29,53,1,,179.0,131.97,
2015-03-30,53,1,,242.0,131.97,
2015-01-01,54,1,,6.0,163.78,
2015-01-02,54,1,,60.0,163.78,
2015-01-03,54,1,,53.0,163.78,
2015-01-04,54,1,,79.0,163.78,
2015-01-05,54,1,,123.0,163.78,
2015-01-06,54,1,,160.0,163.78,
2015-01-07,54,1,,53.0,163.78,
2015-01-08,54,1,,126.0,163.78,
2015-01-09,54,1,,107.0,163.78,
2015-01-10,54,1,,75.0,163.78,
2015-01-11,54,1,,113.0,163.78,
2015-01-12,54,1,,107.0,163.78,
2015-01-13,54,1,,88.0,163.78,
2015-01-14,54,1,,119.0,168.4,
2015-01-15,54,1,,182.0,168.4,
2015-01-16,54,1,,97.0,168.4,
2015-01-17,54,1,,182.0,168.4,
2015-01-18,54,1,,214.0,168.4,
2015-01-19,54,1,,104.0,168.4,
2015-01-20,54,1,,163.0,168.4,
2015-01-21,54,1,,145.0,168.4,
2015-01-22,54,1,,173.0,168.4,
2015-01-23,54,1,,107.0,160.24,
2015-01-24,54,1,,179.0,160.24,
2015-01-25,54,1,,283.0,160.24,
2015-01-26,54,1,,201.0,160.24,
2015-01-27,54,1,,276.0,160.24,
2015-01-28,54,1,,295.0,146.92,
2015-01-29,54,1,,292.0,146.92,
2015-01-30,54,1,,562.0,146.92,
2015-01-31,54,1,,399.0,146.92,
2015-02-01,54,1,,500.0,146.92,
2015-02-02,54,1,,286.0,146.92,
2015-02-03,54,1,,619.0,146.92,
2015-02-04,54,1,,408.0,146.92,
2015-02-05,54,1,,264.0,146.92,
2015-02-06,54,1,,606.0,146.92,
2015-02-07,54,1,,562.0,146.92,
2015-02-08,54,1,,503.0,146.92,
2015-02-09,54,1,,308.0,146.92,
2015-02-10,54,1,,207.0,146.92,
2015-02-11,54,1,,314.0,146.92,
2015-02-12,54,1,,195.0,146.92,
2015-02-13,54,1,,449.0,149.37,
2015-02-14,54,1,,402.0,149.37,
2015-02-15,54,1,,474.0,149.37,
2015-02-16,54,1,,327.0,149.37,
2015-02-17,54,1,1.0,405.0,149.37,143.8
2015-02-18,54,1,1.0,239.0,149.37,135.64
2015-02-19,54,1,1.0,807.0,149.37,135.64
2015-02-20,54,1,1.0,977.0,149.37,135.64
2015-02-21,54,1,1.0,804.0,149.37,135.64
2015-02-22,54,1,1.0,616.0,149.37,135.64
2015-02-23,54,1,1.0,361.0,149.37,135.64
2015-02-24,54,1,,192.0,149.37,
2015-02-25,54,1,,170.0,149.37,
2015-02-26,54,1,,104.0,149.37,
2015-02-27,54,1,,327.0,143.93,
2015-02-28,54,1,,496.0,143.93,
2015-03-01,54,1,,496.0,143.93,
2015-03-02,54,1,,361.0,143.93,
2015-03-03,54,1,1.0,801.0,143.93,138.36
2015-03-04,54,1,1.0,424.0,143.93,135.64
2015-03-05,54,1,1.0,468.0,138.5,135.64
2015-03-06,54,1,1.0,691.0,138.5,135.64
2015-03-07,54,1,1.0,811.0,138.5,135.64
2015-03-08,54,1,1.0,569.0,138.5,135.64
2015-03-09,54,1,,232.0,140.67,
2015-03-10,54,1,,198.0,140.67,
2015-03-11,54,1,,302.0,140.67,
2015-03-12,54,1,,248.0,140.67,
2015-03-13,54,1,,424.0,140.67,
2015-03-14,54,1,,556.0,140.67,
2015-03-15,54,1,,584.0,140.67,
2015-03-16,54,1,,220.0,140.67,
2015-03-17,54,1,1.0,1602.0,140.67,127.49
2015-03-18,54,1,1.0,1012.0,140.67,127.49
2015-03-19,54,1,1.0,704.0,140.67,127.49
2015-03-20,54,1,1.0,1034.0,140.67,127.49
2015-03-21,54,1,1.0,694.0,140.67,127.49
2015-03-22,54,1,1.0,1301.0,140.67,127.49
2015-03-23,54,1,1.0,663.0,140.67,127.49
2015-03-24,54,1,,261.0,140.67,
2015-03-25,54,1,,393.0,140.67,
2015-03-26,54,1,,320.0,131.97,
2015-03-27,54,1,,506.0,131.97,
2015-03-28,54,1,,371.0,131.97,
2015-03-29,54,1,,478.0,131.97,
2015-03-30,54,1,,210.0,131.97,
2015-01-01,49,1,,6.0,163.78,
2015-01-02,49,1,,47.0,163.78,
2015-01-03,49,1,,31.0,163.78,
2015-01-04,49,1,,66.0,163.78,
2015-01-05,49,1,,31.0,163.78,
2015-01-06,49,1,,82.0,163.78,
2015-01-07,49,1,,44.0,163.78,
2015-01-08,49,1,,47.0,163.78,
2015-01-09,49,1,,60.0,163.78,
2015-01-10,49,1,,35.0,163.78,
2015-01-11,49,1,,75.0,163.78,
2015-01-12,49,1,,88.0,163.78,
2015-01-13,49,1,,72.0,163.78,
2015-01-14,49,1,,85.0,168.4,
2015-01-15,49,1,,79.0,168.4,
2015-01-16,49,1,,72.0,168.4,
2015-01-17,49,1,,47.0,168.4,
2015-01-18,49,1,,53.0,168.4,
2015-01-19,49,1,,41.0,168.4,
2015-01-20,49,1,,82.0,168.4,
2015-01-21,49,1,,85.0,168.4,
2015-01-22,49,1,,63.0,168.4,
2015-01-23,49,1,,60.0,160.24,
2015-01-24,49,1,,91.0,160.24,
2015-01-25,49,1,,82.0,160.24,
2015-01-26,49,1,,113.0,160.24,
2015-01-27,49,1,,101.0,160.24,
2015-01-28,49,1,,119.0,146.92,
2015-01-29,49,1,,154.0,146.92,
2015-01-30,49,1,,104.0,146.92,
2015-01-31,49,1,,85.0,146.92,
2015-02-01,49,1,,148.0,146.92,
2015-02-02,49,1,,119.0,146.92,
2015-02-03,49,1,,104.0,146.92,
2015-02-04,49,1,,138.0,146.92,
2015-02-05,49,1,,119.0,146.92,
2015-02-06,49,1,,110.0,146.92,
2015-02-07,49,1,,151.0,146.92,
2015-02-08,49,1,,69.0,146.92,
2015-02-09,49,1,,163.0,146.92,
2015-02-10,49,1,,160.0,146.92,
2015-02-11,49,1,,179.0,146.92,
2015-02-12,49,1,,145.0,146.92,
2015-02-13,49,1,,135.0,149.37,
2015-02-14,49,1,,101.0,149.37,
2015-02-15,49,1,,123.0,149.37,
2015-02-16,49,1,,160.0,149.37,
2015-02-17,49,1,1.0,163.0,149.37,143.8
2015-02-18,49,1,1.0,283.0,149.37,135.64
2015-02-19,49,1,1.0,314.0,149.37,135.64
2015-02-20,49,1,1.0,434.0,149.37,135.64
2015-02-21,49,1,1.0,437.0,149.37,135.64
2015-02-22,49,1,1.0,358.0,149.37,135.64
2015-02-23,49,1,1.0,210.0,149.37,135.64
2015-02-24,49,1,,126.0,149.37,
2015-02-25,49,1,,69.0,149.37,
2015-02-26,49,1,,145.0,149.37,
2015-02-27,49,1,,113.0,143.93,
2015-02-28,49,1,,198.0,143.93,
2015-03-01,49,1,,251.0,143.93,
2015-03-02,49,1,,254.0,143.93,
2015-03-03,49,1,1.0,167.0,143.93,138.36
2015-03-04,49,1,1.0,295.0,143.93,135.64
2015-03-05,49,1,1.0,283.0,138.5,135.64
2015-03-06,49,1,1.0,342.0,138.5,135.64
2015-03-07,49,1,1.0,270.0,138.5,135.64
2015-03-08,49,1,1.0,129.0,138.5,135.64
2015-03-09,49,1,,170.0,140.67,
2015-03-10,49,1,,113.0,140.67,
2015-03-11,49,1,,119.0,140.67,
2015-03-12,49,1,,182.0,140.67,
2015-03-13,49,1,,141.0,140.67,
2015-03-14,49,1,,170.0,140.67,
2015-03-15,49,1,,129.0,140.67,
2015-03-16,49,1,,170.0,140.67,
2015-03-17,49,1,1.0,908.0,140.67,127.49
2015-03-18,49,1,1.0,644.0,140.67,127.49
2015-03-19,49,1,1.0,603.0,140.67,127.49
2015-03-20,49,1,1.0,534.0,140.67,127.49
2015-03-21,49,1,1.0,251.0,140.67,127.49
2015-03-22,49,1,1.0,500.0,140.67,127.49
2015-03-23,49,1,1.0,474.0,140.67,127.49
2015-03-24,49,1,,176.0,140.67,
2015-03-25,49,1,,75.0,140.67,
2015-03-26,49,1,,214.0,131.97,
2015-03-27,49,1,,226.0,131.97,
2015-03-28,49,1,,113.0,131.97,
2015-03-29,49,1,,119.0,131.97,
2015-03-30,49,1,,204.0,131.97,
2015-01-01,55,1,,16.0,163.78,
2015-01-02,55,1,,41.0,163.78,
2015-01-03,55,1,,47.0,163.78,
2015-01-04,55,1,,47.0,163.78,
2015-01-05,55,1,,50.0,163.78,
2015-01-06,55,1,,63.0,163.78,
2015-01-07,55,1,,31.0,163.78,
2015-01-08,55,1,,75.0,163.78,
2015-01-09,55,1,,66.0,163.78,
2015-01-10,55,1,,50.0,163.78,
2015-01-11,55,1,,66.0,163.78,
2015-01-12,55,1,,91.0,163.78,
2015-01-13,55,1,,75.0,163.78,
2015-01-14,55,1,,60.0,168.4,
2015-01-15,55,1,,72.0,168.4,
2015-01-16,55,1,,53.0,168.4,
2015-01-17,55,1,,60.0,168.4,
2015-01-18,55,1,,50.0,168.4,
2015-01-19,55,1,,85.0,168.4,
2015-01-20,55,1,,104.0,168.4,
2015-01-21,55,1,,66.0,168.4,
2015-01-22,55,1,,79.0,168.4,
2015-01-23,55,1,,63.0,160.24,
2015-01-24,55,1,,104.0,160.24,
2015-01-25,55,1,,113.0,160.24,
2015-01-26,55,1,,66.0,160.24,
2015-01-27,55,1,,88.0,160.24,
2015-01-28,55,1,,145.0,146.92,
2015-01-29,55,1,,176.0,146.92,
2015-01-30,55,1,,145.0,146.92,
2015-01-31,55,1,,163.0,146.92,
2015-02-01,55,1,,258.0,146.92,
2015-02-02,55,1,,145.0,146.92,
2015-02-03,55,1,,145.0,146.92,
2015-02-04,55,1,,145.0,146.92,
2015-02-05,55,1,,179.0,146.92,
2015-02-06,55,1,,210.0,146.92,
2015-02-07,55,1,,302.0,146.92,
2015-02-08,55,1,,167.0,146.92,
2015-02-09,55,1,,151.0,146.92,
2015-02-10,55,1,,245.0,146.92,
2015-02-11,55,1,,198.0,146.92,
2015-02-12,55,1,,402.0,146.92,
2015-02-13,55,1,,204.0,149.37,
2015-02-14,55,1,,182.0,149.37,
2015-02-15,55,1,,236.0,149.37,
2015-02-16,55,1,,154.0,149.37,
2015-02-17,55,1,1.0,647.0,149.37,143.8
2015-02-18,55,1,1.0,349.0,149.37,135.64
2015-02-19,55,1,1.0,792.0,149.37,135.64
2015-02-20,55,1,1.0,647.0,149.37,135.64
2015-02-21,55,1,1.0,873.0,149.37,135.64
2015-02-22,55,1,1.0,600.0,149.37,135.64
2015-02-23,55,1,1.0,371.0,149.37,135.64
2015-02-24,55,1,,201.0,149.37,
2015-02-25,55,1,,119.0,149.37,
2015-02-26,55,1,,173.0,149.37,
2015-02-27,55,1,,173.0,143.93,
2015-02-28,55,1,,330.0,143.93,
2015-03-01,55,1,,393.0,143.93,
2015-03-02,55,1,,361.0,143.93,
2015-03-03,55,1,1.0,324.0,143.93,138.36
2015-03-04,55,1,1.0,355.0,143.93,135.64
2015-03-05,55,1,1.0,236.0,138.5,135.64
2015-03-06,55,1,1.0,352.0,138.5,135.64
2015-03-07,55,1,1.0,471.0,138.5,135.64
2015-03-08,55,1,1.0,289.0,138.5,135.64
2015-03-09,55,1,,223.0,140.67,
2015-03-10,55,1,,126.0,140.67,
2015-03-11,55,1,,145.0,140.67,
2015-03-12,55,1,,232.0,140.67,
2015-03-13,55,1,,254.0,140.67,
2015-03-14,55,1,,145.0,140.67,
2015-03-15,55,1,,173.0,140.67,
2015-03-16,55,1,,201.0,140.67,
2015-03-17,55,1,1.0,1015.0,140.67,127.49
2015-03-18,55,1,1.0,1162.0,140.67,127.49
2015-03-19,55,1,1.0,1156.0,140.67,127.49
2015-03-20,55,1,1.0,1078.0,140.67,127.49
2015-03-21,55,1,1.0,823.0,140.67,127.49
2015-03-22,55,1,1.0,792.0,140.67,127.49
2015-03-23,55,1,1.0,562.0,140.67,127.49
2015-03-24,55,1,,176.0,140.67,
2015-03-25,55,1,,170.0,140.67,
2015-03-26,55,1,,198.0,131.97,
2015-03-27,55,1,,286.0,131.97,
2015-03-28,55,1,,320.0,131.97,
2015-03-29,55,1,,182.0,131.97,
2015-03-30,55,1,,154.0,131.97,
