data_kaggle.csv
Date,Store_id,SKU_id,Promo,Demand,Regular_Price,Promo_Price
2015-01-01,62,1,,22.0,163.78,
2015-01-02,62,1,,53.0,163.78,
2015-01-03,62,1,,31.0,163.78,
2015-01-04,62,1,,41.0,163.78,
2015-01-05,62,1,,35.0,163.78,
2015-01-06,62,1,,69.0,163.78,
2015-01-07,62,1,,28.0,163.78,
2015-01-08,62,1,,44.0,163.78,
2015-01-09,62,1,,47.0,163.78,
2015-01-10,62,1,,53.0,163.78,
2015-01-11,62,1,,60.0,163.78,
2015-01-12,62,1,,35.0,163.78,
2015-01-13,62,1,,66.0,163.78,
2015-01-14,62,1,,66.0,168.4,
2015-01-15,62,1,,47.0,168.4,
2015-01-16,62,1,,82.0,168.4,
2015-01-17,62,1,,60.0,168.4,
2015-01-18,62,1,,57.0,168.4,
2015-01-19,62,1,,66.0,168.4,
2015-01-20,62,1,,69.0,168.4,
2015-01-21,62,1,,50.0,168.4,
2015-01-22,62,1,,47.0,168.4,
2015-01-23,62,1,,69.0,160.24,
2015-01-24,62,1,,97.0,160.24,
2015-01-25,62,1,,72.0,160.24,
2015-01-26,62,1,,57.0,160.24,
2015-01-27,62,1,,75.0,160.24,
2015-01-28,62,1,,107.0,146.92,
2015-01-29,62,1,,135.0,146.92,
2015-01-30,62,1,,167.0,146.92,
2015-01-31,62,1,,135.0,146.92,
2015-02-01,62,1,,195.0,146.92,
2015-02-02,62,1,,101.0,146.92,
2015-02-03,62,1,,94.0,146.92,
2015-02-04,62,1,,119.0,146.92,
2015-02-05,62,1,,91.0,146.92,
2015-02-06,62,1,,97.0,146.92,
2015-02-07,62,1,,138.0,146.92,
2015-02-08,62,1,,141.0,146.92,
2015-02-09,62,1,,113.0,146.92,
2015-02-10,62,1,,295.0,146.92,
2015-02-11,62,1,,160.0,146.92,
2015-02-12,62,1,,138.0,146.92,
2015-02-13,62,1,,163.0,149.37,
2015-02-14,62,1,,223.0,149.37,
2015-02-15,62,1,,154.0,149.37,
2015-02-16,62,1,,107.0,149.37,
2015-02-17,62,1,1.0,286.0,149.37,143.8
2015-02-18,62,1,1.0,292.0,149.37,135.64
2015-02-19,62,1,1.0,550.0,149.37,135.64
2015-02-20,62,1,1.0,509.0,149.37,135.64
2015-02-21,62,1,1.0,459.0,149.37,135.64
2015-02-22,62,1,1.0,251.0,149.37,135.64
2015-02-23,62,1,1.0,396.0,149.37,135.64
2015-02-24,62,1,,101.0,149.37,
2015-02-25,62,1,,160.0,149.37,
2015-02-26,62,1,,88.0,149.37,
2015-02-27,62,1,,66.0,143.93,
2015-02-28,62,1,,185.0,143.93,
2015-03-01,62,1,,179.0,143.93,
2015-03-02,62,1,,214.0,143.93,
2015-03-03,62,1,1.0,361.0,143.93,138.36
2015-03-04,62,1,1.0,210.0,143.93,135.64
2015-03-05,62,1,1.0,346.0,138.5,135.64
2015-03-06,62,1,1.0,298.0,138.5,135.64
2015-03-07,62,1,1.0,305.0,138.5,135.64
2015-03-08,62,1,1.0,176.0,138.5,135.64
2015-03-09,62,1,,119.0,140.67,
2015-03-10,62,1,,198.0,140.67,
2015-03-11,62,1,,119.0,140.67,
2015-03-12,62,1,,148.0,140.67,
2015-03-13,62,1,,188.0,140.67,
2015-03-14,62,1,,192.0,140.67,
2015-03-15,62,1,,232.0,140.67,
2015-03-16,62,1,,138.0,140.67,
2015-03-17,62,1,1.0,1024.0,140.67,127.49
2015-03-18,62,1,1.0,1134.0,140.67,127.49
2015-03-19,62,1,1.0,1210.0,140.67,127.49
2015-03-20,62,1,1.0,851.0,140.67,127.49
2015-03-21,62,1,1.0,82.0,140.67,127.49
2015-03-22,62,1,1.0,474.0,140.67,127.49
2015-03-23,62,1,1.0,157.0,140.67,127.49
2015-03-24,62,1,,176.0,140.67,
2015-03-25,62,1,,88.0,140.67,
2015-03-26,62,1,,226.0,131.97,
2015-03-27,62,1,,330.0,131.97,
2015-03-28,62,1,,368.0,131.97,
2015-03-29,62,1,,283.0,131.97,
2015-03-30,62,1,,217.0,131.97,
2015-03-31,62,1,,258.0,131.97,
2015-01-01,56,1,,19.0,168.67,
2015-01-02,56,1,,28.0,168.67,
2015-01-03,56,1,,41.0,168.67,
2015-01-04,56,1,,38.0,168.67,
2015-01-05,56,1,,57.0,168.67,
2015-01-06,56,1,,31.0,168.67,
2015-01-07,56,1,,44.0,168.67,
2015-01-08,56,1,,41.0,168.67,
2015-01-09,56,1,,41.0,168.67,
2015-01-10,56,1,,57.0,168.67,
2015-01-11,56,1,,31.0,168.67,
2015-01-12,56,1,,57.0,168.67,
2015-01-13,56,1,,57.0,168.67,
2015-01-14,56,1,,35.0,173.56,
2015-01-15,56,1,,66.0,173.56,
2015-01-16,56,1,,85.0,173.56,
2015-01-17,56,1,,44.0,173.56,
2015-01-18,56,1,,50.0,173.56,
2015-01-19,56,1,,72.0,173.56,
2015-01-20,56,1,,69.0,173.56,
2015-01-21,56,1,,91.0,173.56,
2015-01-22,56,1,,41.0,173.56,
2015-01-23,56,1,,60.0,165.14,
2015-01-24,56,1,,60.0,165.14,
2015-01-25,56,1,,66.0,165.14,
2015-01-26,56,1,,47.0,165.14,
2015-01-27,56,1,,38.0,165.14,
2015-01-28,56,1,,97.0,151.27,
2015-01-29,56,1,,101.0,151.27,
2015-01-30,56,1,,72.0,151.27,
2015-01-31,56,1,,123.0,151.27,
2015-02-01,56,1,,69.0,151.27,
2015-02-02,56,1,,101.0,151.27,
2015-02-03,56,1,,69.0,151.27,
2015-02-04,56,1,,141.0,151.27,
2015-02-05,56,1,,63.0,151.27,
2015-02-06,56,1,,88.0,151.27,
2015-02-07,56,1,,107.0,151.27,
2015-02-08,56,1,,107.0,151.27,
2015-02-09,56,1,,94.0,151.27,
2015-02-10,56,1,,82.0,151.27,
2015-02-11,56,1,,75.0,151.27,
2015-02-12,56,1,,101.0,151.27,
2015-02-13,56,1,,119.0,153.99,
2015-02-14,56,1,,57.0,153.99,
2015-02-15,56,1,,60.0,153.99,
2015-02-16,56,1,,94.0,153.99,
2015-02-17,56,1,1.0,226.0,153.99,143.8
2015-02-18,56,1,1.0,333.0,153.99,135.64
2015-02-19,56,1,1.0,522.0,153.99,135.64
2015-02-20,56,1,1.0,543.0,153.99,135.64
2015-02-21,56,1,1.0,481.0,153.99,135.64
2015-02-22,56,1,1.0,358.0,153.99,135.64
2015-02-23,56,1,1.0,342.0,153.99,135.64
2015-02-24,56,1,,53.0,153.99,
2015-02-25,56,1,,72.0,153.99,
2015-02-26,56,1,,75.0,153.99,
2015-02-27,56,1,,79.0,148.28,
2015-02-28,56,1,,232.0,148.28,
2015-03-01,56,1,,145.0,148.28,
2015-03-02,56,1,,151.0,148.28,
2015-03-03,56,1,1.0,207.0,148.28,138.36
2015-03-04,56,1,1.0,167.0,148.28,135.64
2015-03-05,56,1,1.0,204.0,142.57,135.64
2015-03-06,56,1,1.0,245.0,142.57,135.64
2015-03-07,56,1,1.0,201.0,142.57,135.64
2015-03-08,56,1,1.0,214.0,142.57,135.64
2015-03-09,56,1,,88.0,145.02,
2015-03-10,56,1,,151.0,145.02,
2015-03-11,56,1,,94.0,145.02,
2015-03-12,56,1,,94.0,145.02,
2015-03-13,56,1,,160.0,145.02,
2015-03-14,56,1,,91.0,145.02,
2015-03-15,56,1,,82.0,145.02,
2015-03-16,56,1,,38.0,145.02,
2015-03-17,56,1,1.0,1285.0,145.02,127.49
2015-03-18,56,1,1.0,685.0,145.02,127.49
2015-03-19,56,1,1.0,763.0,145.02,127.49
2015-03-20,56,1,1.0,606.0,145.02,127.49
2015-03-21,56,1,1.0,374.0,145.02,127.49
2015-03-22,56,1,1.0,506.0,145.02,127.49
2015-03-23,56,1,1.0,490.0,145.02,127.49
2015-03-24,56,1,,66.0,145.02,
2015-03-25,56,1,,88.0,145.02,
2015-03-26,56,1,,101.0,131.97,
2015-03-27,56,1,,126.0,131.97,
2015-03-28,56,1,,91.0,131.97,
2015-03-29,56,1,,132.0,131.97,
2015-03-30,56,1,,141.0,131.97,
2015-03-31,56,1,,107.0,131.97,
2015-01-01,57,1,,13.0,163.78,
2015-01-02,57,1,,35.0,163.78,
2015-01-03,57,1,,50.0,163.78,
2015-01-04,57,1,,57.0,163.78,
2015-01-05,57,1,,135.0,163.78,
2015-01-06,57,1,,91.0,163.78,
2015-01-07,57,1,,31.0,163.78,
2015-01-08,57,1,,60.0,163.78,
2015-01-09,57,1,,44.0,163.78,
2015-01-10,57,1,,47.0,163.78,
2015-01-11,57,1,,97.0,163.78,
2015-01-12,57,1,,66.0,163.78,
2015-01-13,57,1,,72.0,163.78,
2015-01-14,57,1,,53.0,168.4,
2015-01-15,57,1,,35.0,168.4,
2015-01-16,57,1,,60.0,168.4,
2015-01-17,57,1,,91.0,168.4,
2015-01-18,57,1,,110.0,168.4,
2015-01-19,57,1,,75.0,168.4,
2015-01-20,57,1,,75.0,168.4,
2015-01-21,57,1,,50.0,168.4,
2015-01-22,57,1,,88.0,168.4,
2015-01-23,57,1,,53.0,160.24,
2015-01-24,57,1,,88.0,160.24,
2015-01-25,57,1,,75.0,160.24,
2015-01-26,57,1,,119.0,160.24,
2015-01-27,57,1,,101.0,160.24,
2015-01-28,57,1,,82.0,146.92,
2015-01-29,57,1,,94.0,146.92,
2015-01-30,57,1,,126.0,146.92,
2015-01-31,57,1,,207.0,146.92,
2015-02-01,57,1,,160.0,146.92,
2015-02-02,57,1,,66.0,146.92,
2015-02-03,57,1,,123.0,146.92,
2015-02-04,57,1,,110.0,146.92,
2015-02-05,57,1,,110.0,146.92,
2015-02-06,57,1,,88.0,146.92,
2015-02-07,57,1,,119.0,146.92,
2015-02-08,57,1,,94.0,146.92,
2015-02-09,57,1,,160.0,146.92,
2015-02-10,57,1,,402.0,146.92,
2015-02-11,57,1,,207.0,146.92,
2015-02-12,57,1,,123.0,146.92,
2015-02-13,57,1,,229.0,149.37,
2015-02-14,57,1,,245.0,149.37,
2015-02-15,57,1,,232.0,149.37,
2015-02-16,57,1,,154.0,149.37,
2015-02-17,57,1,1.0,421.0,149.37,143.8
2015-02-18,57,1,1.0,440.0,149.37,135.64
2015-02-19,57,1,1.0,525.0,149.37,135.64
2015-02-20,57,1,1.0,597.0,149.37,135.64
2015-02-21,57,1,1.0,628.0,149.37,135.64
2015-02-22,57,1,1.0,324.0,149.37,135.64
2015-02-23,57,1,1.0,452.0,149.37,135.64
2015-02-24,57,1,,57.0,149.37,
2015-02-25,57,1,,154.0,149.37,
2015-02-26,57,1,,154.0,149.37,
2015-02-27,57,1,,145.0,143.93,
2015-02-28,57,1,,254.0,143.93,
2015-03-01,57,1,,377.0,143.93,
2015-03-02,57,1,,217.0,143.93,
2015-03-03,57,1,1.0,314.0,143.93,138.36
2015-03-04,57,1,1.0,327.0,143.93,135.64
2015-03-05,57,1,1.0,295.0,138.5,135.64
2015-03-06,57,1,1.0,437.0,138.5,135.64
2015-03-07,57,1,1.0,333.0,138.5,135.64
2015-03-08,57,1,1.0,141.0,138.5,135.64
2015-03-09,57,1,,116.0,140.67,
2015-03-10,57,1,,242.0,140.67,
2015-03-11,57,1,,239.0,140.67,
2015-03-12,57,1,,210.0,140.67,
2015-03-13,57,1,,170.0,140.67,
2015-03-14,57,1,,226.0,140.67,
2015-03-15,57,1,,151.0,140.67,
2015-03-16,57,1,,116.0,140.67,
2015-03-17,57,1,1.0,141.0,140.67,127.49
2015-03-18,57,1,1.0,141.0,140.67,127.49
2015-03-19,57,1,1.0,138.0,140.67,127.49
2015-03-20,57,1,1.0,569.0,140.67,127.49
2015-03-21,57,1,1.0,795.0,140.67,127.49
2015-03-22,57,1,1.0,726.0,140.67,127.49
2015-03-23,57,1,1.0,361.0,140.67,127.49
2015-03-24,57,1,,132.0,140.67,
2015-03-25,57,1,,110.0,140.67,
2015-03-26,57,1,,210.0,131.97,
2015-03-27,57,1,,182.0,131.97,
2015-03-28,57,1,,289.0,131.97,
2015-03-29,57,1,,273.0,131.97,
2015-03-30,57,1,,223.0,131.97,
2015-03-31,57,1,,210.0,131.97,
2015-01-01,58,1,,3.0,163.78,
2015-01-02,58,1,,28.0,163.78,
2015-01-03,58,1,,41.0,163.78,
2015-01-04,58,1,,60.0,163.78,
2015-01-05,58,1,,50.0,163.78,
2015-01-06,58,1,,75.0,163.78,
2015-01-07,58,1,,91.0,163.78,
2015-01-08,58,1,,22.0,163.78,
2015-01-09,58,1,,60.0,163.78,
2015-01-10,58,1,,28.0,163.78,
2015-01-11,58,1,,101.0,163.78,
2015-01-12,58,1,,91.0,163.78,
2015-01-13,58,1,,44.0,163.78,
2015-01-14,58,1,,72.0,168.4,
2015-01-15,58,1,,41.0,168.4,
2015-01-16,58,1,,50.0,168.4,
2015-01-17,58,1,,63.0,168.4,
2015-01-18,58,1,,41.0,168.4,
2015-01-19,58,1,,47.0,168.4,
2015-01-20,58,1,,60.0,168.4,
2015-01-21,58,1,,44.0,168.4,
2015-01-22,58,1,,31.0,168.4,
2015-01-23,58,1,,35.0,160.24,
2015-01-24,58,1,,85.0,160.24,
2015-01-25,58,1,,69.0,160.24,
2015-01-26,58,1,,63.0,160.24,
2015-01-27,58,1,,57.0,160.24,
2015-01-28,58,1,,258.0,146.92,
2015-01-29,58,1,,232.0,146.92,
2015-01-30,58,1,,242.0,146.92,
2015-01-31,58,1,,267.0,146.92,
2015-02-01,58,1,,204.0,146.92,
2015-02-02,58,1,,132.0,146.92,
2015-02-03,58,1,,145.0,146.92,
2015-02-04,58,1,,179.0,146.92,
2015-02-05,58,1,,239.0,146.92,
2015-02-06,58,1,,251.0,146.92,
2015-02-07,58,1,,333.0,146.92,
2015-02-08,58,1,,236.0,146.92,
2015-02-09,58,1,,393.0,146.92,
2015-02-10,58,1,,236.0,146.92,
2015-02-11,58,1,,349.0,146.92,
2015-02-12,58,1,,170.0,146.92,
2015-02-13,58,1,,327.0,149.37,
2015-02-14,58,1,,267.0,149.37,
2015-02-15,58,1,,239.0,149.37,
2015-02-16,58,1,,104.0,149.37,
2015-02-17,58,1,1.0,481.0,149.37,143.8
2015-02-18,58,1,1.0,390.0,149.37,135.64
2015-02-19,58,1,1.0,412.0,149.37,135.64
2015-02-20,58,1,1.0,415.0,149.37,135.64
2015-02-21,58,1,1.0,459.0,149.37,135.64
2015-02-22,58,1,1.0,622.0,149.37,135.64
2015-02-23,58,1,1.0,792.0,149.37,135.64
2015-02-24,58,1,,135.0,149.37,
2015-02-25,58,1,,157.0,149.37,
2015-02-26,58,1,,179.0,149.37,
2015-02-27,58,1,,446.0,143.93,
2015-02-28,58,1,,251.0,143.93,
2015-03-01,58,1,,396.0,143.93,
2015-03-02,58,1,,525.0,143.93,
2015-03-03,58,1,1.0,358.0,143.93,138.36
2015-03-04,58,1,1.0,512.0,143.93,135.64
2015-03-05,58,1,1.0,547.0,138.5,135.64
2015-03-06,58,1,1.0,949.0,138.5,135.64
2015-03-07,58,1,1.0,1244.0,138.5,135.64
2015-03-08,58,1,1.0,522.0,138.5,135.64
2015-03-09,58,1,,195.0,140.67,
2015-03-10,58,1,,248.0,140.67,
2015-03-11,58,1,,214.0,140.67,
2015-03-12,58,1,,267.0,140.67,
2015-03-13,58,1,,383.0,140.67,
2015-03-14,58,1,,415.0,140.67,
2015-03-15,58,1,,399.0,140.67,
2015-03-16,58,1,,449.0,140.67,
2015-03-17,58,1,1.0,2271.0,140.67,127.49
2015-03-18,58,1,1.0,1960.0,140.67,127.49
2015-03-19,58,1,1.0,1766.0,140.67,127.49
2015-03-20,58,1,1.0,1096.0,140.67,127.49
2015-03-21,58,1,1.0,936.0,140.67,127.49
2015-03-22,58,1,1.0,905.0,140.67,127.49
2015-03-23,58,1,1.0,609.0,140.67,127.49
2015-03-24,58,1,,210.0,140.67,
2015-03-25,58,1,,173.0,140.67,
2015-03-26,58,1,,324.0,131.97,
2015-03-27,58,1,,390.0,131.97,
2015-03-28,58,1,,613.0,131.97,
2015-03-29,58,1,,339.0,131.97,
2015-03-30,58,1,,317.0,131.97,
2015-01-01,47,1,,53.0,154.26,
2015-01-02,47,1,,82.0,154.26,
2015-01-03,47,1,,157.0,154.26,
2015-01-04,47,1,,273.0,154.26,
2015-01-05,47,1,,160.0,154.26,
2015-01-06,47,1,,280.0,154.26,
2015-01-07,47,1,,91.0,154.26,
2015-01-08,47,1,,176.0,154.26,
2015-01-09,47,1,,210.0,154.26,
2015-01-10,47,1,,242.0,154.26,
2015-01-11,47,1,,267.0,154.26,
2015-01-12,47,1,,295.0,154.26,
2015-01-13,47,1,,386.0,154.26,
2015-01-14,47,1,,361.0,154.26,
2015-01-15,47,1,,342.0,154.26,
2015-01-16,47,1,,405.0,154.26,
2015-01-17,47,1,,201.0,154.26,
2015-01-18,47,1,,349.0,154.26,
2015-01-19,47,1,,327.0,154.26,
2015-01-20,47,1,,346.0,154.26,
2015-01-21,47,1,,176.0,167.85,
2015-01-22,47,1,,207.0,167.85,
2015-01-23,47,1,,173.0,167.85,
2015-01-24,47,1,,101.0,167.85,
2015-01-25,47,1,,173.0,167.85,
2015-01-26,47,1,,163.0,167.85,
2015-01-27,47,1,,123.0,167.85,
2015-01-28,47,1,,182.0,167.85,
2015-01-29,47,1,,116.0,167.85,
2015-01-30,47,1,,173.0,167.85,
2015-01-31,47,1,,110.0,167.85,
2015-02-01,47,1,,163.0,167.85,
2015-02-02,47,1,,163.0,167.85,
2015-02-03,47,1,,167.0,167.85,
2015-02-04,47,1,,116.0,167.85,
2015-02-05,47,1,,484.0,143.93,
2015-02-06,47,1,,320.0,143.93,
2015-02-07,47,1,,298.0,143.93,
2015-02-08,47,1,,591.0,143.93,
2015-02-09,47,1,,336.0,143.93,
2015-02-10,47,1,,540.0,143.93,
2015-02-11,47,1,,701.0,143.93,
2015-02-12,47,1,,591.0,143.93,
2015-02-13,47,1,,748.0,143.93,
2015-02-14,47,1,,697.0,143.93,
2015-02-15,47,1,,650.0,143.93,
2015-02-16,47,1,,779.0,143.93,
2015-02-17,47,1,1.0,628.0,143.93,143.8
2015-02-18,47,1,1.0,474.0,143.93,135.64
2015-02-19,47,1,1.0,1436.0,143.93,135.64
2015-02-20,47,1,1.0,892.0,143.93,135.64
2015-02-21,47,1,1.0,572.0,143.93,135.64
2015-02-22,47,1,1.0,478.0,143.93,135.64
2015-02-23,47,1,1.0,258.0,143.93,135.64
2015-02-24,47,1,,336.0,143.93,
2015-02-25,47,1,,305.0,143.93,
2015-02-26,47,1,,399.0,143.93,
2015-02-27,47,1,,368.0,143.93,
2015-02-28,47,1,,342.0,143.93,
2015-03-01,47,1,,719.0,143.93,
2015-03-02,47,1,,371.0,143.93,
2015-03-03,47,1,1.0,506.0,143.93,138.36
2015-03-04,47,1,1.0,346.0,143.93,135.64
2015-03-05,47,1,1.0,531.0,143.93,135.64
2015-03-06,47,1,1.0,506.0,143.93,135.64
2015-03-07,47,1,1.0,1379.0,143.93,135.64
2015-03-08,47,1,1.0,914.0,143.93,135.64
2015-03-09,47,1,,267.0,143.93,
2015-03-10,47,1,,364.0,143.93,
2015-03-11,47,1,,327.0,143.93,
2015-03-12,47,1,,421.0,143.93,
2015-03-13,47,1,,562.0,143.93,
2015-03-14,47,1,,342.0,143.93,
2015-03-15,47,1,,559.0,143.93,
2015-03-16,47,1,,540.0,143.93,
2015-03-17,47,1,1.0,1621.0,143.93,127.49
2015-03-18,47,1,1.0,1549.0,143.93,127.49
2015-03-19,47,1,1.0,1323.0,143.93,127.49
2015-03-20,47,1,1.0,1301.0,143.93,127.49
2015-03-21,47,1,1.0,710.0,147.74,127.49
2015-03-22,47,1,1.0,760.0,147.74,127.49
2015-03-23,47,1,1.0,807.0,147.74,127.49
2015-03-24,47,1,,185.0,147.74,
2015-03-25,47,1,,157.0,147.74,
2015-03-26,47,1,,327.0,131.97,
2015-03-27,47,1,,836.0,131.97,
2015-03-28,47,1,,490.0,131.97,
2015-03-29,47,1,,553.0,131.97,
2015-03-30,47,1,,374.0,131.97,
2015-03-31,47,1,,415.0,131.97,
2015-01-01,59,1,,41.0,163.78,
2015-01-02,59,1,,50.0,163.78,
2015-01-03,59,1,,25.0,163.78,
2015-01-04,59,1,,107.0,163.78,
2015-01-05,59,1,,57.0,163.78,
2015-01-06,59,1,,88.0,163.78,
2015-01-07,59,1,,63.0,163.78,
2015-01-08,59,1,,63.0,163.78,
2015-01-09,59,1,,79.0,163.78,
2015-01-10,59,1,,38.0,163.78,
2015-01-11,59,1,,79.0,163.78,
2015-01-12,59,1,,88.0,163.78,
2015-01-13,59,1,,151.0,163.78,
2015-01-14,59,1,,60.0,168.4,
2015-01-15,59,1,,53.0,168.4,
2015-01-16,59,1,,91.0,168.4,
2015-01-17,59,1,,28.0,168.4,
2015-01-18,59,1,,91.0,168.4,
2015-01-19,59,1,,66.0,168.4,
2015-01-20,59,1,,170.0,168.4,
2015-01-21,59,1,,129.0,168.4,
2015-01-22,59,1,,82.0,168.4,
2015-01-23,59,1,,82.0,160.24,
2015-01-24,59,1,,129.0,160.24,
2015-01-25,59,1,,276.0,160.24,
2015-01-26,59,1,,107.0,160.24,
2015-01-27,59,1,,220.0,160.24,
2015-01-28,59,1,,327.0,146.92,
2015-01-29,59,1,,393.0,146.92,
2015-01-30,59,1,,305.0,146.92,
2015-01-31,59,1,,261.0,146.92,
2015-02-01,59,1,,280.0,146.92,
2015-02-02,59,1,,126.0,146.92,
2015-02-03,59,1,,452.0,146.92,
2015-02-04,59,1,,276.0,146.92,
2015-02-05,59,1,,251.0,146.92,
2015-02-06,59,1,,311.0,146.92,
2015-02-07,59,1,,239.0,146.92,
2015-02-08,59,1,,506.0,146.92,
2015-02-09,59,1,,236.0,146.92,
2015-02-10,59,1,,540.0,146.92,
2015-02-11,59,1,,232.0,146.92,
2015-02-12,59,1,,311.0,146.92,
2015-02-13,59,1,,327.0,149.37,
2015-02-14,59,1,,226.0,149.37,
2015-02-15,59,1,,449.0,149.37,
2015-02-16,59,1,,280.0,149.37,
2015-02-17,59,1,1.0,528.0,149.37,143.8
2015-02-18,59,1,1.0,465.0,149.37,135.64
2015-02-19,59,1,1.0,986.0,149.37,135.64
2015-02-20,59,1,1.0,886.0,149.37,135.64
2015-02-21,59,1,1.0,823.0,149.37,135.64
2015-02-22,59,1,1.0,597.0,149.37,135.64
2015-02-23,59,1,1.0,276.0,149.37,135.64
2015-02-24,59,1,,223.0,149.37,
2015-02-25,59,1,,47.0,149.37,
2015-02-26,59,1,,270.0,149.37,
2015-02-27,59,1,,317.0,143.93,
2015-02-28,59,1,,336.0,143.93,
2015-03-01,59,1,,248.0,143.93,
2015-03-02,59,1,,267.0,143.93,
2015-03-03,59,1,1.0,1078.0,143.93,138.36
2015-03-04,59,1,1.0,390.0,143.93,135.64
2015-03-05,59,1,1.0,1128.0,138.5,135.64
2015-03-06,59,1,1.0,898.0,138.5,135.64
2015-03-07,59,1,1.0,500.0,138.5,135.64
2015-03-08,59,1,1.0,487.0,138.5,135.64
2015-03-09,59,1,,207.0,140.67,
2015-03-10,59,1,,462.0,140.67,
2015-03-11,59,1,,543.0,140.67,
2015-03-12,59,1,,283.0,140.67,
2015-03-13,59,1,,606.0,140.67,
2015-03-14,59,1,,390.0,140.67,
2015-03-15,59,1,,276.0,140.67,
2015-03-16,59,1,,264.0,140.67,
2015-03-17,59,1,1.0,3390.0,140.67,127.49
2015-03-18,59,1,1.0,1363.0,140.67,127.49
2015-03-19,59,1,1.0,2136.0,140.67,127.49
2015-03-20,59,1,1.0,1539.0,140.67,127.49
2015-03-21,59,1,1.0,609.0,140.67,127.49
2015-03-22,59,1,1.0,814.0,140.67,127.49
2015-03-23,59,1,1.0,870.0,140.67,127.49
2015-03-24,59,1,,254.0,140.67,
2015-03-25,59,1,,214.0,140.67,
2015-03-26,59,1,,302.0,131.97,
2015-03-27,59,1,,462.0,131.97,
2015-03-28,59,1,,311.0,131.97,
2015-03-29,59,1,,339.0,131.97,
2015-03-30,59,1,,355.0,131.97,
