data_kaggle.csv
Date,Store_id,SKU_id,Promo,Demand,Regular_Price,Promo_Price
2015-01-01,60,1,,3.0,163.78,
2015-01-02,60,1,,28.0,163.78,
2015-01-03,60,1,,16.0,163.78,
2015-01-04,60,1,,28.0,163.78,
2015-01-05,60,1,,35.0,163.78,
2015-01-06,60,1,,22.0,163.78,
2015-01-07,60,1,,13.0,163.78,
2015-01-08,60,1,,22.0,163.78,
2015-01-09,60,1,,35.0,163.78,
2015-01-10,60,1,,116.0,163.78,
2015-01-11,60,1,,47.0,163.78,
2015-01-12,60,1,,66.0,163.78,
2015-01-13,60,1,,25.0,163.78,
2015-01-14,60,1,,38.0,168.4,
2015-01-15,60,1,,22.0,168.4,
2015-01-16,60,1,,110.0,168.4,
2015-01-17,60,1,,19.0,168.4,
2015-01-18,60,1,,72.0,168.4,
2015-01-19,60,1,,22.0,168.4,
2015-01-20,60,1,,25.0,168.4,
2015-01-21,60,1,,22.0,168.4,
2015-01-22,60,1,,19.0,168.4,
2015-01-23,60,1,,35.0,160.24,
2015-01-24,60,1,,19.0,160.24,
2015-01-25,60,1,,16.0,160.24,
2015-01-26,60,1,,19.0,160.24,
2015-01-27,60,1,,63.0,160.24,
2015-01-28,60,1,,47.0,146.92,
2015-01-29,60,1,,97.0,146.92,
2015-01-30,60,1,,63.0,146.92,
2015-01-31,60,1,,44.0,146.92,
2015-02-01,60,1,,88.0,146.92,
2015-02-02,60,1,,28.0,146.92,
2015-02-03,60,1,,104.0,146.92,
2015-02-04,60,1,,38.0,146.92,
2015-02-05,60,1,,35.0,146.92,
2015-02-06,60,1,,47.0,146.92,
2015-02-07,60,1,,69.0,146.92,
2015-02-08,60,1,,31.0,146.92,
2015-02-09,60,1,,132.0,146.92,
2015-02-10,60,1,,72.0,146.92,
2015-02-11,60,1,,47.0,146.92,
2015-02-12,60,1,,97.0,146.92,
2015-02-13,60,1,,57.0,149.37,
2015-02-14,60,1,,94.0,149.37,
2015-02-15,60,1,,44.0,149.37,
2015-02-16,60,1,,210.0,149.37,
2015-02-17,60,1,1.0,273.0,149.37,143.8
2015-02-18,60,1,1.0,286.0,149.37,135.64
2015-02-19,60,1,1.0,346.0,149.37,135.64
2015-02-20,60,1,1.0,543.0,149.37,135.64
2015-02-21,60,1,1.0,415.0,149.37,135.64
2015-02-22,60,1,1.0,308.0,149.37,135.64
2015-02-23,60,1,1.0,298.0,149.37,135.64
2015-02-24,60,1,,85.0,149.37,
2015-02-25,60,1,,28.0,149.37,
2015-02-26,60,1,,44.0,149.37,
2015-02-27,60,1,,94.0,143.93,
2015-02-28,60,1,,305.0,143.93,
2015-03-01,60,1,,364.0,143.93,
2015-03-02,60,1,,198.0,143.93,
2015-03-03,60,1,1.0,229.0,143.93,138.36
2015-03-04,60,1,1.0,82.0,143.93,135.64
2015-03-05,60,1,1.0,182.0,138.5,135.64
2015-03-06,60,1,1.0,368.0,138.5,135.64
2015-03-07,60,1,1.0,264.0,138.5,135.64
2015-03-08,60,1,1.0,72.0,138.5,135.64
2015-03-09,60,1,,22.0,140.67,
2015-03-10,60,1,,163.0,140.67,
2015-03-11,60,1,,97.0,140.67,
2015-03-12,60,1,,126.0,140.67,
2015-03-13,60,1,,97.0,140.67,
2015-03-14,60,1,,126.0,140.67,
2015-03-15,60,1,,192.0,140.67,
2015-03-16,60,1,,151.0,140.67,
2015-03-17,60,1,1.0,707.0,140.67,127.49
2015-03-18,60,1,1.0,748.0,140.67,127.49
2015-03-19,60,1,1.0,578.0,140.67,127.49
2015-03-20,60,1,1.0,399.0,140.67,127.49
2015-03-21,60,1,1.0,229.0,140.67,127.49
2015-03-22,60,1,1.0,804.0,140.67,127.49
2015-03-23,60,1,1.0,393.0,140.67,127.49
2015-03-24,60,1,,66.0,140.67,
2015-03-25,60,1,,22.0,140.67,
2015-03-26,60,1,,217.0,131.97,
2015-03-27,60,1,,107.0,131.97,
2015-03-28,60,1,,179.0,131.97,
2015-03-29,60,1,,179.0,131.97,
2015-03-30,60,1,,97.0,131.97,
2015-01-01,46,1,,13.0,163.78,
2015-01-02,46,1,,41.0,163.78,
2015-01-03,46,1,,82.0,163.78,
2015-01-04,46,1,,88.0,163.78,
2015-01-05,46,1,,119.0,163.78,
2015-01-06,46,1,,79.0,163.78,
2015-01-07,46,1,,63.0,163.78,
2015-01-08,46,1,,79.0,163.78,
2015-01-09,46,1,,79.0,163.78,
2015-01-10,46,1,,173.0,163.78,
2015-01-11,46,1,,135.0,163.78,
2015-01-12,46,1,,107.0,163.78,
2015-01-13,46,1,,126.0,163.78,
2015-01-14,46,1,,157.0,168.4,
2015-01-15,46,1,,85.0,168.4,
2015-01-16,46,1,,75.0,168.4,
2015-01-17,46,1,,126.0,168.4,
2015-01-18,46,1,,63.0,168.4,
2015-01-19,46,1,,41.0,168.4,
2015-01-20,46,1,,116.0,168.4,
2015-01-21,46,1,,119.0,168.4,
2015-01-22,46,1,,91.0,168.4,
2015-01-23,46,1,,91.0,160.24,
2015-01-24,46,1,,138.0,160.24,
2015-01-25,46,1,,145.0,160.24,
2015-01-26,46,1,,113.0,160.24,
2015-01-27,46,1,,116.0,160.24,
2015-01-28,46,1,,207.0,146.92,
2015-01-29,46,1,,182.0,146.92,
2015-01-30,46,1,,236.0,146.92,
2015-01-31,46,1,,173.0,146.92,
2015-02-01,46,1,,242.0,146.92,
2015-02-02,46,1,,195.0,146.92,
2015-02-03,46,1,,151.0,146.92,
2015-02-04,46,1,,267.0,146.92,
2015-02-05,46,1,,251.0,146.92,
2015-02-06,46,1,,396.0,146.92,
2015-02-07,46,1,,229.0,146.92,
2015-02-08,46,1,,239.0,146.92,
2015-02-09,46,1,,292.0,146.92,
2015-02-10,46,1,,427.0,146.92,
2015-02-11,46,1,,342.0,146.92,
2015-02-12,46,1,,405.0,146.92,
2015-02-13,46,1,,349.0,149.37,
2015-02-14,46,1,,342.0,149.37,
2015-02-15,46,1,,336.0,149.37,
2015-02-16,46,1,,232.0,149.37,
2015-02-17,46,1,1.0,789.0,149.37,143.8
2015-02-18,46,1,1.0,1049.0,149.37,135.64
2015-02-19,46,1,1.0,2315.0,149.37,135.64
2015-02-20,46,1,1.0,2177.0,149.37,135.64
2015-02-21,46,1,1.0,1854.0,149.37,135.64
2015-02-22,46,1,1.0,1153.0,149.37,135.64
2015-02-23,46,1,1.0,1316.0,149.37,135.64
2015-02-24,46,1,,336.0,149.37,
2015-02-25,46,1,,214.0,149.37,
2015-02-26,46,1,,346.0,149.37,
2015-02-27,46,1,,393.0,143.93,
2015-02-28,46,1,,660.0,143.93,
2015-03-01,46,1,,361.0,143.93,
2015-03-02,46,1,,575.0,143.93,
2015-03-03,46,1,1.0,770.0,143.93,138.36
2015-03-04,46,1,1.0,484.0,143.93,135.64
2015-03-05,46,1,1.0,1178.0,138.5,135.64
2015-03-06,46,1,1.0,999.0,138.5,135.64
2015-03-07,46,1,1.0,1395.0,138.5,135.64
2015-03-08,46,1,1.0,1081.0,138.5,135.64
2015-03-09,46,1,,308.0,140.67,
2015-03-10,46,1,,276.0,140.67,
2015-03-11,46,1,,427.0,140.67,
2015-03-12,46,1,,386.0,140.67,
2015-03-13,46,1,,412.0,140.67,
2015-03-14,46,1,,559.0,140.67,
2015-03-15,46,1,,415.0,140.67,
2015-03-16,46,1,,434.0,140.67,
2015-03-17,46,1,1.0,3591.0,140.67,127.49
2015-03-18,46,1,1.0,3987.0,140.67,127.49
2015-03-19,46,1,1.0,2761.0,140.67,127.49
2015-03-20,46,1,1.0,3292.0,140.67,127.49
2015-03-21,46,1,1.0,1703.0,140.67,127.49
2015-03-22,46,1,1.0,1693.0,140.67,127.49
2015-03-23,46,1,1.0,707.0,140.67,127.49
2015-03-24,46,1,,324.0,140.67,
2015-03-25,46,1,,324.0,140.67,
2015-03-26,46,1,,751.0,131.97,
2015-03-27,46,1,,719.0,131.97,
2015-03-28,46,1,,587.0,131.97,
2015-03-29,46,1,,405.0,131.97,
2015-03-30,46,1,,217.0,131.97,
2015-03-31,46,1,,481.0,131.97,
2015-01-01,48,1,,6.0,163.78,
2015-01-02,48,1,,28.0,163.78,
2015-01-03,48,1,,9.0,163.78,
2015-01-04,48,1,,31.0,163.78,
2015-01-05,48,1,,35.0,163.78,
2015-01-06,48,1,,47.0,163.78,
2015-01-07,48,1,,35.0,163.78,
2015-01-08,48,1,,38.0,163.78,
2015-01-09,48,1,,57.0,163.78,
2015-01-10,48,1,,35.0,163.78,
2015-01-11,48,1,,25.0,163.78,
2015-01-12,48,1,,41.0,163.78,
2015-01-13,48,1,,57.0,163.78,
2015-01-14,48,1,,31.0,168.4,
2015-01-15,48,1,,50.0,168.4,
2015-01-16,48,1,,75.0,168.4,
2015-01-17,48,1,,60.0,168.4,
2015-01-18,48,1,,31.0,168.4,
2015-01-19,48,1,,53.0,168.4,
2015-01-20,48,1,,72.0,168.4,
2015-01-21,48,1,,69.0,168.4,
2015-01-22,48,1,,31.0,168.4,
2015-01-23,48,1,,107.0,160.24,
2015-01-24,48,1,,148.0,160.24,
2015-01-25,48,1,,79.0,160.24,
2015-01-26,48,1,,72.0,160.24,
2015-01-27,48,1,,116.0,160.24,
2015-01-28,48,1,,286.0,146.92,
2015-01-29,48,1,,223.0,146.92,
2015-01-30,48,1,,236.0,146.92,
2015-01-31,48,1,,154.0,146.92,
2015-02-01,48,1,,167.0,146.92,
2015-02-02,48,1,,242.0,146.92,
2015-02-03,48,1,,173.0,146.92,
2015-02-04,48,1,,314.0,146.92,
2015-02-05,48,1,,132.0,146.92,
2015-02-06,48,1,,248.0,146.92,
2015-02-07,48,1,,173.0,146.92,
2015-02-08,48,1,,160.0,146.92,
2015-02-09,48,1,,151.0,146.92,
2015-02-10,48,1,,229.0,146.92,
2015-02-11,48,1,,368.0,146.92,
2015-02-12,48,1,,295.0,146.92,
2015-02-13,48,1,,352.0,149.37,
2015-02-14,48,1,,314.0,149.37,
2015-02-15,48,1,,141.0,149.37,
2015-02-16,48,1,,204.0,149.37,
2015-02-17,48,1,1.0,1731.0,149.37,143.8
2015-02-18,48,1,1.0,1263.0,149.37,135.64
2015-02-19,48,1,1.0,1838.0,149.37,135.64
2015-02-20,48,1,1.0,1473.0,149.37,135.64
2015-02-21,48,1,1.0,1225.0,149.37,135.64
2015-02-22,48,1,1.0,685.0,149.37,135.64
2015-02-23,48,1,1.0,704.0,149.37,135.64
2015-02-24,48,1,,305.0,149.37,
2015-02-25,48,1,,135.0,149.37,
2015-02-26,48,1,,101.0,149.37,
2015-02-27,48,1,,239.0,143.93,
2015-02-28,48,1,,427.0,143.93,
2015-03-01,48,1,,408.0,143.93,
2015-03-02,48,1,,405.0,143.93,
2015-03-03,48,1,1.0,449.0,143.93,138.36
2015-03-04,48,1,1.0,386.0,143.93,135.64
2015-03-05,48,1,1.0,487.0,138.5,135.64
2015-03-06,48,1,1.0,565.0,138.5,135.64
2015-03-07,48,1,1.0,839.0,138.5,135.64
2015-03-08,48,1,1.0,459.0,138.5,135.64
2015-03-09,48,1,,188.0,140.67,
2015-03-10,48,1,,154.0,140.67,
2015-03-11,48,1,,405.0,140.67,
2015-03-12,48,1,,173.0,140.67,
2015-03-13,48,1,,324.0,140.67,
2015-03-14,48,1,,251.0,140.67,
2015-03-15,48,1,,226.0,140.67,
2015-03-16,48,1,,355.0,140.67,
2015-03-17,48,1,1.0,6736.0,140.67,127.49
2015-03-18,48,1,1.0,2102.0,140.67,127.49
2015-03-19,48,1,1.0,1260.0,140.67,127.49
2015-03-20,48,1,1.0,1222.0,140.67,127.49
2015-03-21,48,1,1.0,961.0,140.67,127.49
2015-03-22,48,1,1.0,1203.0,140.67,127.49
2015-03-23,48,1,1.0,556.0,140.67,127.49
2015-03-24,48,1,,123.0,140.67,
2015-03-25,48,1,,97.0,140.67,
2015-03-26,48,1,,195.0,131.97,
2015-03-27,48,1,,361.0,131.97,
2015-03-28,48,1,,330.0,131.97,
2015-03-29,48,1,,207.0,131.97,
2015-03-30,48,1,,163.0,131.97,
2015-01-01,84,1,,0.0,163.78,
2015-01-02,84,1,,6.0,163.78,
2015-01-03,84,1,,13.0,163.78,
2015-01-04,84,1,,35.0,163.78,
2015-01-05,84,1,,16.0,163.78,
2015-01-06,84,1,,9.0,163.78,
2015-01-07,84,1,,9.0,163.78,
2015-01-08,84,1,,13.0,163.78,
2015-01-09,84,1,,19.0,163.78,
2015-01-10,84,1,,9.0,163.78,
2015-01-11,84,1,,13.0,163.78,
2015-01-12,84,1,,19.0,163.78,
2015-01-13,84,1,,13.0,163.78,
2015-01-14,84,1,,16.0,168.4,
2015-01-15,84,1,,13.0,168.4,
2015-01-16,84,1,,9.0,168.4,
2015-01-17,84,1,,22.0,168.4,
2015-01-18,84,1,,9.0,168.4,
2015-01-19,84,1,,19.0,168.4,
2015-01-20,84,1,,13.0,168.4,
2015-01-21,84,1,,57.0,168.4,
2015-01-22,84,1,,13.0,168.4,
2015-01-23,84,1,,22.0,160.24,
2015-01-24,84,1,,31.0,160.24,
2015-01-25,84,1,,35.0,160.24,
2015-01-26,84,1,,6.0,160.24,
2015-01-27,84,1,,35.0,160.24,
2015-01-28,84,1,,38.0,146.92,
2015-01-29,84,1,,35.0,146.92,
2015-01-30,84,1,,35.0,146.92,
2015-01-31,84,1,,91.0,146.92,
2015-02-01,84,1,,25.0,146.92,
2015-02-02,84,1,,66.0,146.92,
2015-02-03,84,1,,41.0,146.92,
2015-02-04,84,1,,28.0,146.92,
2015-02-05,84,1,,19.0,146.92,
2015-02-06,84,1,,41.0,146.92,
2015-02-07,84,1,,31.0,146.92,
2015-02-08,84,1,,19.0,146.92,
2015-02-09,84,1,,38.0,146.92,
2015-02-10,84,1,,47.0,146.92,
2015-02-11,84,1,,53.0,146.92,
2015-02-12,84,1,,35.0,146.92,
2015-02-13,84,1,,38.0,149.37,
2015-02-14,84,1,,75.0,149.37,
2015-02-15,84,1,,63.0,149.37,
2015-02-16,84,1,,38.0,149.37,
2015-02-17,84,1,1.0,179.0,149.37,143.8
2015-02-18,84,1,1.0,173.0,149.37,135.64
2015-02-19,84,1,1.0,657.0,149.37,135.64
2015-02-20,84,1,1.0,487.0,149.37,135.64
2015-02-21,84,1,1.0,298.0,149.37,135.64
2015-02-22,84,1,1.0,251.0,149.37,135.64
2015-02-23,84,1,1.0,283.0,149.37,135.64
2015-02-24,84,1,,72.0,149.37,
2015-02-25,84,1,,50.0,149.37,
2015-02-26,84,1,,157.0,149.37,
2015-02-27,84,1,,104.0,143.93,
2015-02-28,84,1,,154.0,143.93,
2015-03-01,84,1,,298.0,143.93,
2015-03-02,84,1,,151.0,143.93,
2015-03-03,84,1,1.0,88.0,143.93,138.36
2015-03-04,84,1,1.0,72.0,143.93,135.64
2015-03-05,84,1,1.0,223.0,138.5,135.64
2015-03-06,84,1,1.0,91.0,138.5,135.64
2015-03-07,84,1,1.0,148.0,138.5,135.64
2015-03-08,84,1,1.0,75.0,138.5,135.64
2015-03-09,84,1,,176.0,140.67,
2015-03-10,84,1,,182.0,140.67,
2015-03-11,84,1,,195.0,140.67,
2015-03-12,84,1,,163.0,140.67,
2015-03-13,84,1,,119.0,140.67,
2015-03-14,84,1,,101.0,140.67,
2015-03-15,84,1,,123.0,140.67,
2015-03-16,84,1,,47.0,140.67,
2015-03-17,84,1,1.0,553.0,140.67,127.49
2015-03-18,84,1,1.0,990.0,140.67,127.49
2015-03-19,84,1,1.0,779.0,140.67,127.49
2015-03-20,84,1,1.0,484.0,140.67,127.49
2015-03-21,84,1,1.0,408.0,140.67,127.49
2015-03-22,84,1,1.0,443.0,140.67,127.49
2015-03-23,84,1,1.0,506.0,140.67,127.49
2015-03-24,84,1,,60.0,140.67,
2015-03-25,84,1,,66.0,140.67,
2015-03-26,84,1,,75.0,131.97,
2015-03-27,84,1,,113.0,131.97,
2015-03-28,84,1,,88.0,131.97,
2015-03-29,84,1,,107.0,131.97,
2015-03-30,84,1,,69.0,131.97,
2015-01-01,38,1,,19.0,163.78,
2015-01-02,38,1,,119.0,163.78,
2015-01-03,38,1,,79.0,163.78,
2015-01-04,38,1,,79.0,163.78,
2015-01-05,38,1,,154.0,163.78,
2015-01-06,38,1,,82.0,163.78,
2015-01-07,38,1,,97.0,163.78,
2015-01-08,38,1,,119.0,163.78,
2015-01-09,38,1,,163.0,163.78,
2015-01-10,38,1,,91.0,163.78,
2015-01-11,38,1,,129.0,163.78,
2015-01-12,38,1,,188.0,163.78,
2015-01-13,38,1,,145.0,163.78,
2015-01-14,38,1,,82.0,168.4,
2015-01-15,38,1,,94.0,168.4,
2015-01-16,38,1,,167.0,168.4,
2015-01-17,38,1,,129.0,168.4,
2015-01-18,38,1,,107.0,168.4,
2015-01-19,38,1,,110.0,168.4,
2015-01-20,38,1,,104.0,168.4,
2015-01-21,38,1,,170.0,168.4,
2015-01-22,38,1,,383.0,168.4,
2015-01-23,38,1,,182.0,160.24,
2015-01-24,38,1,,157.0,160.24,
2015-01-25,38,1,,182.0,160.24,
2015-01-26,38,1,,185.0,160.24,
2015-01-27,38,1,,104.0,160.24,
2015-01-28,38,1,,289.0,146.92,
2015-01-29,38,1,,242.0,146.92,
2015-01-30,38,1,,232.0,146.92,
2015-01-31,38,1,,471.0,146.92,
2015-02-01,38,1,,220.0,146.92,
2015-02-02,38,1,,188.0,146.92,
2015-02-03,38,1,,229.0,146.92,
2015-02-04,38,1,,336.0,146.92,
2015-02-05,38,1,,339.0,146.92,
2015-02-06,38,1,,364.0,146.92,
2015-02-07,38,1,,474.0,146.92,
2015-02-08,38,1,,374.0,146.92,
2015-02-09,38,1,,261.0,146.92,
2015-02-10,38,1,,336.0,146.92,
2015-02-11,38,1,,204.0,146.92,
2015-02-12,38,1,,270.0,146.92,
2015-02-13,38,1,,283.0,149.37,
2015-02-14,38,1,,361.0,149.37,
2015-02-15,38,1,,449.0,149.37,
2015-02-16,38,1,,220.0,149.37,
2015-02-17,38,1,1.0,2287.0,149.37,143.8
2015-02-18,38,1,1.0,478.0,149.37,135.64
2015-02-19,38,1,1.0,1596.0,149.37,135.64
2015-02-20,38,1,1.0,1389.0,149.37,135.64
2015-02-21,38,1,1.0,1618.0,149.37,135.64
2015-02-22,38,1,1.0,917.0,149.37,135.64
2015-02-23,38,1,1.0,613.0,149.37,135.64
2015-02-24,38,1,,217.0,149.37,
2015-02-25,38,1,,478.0,149.37,
2015-02-26,38,1,,267.0,149.37,
2015-02-27,38,1,,339.0,143.93,
2015-02-28,38,1,,748.0,143.93,
2015-03-01,38,1,,861.0,143.93,
2015-03-02,38,1,,754.0,143.93,
2015-03-03,38,1,1.0,807.0,143.93,138.36
2015-03-04,38,1,1.0,619.0,143.93,135.64
2015-03-05,38,1,1.0,679.0,138.5,135.64
2015-03-06,38,1,1.0,1140.0,138.5,135.64
2015-03-07,38,1,1.0,1354.0,138.5,135.64
2015-03-08,38,1,1.0,930.0,138.5,135.64
2015-03-09,38,1,,339.0,140.67,
2015-03-10,38,1,,361.0,140.67,
2015-03-11,38,1,,374.0,140.67,
2015-03-12,38,1,,383.0,140.67,
2015-03-13,38,1,,198.0,147.74,
2015-03-14,38,1,,289.0,147.74,
2015-03-15,38,1,,713.0,147.74,
2015-03-16,38,1,,273.0,147.74,
2015-03-17,38,1,1.0,6465.0,147.74,127.49
2015-03-18,38,1,1.0,4775.0,147.74,127.49
2015-03-19,38,1,1.0,1587.0,147.74,127.49
2015-03-20,38,1,1.0,1637.0,147.74,127.49
2015-03-21,38,1,1.0,1539.0,147.74,127.49
2015-03-22,38,1,1.0,1426.0,147.74,127.49
2015-03-23,38,1,1.0,1360.0,147.74,127.49
2015-03-24,38,1,,283.0,147.74,
2015-03-25,38,1,,355.0,147.74,
2015-03-26,38,1,,421.0,131.97,
2015-03-27,38,1,,823.0,131.97,
2015-03-28,38,1,,842.0,131.97,
2015-03-29,38,1,,609.0,131.97,
2015-03-30,38,1,,553.0,131.97,
2015-01-01,31,1,,28.0,163.78,
2015-01-02,31,1,,57.0,163.78,
2015-01-03,31,1,,101.0,163.78,
2015-01-04,31,1,,75.0,163.78,
2015-01-05,31,1,,72.0,163.78,
2015-01-06,31,1,,116.0,163.78,
2015-01-07,31,1,,113.0,163.78,
2015-01-08,31,1,,154.0,163.78,
2015-01-09,31,1,,88.0,163.78,
2015-01-10,31,1,,88.0,163.78,
2015-01-11,31,1,,116.0,163.78,
2015-01-12,31,1,,107.0,163.78,
2015-01-13,31,1,,104.0,163.78,
2015-01-14,31,1,,60.0,168.4,
2015-01-15,31,1,,116.0,168.4,
2015-01-16,31,1,,113.0,168.4,
2015-01-17,31,1,,145.0,168.4,
2015-01-18,31,1,,94.0,168.4,
2015-01-19,31,1,,101.0,168.4,
2015-01-20,31,1,,116.0,168.4,
2015-01-21,31,1,,119.0,168.4,
2015-01-22,31,1,,104.0,168.4,
2015-01-23,31,1,,123.0,160.24,
2015-01-24,31,1,,119.0,160.24,
2015-01-25,31,1,,116.0,160.24,
2015-01-26,31,1,,101.0,160.24,
2015-01-27,31,1,,91.0,160.24,
2015-01-28,31,1,,119.0,146.92,
2015-01-29,31,1,,113.0,146.92,
2015-01-30,31,1,,91.0,146.92,
2015-01-31,31,1,,126.0,146.92,
2015-02-01,31,1,,126.0,146.92,
2015-02-02,31,1,,101.0,146.92,
2015-02-03,31,1,,160.0,146.92,
2015-02-04,31,1,,135.0,146.92,
2015-02-05,31,1,,75.0,146.92,
2015-02-06,31,1,,138.0,146.92,
2015-02-07,31,1,,132.0,146.92,
2015-02-08,31,1,,110.0,146.92,
2015-02-09,31,1,,132.0,146.92,
2015-02-10,31,1,,123.0,146.92,
2015-02-11,31,1,,148.0,146.92,
2015-02-12,31,1,,157.0,146.92,
2015-02-13,31,1,,192.0,149.37,
2015-02-14,31,1,,113.0,149.37,
2015-02-15,31,1,,141.0,149.37,
2015-02-16,31,1,,173.0,149.37,
2015-02-17,31,1,1.0,242.0,149.37,143.8
2015-02-18,31,1,1.0,123.0,149.37,135.64
2015-02-19,31,1,1.0,368.0,149.37,135.64
2015-02-20,31,1,1.0,327.0,149.37,135.64
2015-02-21,31,1,1.0,317.0,149.37,135.64
2015-02-22,31,1,1.0,192.0,149.37,135.64
2015-02-23,31,1,1.0,239.0,149.37,135.64
2015-02-24,31,1,,182.0,149.37,
2015-02-25,31,1,,173.0,149.37,
2015-02-26,31,1,,157.0,149.37,
2015-02-27,31,1,,148.0,143.93,
2015-02-28,31,1,,195.0,143.93,
2015-03-01,31,1,,232.0,143.93,
2015-03-02,31,1,,308.0,143.93,
2015-03-03,31,1,1.0,173.0,143.93,138.36
2015-03-04,31,1,1.0,151.0,143.93,135.64
2015-03-05,31,1,1.0,192.0,138.5,135.64
2015-03-06,31,1,1.0,236.0,138.5,135.64
2015-03-07,31,1,1.0,129.0,138.5,135.64
2015-03-08,31,1,1.0,82.0,138.5,135.64
2015-03-09,31,1,,135.0,140.67,
2015-03-10,31,1,,135.0,140.67,
2015-03-11,31,1,,179.0,140.67,
2015-03-12,31,1,,185.0,140.67,
2015-03-13,31,1,,192.0,140.67,
2015-03-14,31,1,,141.0,140.67,
2015-03-15,31,1,,185.0,140.67,
2015-03-16,31,1,,119.0,140.67,
2015-03-17,31,1,1.0,591.0,140.67,127.49
2015-03-18,31,1,1.0,631.0,140.67,127.49
2015-03-19,31,1,1.0,522.0,140.67,127.49
2015-03-20,31,1,1.0,518.0,140.67,127.49
2015-03-21,31,1,1.0,440.0,140.67,127.49
2015-03-22,31,1,1.0,496.0,140.67,127.49
2015-03-23,31,1,1.0,229.0,140.67,127.49
2015-03-24,31,1,,113.0,140.67,
2015-03-25,31,1,,179.0,140.67,
2015-03-26,31,1,,248.0,131.97,
2015-03-27,31,1,,305.0,131.97,
2015-03-28,31,1,,157.0,131.97,
2015-03-29,31,1,,154.0,131.97,
2015-03-30,31,1,,192.0,131.97,
2015-03-31,31,1,,163.0,131.97,
