data_kaggle.csv
Date,Store_id,SKU_id,Promo,Demand,Regular_Price,Promo_Price
2015-01-01,30,1,,16.0,163.78,
2015-01-02,30,1,,28.0,163.78,
2015-01-03,30,1,,53.0,163.78,
2015-01-04,30,1,,85.0,163.78,
2015-01-05,30,1,,63.0,163.78,
2015-01-06,30,1,,97.0,163.78,
2015-01-07,30,1,,41.0,163.78,
2015-01-08,30,1,,41.0,163.78,
2015-01-09,30,1,,79.0,163.78,
2015-01-10,30,1,,72.0,163.78,
2015-01-11,30,1,,88.0,163.78,
2015-01-12,30,1,,79.0,163.78,
2015-01-13,30,1,,97.0,163.78,
2015-01-14,30,1,,126.0,168.4,
2015-01-15,30,1,,132.0,168.4,
2015-01-16,30,1,,91.0,168.4,
2015-01-17,30,1,,82.0,168.4,
2015-01-18,30,1,,91.0,168.4,
2015-01-19,30,1,,113.0,168.4,
2015-01-20,30,1,,110.0,168.4,
2015-01-21,30,1,,132.0,168.4,
2015-01-22,30,1,,63.0,168.4,
2015-01-23,30,1,,104.0,160.24,
2015-01-24,30,1,,79.0,160.24,
2015-01-25,30,1,,132.0,160.24,
2015-01-26,30,1,,101.0,160.24,
2015-01-27,30,1,,145.0,160.24,
2015-01-28,30,1,,173.0,146.92,
2015-01-29,30,1,,204.0,146.92,
2015-01-30,30,1,,132.0,146.92,
2015-01-31,30,1,,126.0,146.92,
2015-02-01,30,1,,104.0,146.92,
2015-02-02,30,1,,88.0,146.92,
2015-02-03,30,1,,167.0,146.92,
2015-02-04,30,1,,151.0,146.92,
2015-02-05,30,1,,145.0,146.92,
2015-02-06,30,1,,88.0,146.92,
2015-02-07,30,1,,179.0,146.92,
2015-02-08,30,1,,148.0,146.92,
2015-02-09,30,1,,182.0,146.92,
2015-02-10,30,1,,192.0,146.92,
2015-02-11,30,1,,192.0,146.92,
2015-02-12,30,1,,141.0,146.92,
2015-02-13,30,1,,132.0,149.37,
2015-02-14,30,1,,151.0,149.37,
2015-02-15,30,1,,145.0,149.37,
2015-02-16,30,1,,97.0,149.37,
2015-02-17,30,1,1.0,1590.0,149.37,143.8
2015-02-18,30,1,1.0,242.0,149.37,135.64
2015-02-19,30,1,1.0,229.0,149.37,135.64
2015-02-20,30,1,1.0,305.0,149.37,135.64
2015-02-21,30,1,1.0,248.0,149.37,135.64
2015-02-22,30,1,1.0,264.0,149.37,135.64
2015-02-23,30,1,1.0,201.0,149.37,135.64
2015-02-24,30,1,,94.0,149.37,
2015-02-25,30,1,,157.0,149.37,
2015-02-26,30,1,,113.0,149.37,
2015-02-27,30,1,,151.0,143.93,
2015-02-28,30,1,,129.0,143.93,
2015-03-01,30,1,,283.0,143.93,
2015-03-02,30,1,,214.0,143.93,
2015-03-03,30,1,1.0,289.0,143.93,138.36
2015-03-04,30,1,1.0,226.0,143.93,135.64
2015-03-05,30,1,1.0,496.0,138.5,135.64
2015-03-06,30,1,1.0,320.0,138.5,135.64
2015-03-07,30,1,1.0,179.0,138.5,135.64
2015-03-08,30,1,1.0,214.0,138.5,135.64
2015-03-09,30,1,,132.0,140.67,
2015-03-10,30,1,,151.0,140.67,
2015-03-11,30,1,,126.0,140.67,
2015-03-12,30,1,,126.0,140.67,
2015-03-13,30,1,,201.0,140.67,
2015-03-14,30,1,,201.0,140.67,
2015-03-15,30,1,,173.0,140.67,
2015-03-16,30,1,,151.0,140.67,
2015-03-17,30,1,1.0,735.0,140.67,127.49
2015-03-18,30,1,1.0,669.0,140.67,127.49
2015-03-19,30,1,1.0,619.0,140.67,127.49
2015-03-20,30,1,1.0,732.0,140.67,127.49
2015-03-21,30,1,1.0,358.0,140.67,127.49
2015-03-22,30,1,1.0,361.0,140.67,127.49
2015-03-23,30,1,1.0,254.0,140.67,127.49
2015-03-24,30,1,,101.0,140.67,
2015-03-25,30,1,,113.0,140.67,
2015-03-26,30,1,,148.0,131.97,
2015-03-27,30,1,,210.0,131.97,
2015-03-28,30,1,,251.0,131.97,
2015-03-29,30,1,,229.0,131.97,
2015-03-30,30,1,,204.0,131.97,
2015-01-01,29,1,,31.0,171.93,
2015-01-02,29,1,,101.0,171.93,
2015-01-03,29,1,,176.0,171.93,
2015-01-04,29,1,,141.0,171.93,
2015-01-05,29,1,,157.0,171.93,
2015-01-06,29,1,,116.0,171.93,
2015-01-07,29,1,,132.0,171.93,
2015-01-08,29,1,,119.0,171.93,
2015-01-09,29,1,,135.0,171.93,
2015-01-10,29,1,,160.0,171.93,
2015-01-11,29,1,,207.0,171.93,
2015-01-12,29,1,,148.0,171.93,
2015-01-13,29,1,,236.0,171.93,
2015-01-14,29,1,,182.0,176.82,
2015-01-15,29,1,,138.0,176.82,
2015-01-16,29,1,,160.0,176.82,
2015-01-17,29,1,,176.0,176.82,
2015-01-18,29,1,,214.0,176.82,
2015-01-19,29,1,,173.0,176.82,
2015-01-20,29,1,,160.0,176.82,
2015-01-21,29,1,,138.0,176.82,
2015-01-22,29,1,,157.0,176.82,
2015-01-23,29,1,,154.0,168.4,
2015-01-24,29,1,,154.0,168.4,
2015-01-25,29,1,,185.0,168.4,
2015-01-26,29,1,,179.0,168.4,
2015-01-27,29,1,,141.0,168.4,
2015-01-28,29,1,,210.0,154.26,
2015-01-29,29,1,,145.0,154.26,
2015-01-30,29,1,,229.0,154.26,
2015-01-31,29,1,,305.0,154.26,
2015-02-01,29,1,,170.0,154.26,
2015-02-02,29,1,,173.0,154.26,
2015-02-03,29,1,,217.0,154.26,
2015-02-04,29,1,,305.0,154.26,
2015-02-05,29,1,,273.0,154.26,
2015-02-06,29,1,,254.0,154.26,
2015-02-07,29,1,,251.0,154.26,
2015-02-08,29,1,,214.0,154.26,
2015-02-09,29,1,,258.0,154.26,
2015-02-10,29,1,,314.0,154.26,
2015-02-11,29,1,,289.0,154.26,
2015-02-12,29,1,,248.0,154.26,
2015-02-13,29,1,,160.0,156.98,
2015-02-14,29,1,,289.0,156.98,
2015-02-15,29,1,,204.0,156.98,
2015-02-16,29,1,,245.0,156.98,
2015-02-17,29,1,1.0,1593.0,156.98,143.8
2015-02-18,29,1,1.0,773.0,156.98,135.64
2015-02-19,29,1,1.0,1222.0,156.98,135.64
2015-02-20,29,1,1.0,1096.0,156.98,135.64
2015-02-21,29,1,1.0,949.0,156.98,135.64
2015-02-22,29,1,1.0,732.0,156.98,135.64
2015-02-23,29,1,1.0,421.0,156.98,135.64
2015-02-24,29,1,,179.0,156.98,
2015-02-25,29,1,,185.0,156.98,
2015-02-26,29,1,,248.0,156.98,
2015-02-27,29,1,,236.0,151.27,
2015-02-28,29,1,,418.0,151.27,
2015-03-01,29,1,,653.0,151.27,
2015-03-02,29,1,,490.0,151.27,
2015-03-03,29,1,1.0,679.0,151.27,138.36
2015-03-04,29,1,1.0,839.0,151.27,135.64
2015-03-05,29,1,1.0,977.0,145.56,135.64
2015-03-06,29,1,1.0,748.0,145.56,135.64
2015-03-07,29,1,1.0,1426.0,145.56,135.64
2015-03-08,29,1,1.0,509.0,145.56,135.64
2015-03-09,29,1,,289.0,147.74,
2015-03-10,29,1,,305.0,147.74,
2015-03-11,29,1,,182.0,147.74,
2015-03-12,29,1,,295.0,147.74,
2015-03-13,29,1,,198.0,147.74,
2015-03-14,29,1,,210.0,147.74,
2015-03-15,29,1,,198.0,147.74,
2015-03-16,29,1,,236.0,147.74,
2015-03-17,29,1,1.0,2212.0,147.74,127.49
2015-03-18,29,1,1.0,1879.0,147.74,127.49
2015-03-19,29,1,1.0,1992.0,147.74,127.49
2015-03-20,29,1,1.0,2048.0,147.74,127.49
2015-03-21,29,1,1.0,1429.0,147.74,127.49
2015-03-22,29,1,1.0,1521.0,147.74,127.49
2015-03-23,29,1,1.0,1508.0,147.74,127.49
2015-03-24,29,1,,254.0,147.74,
2015-03-25,29,1,,239.0,147.74,
2015-03-26,29,1,,434.0,131.97,
2015-03-27,29,1,,657.0,131.97,
2015-03-28,29,1,,459.0,131.97,
2015-03-29,29,1,,380.0,131.97,
2015-03-30,29,1,,415.0,131.97,
2015-03-31,29,1,,446.0,131.97,
2015-01-01,28,1,,22.0,163.78,
2015-01-02,28,1,,50.0,163.78,
2015-01-03,28,1,,126.0,163.78,
2015-01-04,28,1,,35.0,163.78,
2015-01-05,28,1,,69.0,163.78,
2015-01-06,28,1,,75.0,163.78,
2015-01-07,28,1,,72.0,163.78,
2015-01-08,28,1,,94.0,163.78,
2015-01-09,28,1,,126.0,163.78,
2015-01-10,28,1,,75.0,163.78,
2015-01-11,28,1,,63.0,163.78,
2015-01-12,28,1,,82.0,163.78,
2015-01-13,28,1,,123.0,163.78,
2015-01-14,28,1,,88.0,168.4,
2015-01-15,28,1,,97.0,168.4,
2015-01-16,28,1,,198.0,168.4,
2015-01-17,28,1,,110.0,168.4,
2015-01-18,28,1,,126.0,168.4,
2015-01-19,28,1,,104.0,168.4,
2015-01-20,28,1,,113.0,168.4,
2015-01-21,28,1,,113.0,168.4,
2015-01-22,28,1,,79.0,168.4,
2015-01-23,28,1,,113.0,160.24,
2015-01-24,28,1,,207.0,160.24,
2015-01-25,28,1,,151.0,160.24,
2015-01-26,28,1,,91.0,160.24,
2015-01-27,28,1,,135.0,160.24,
2015-01-28,28,1,,424.0,146.92,
2015-01-29,28,1,,305.0,146.92,
2015-01-30,28,1,,242.0,146.92,
2015-01-31,28,1,,242.0,146.92,
2015-02-01,28,1,,195.0,146.92,
2015-02-02,28,1,,167.0,146.92,
2015-02-03,28,1,,210.0,146.92,
2015-02-04,28,1,,342.0,146.92,
2015-02-05,28,1,,314.0,146.92,
2015-02-06,28,1,,412.0,146.92,
2015-02-07,28,1,,434.0,146.92,
2015-02-08,28,1,,226.0,146.92,
2015-02-09,28,1,,229.0,146.92,
2015-02-10,28,1,,390.0,146.92,
2015-02-11,28,1,,352.0,146.92,
2015-02-12,28,1,,298.0,146.92,
2015-02-13,28,1,,283.0,149.37,
2015-02-14,28,1,,368.0,149.37,
2015-02-15,28,1,,327.0,149.37,
2015-02-16,28,1,,154.0,149.37,
2015-02-17,28,1,1.0,402.0,149.37,143.8
2015-02-18,28,1,1.0,506.0,149.37,135.64
2015-02-19,28,1,1.0,1065.0,149.37,135.64
2015-02-20,28,1,1.0,814.0,149.37,135.64
2015-02-21,28,1,1.0,1197.0,149.37,135.64
2015-02-22,28,1,1.0,801.0,149.37,135.64
2015-02-23,28,1,1.0,619.0,149.37,135.64
2015-02-24,28,1,,126.0,149.37,
2015-02-25,28,1,,207.0,149.37,
2015-02-26,28,1,,201.0,149.37,
2015-02-27,28,1,,270.0,143.93,
2015-02-28,28,1,,616.0,143.93,
2015-03-01,28,1,,500.0,143.93,
2015-03-02,28,1,,346.0,143.93,
2015-03-03,28,1,1.0,471.0,143.93,138.36
2015-03-04,28,1,1.0,515.0,143.93,135.64
2015-03-05,28,1,1.0,176.0,138.5,135.64
2015-03-06,28,1,1.0,276.0,138.5,135.64
2015-03-07,28,1,1.0,757.0,138.5,135.64
2015-03-08,28,1,1.0,377.0,138.5,135.64
2015-03-09,28,1,,116.0,140.67,
2015-03-10,28,1,,346.0,140.67,
2015-03-11,28,1,,358.0,140.67,
2015-03-12,28,1,,355.0,140.67,
2015-03-13,28,1,,280.0,140.67,
2015-03-14,28,1,,399.0,140.67,
2015-03-15,28,1,,311.0,140.67,
2015-03-16,28,1,,223.0,140.67,
2015-03-17,28,1,1.0,1916.0,140.67,127.49
2015-03-18,28,1,1.0,1587.0,140.67,127.49
2015-03-19,28,1,1.0,1511.0,140.67,127.49
2015-03-20,28,1,1.0,1517.0,140.67,127.49
2015-03-21,28,1,1.0,1373.0,140.67,127.49
2015-03-22,28,1,1.0,1464.0,140.67,127.49
2015-03-23,28,1,1.0,898.0,140.67,127.49
2015-03-24,28,1,,160.0,140.67,
2015-03-25,28,1,,148.0,140.67,
2015-03-26,28,1,,427.0,131.97,
2015-03-27,28,1,,631.0,131.97,
2015-03-28,28,1,,380.0,131.97,
2015-03-29,28,1,,518.0,131.97,
2015-03-30,28,1,,223.0,131.97,
2015-01-01,32,1,,9.0,163.78,
2015-01-02,32,1,,31.0,163.78,
2015-01-03,32,1,,57.0,163.78,
2015-01-04,32,1,,47.0,163.78,
2015-01-05,32,1,,63.0,163.78,
2015-01-06,32,1,,57.0,163.78,
2015-01-07,32,1,,47.0,163.78,
2015-01-08,32,1,,135.0,163.78,
2015-01-09,32,1,,60.0,163.78,
2015-01-10,32,1,,75.0,163.78,
2015-01-11,32,1,,47.0,163.78,
2015-01-12,32,1,,94.0,163.78,
2015-01-13,32,1,,101.0,163.78,
2015-01-14,32,1,,57.0,168.4,
2015-01-15,32,1,,53.0,168.4,
2015-01-16,32,1,,38.0,168.4,
2015-01-17,32,1,,82.0,168.4,
2015-01-18,32,1,,47.0,168.4,
2015-01-19,32,1,,66.0,168.4,
2015-01-20,32,1,,72.0,168.4,
2015-01-21,32,1,,60.0,168.4,
2015-01-22,32,1,,47.0,168.4,
2015-01-23,32,1,,69.0,160.24,
2015-01-24,32,1,,75.0,160.24,
2015-01-25,32,1,,60.0,160.24,
2015-01-26,32,1,,138.0,160.24,
2015-01-27,32,1,,151.0,160.24,
2015-01-28,32,1,,182.0,146.92,
2015-01-29,32,1,,204.0,146.92,
2015-01-30,32,1,,204.0,146.92,
2015-01-31,32,1,,167.0,146.92,
2015-02-01,32,1,,129.0,146.92,
2015-02-02,32,1,,116.0,146.92,
2015-02-03,32,1,,176.0,146.92,
2015-02-04,32,1,,179.0,146.92,
2015-02-05,32,1,,182.0,146.92,
2015-02-06,32,1,,176.0,146.92,
2015-02-07,32,1,,223.0,146.92,
2015-02-08,32,1,,188.0,146.92,
2015-02-09,32,1,,154.0,146.92,
2015-02-10,32,1,,245.0,146.92,
2015-02-11,32,1,,192.0,146.92,
2015-02-12,32,1,,214.0,146.92,
2015-02-13,32,1,,214.0,149.37,
2015-02-14,32,1,,207.0,149.37,
2015-02-15,32,1,,151.0,149.37,
2015-02-16,32,1,,173.0,149.37,
2015-02-17,32,1,1.0,518.0,149.37,143.8
2015-02-18,32,1,1.0,550.0,149.37,135.64
2015-02-19,32,1,1.0,1181.0,149.37,135.64
2015-02-20,32,1,1.0,1451.0,149.37,135.64
2015-02-21,32,1,1.0,1304.0,149.37,135.64
2015-02-22,32,1,1.0,537.0,149.37,135.64
2015-02-23,32,1,1.0,939.0,149.37,135.64
2015-02-24,32,1,,138.0,149.37,
2015-02-25,32,1,,123.0,149.37,
2015-02-26,32,1,,151.0,149.37,
2015-02-27,32,1,,104.0,143.93,
2015-02-28,32,1,,261.0,143.93,
2015-03-01,32,1,,207.0,143.93,
2015-03-02,32,1,,207.0,143.93,
2015-03-03,32,1,1.0,239.0,143.93,138.36
2015-03-04,32,1,1.0,223.0,143.93,135.64
2015-03-05,32,1,1.0,968.0,138.5,135.64
2015-03-06,32,1,1.0,826.0,138.5,135.64
2015-03-07,32,1,1.0,368.0,138.5,135.64
2015-03-08,32,1,1.0,283.0,138.5,135.64
2015-03-09,32,1,,148.0,140.67,
2015-03-10,32,1,,276.0,140.67,
2015-03-11,32,1,,254.0,140.67,
2015-03-12,32,1,,145.0,140.67,
2015-03-13,32,1,,182.0,140.67,
2015-03-14,32,1,,182.0,140.67,
2015-03-15,32,1,,182.0,140.67,
2015-03-16,32,1,,182.0,140.67,
2015-03-17,32,1,1.0,697.0,140.67,127.49
2015-03-18,32,1,1.0,697.0,140.67,127.49
2015-03-19,32,1,1.0,697.0,140.67,127.49
2015-03-20,32,1,1.0,697.0,140.67,127.49
2015-03-21,32,1,1.0,697.0,140.67,127.49
2015-03-22,32,1,1.0,697.0,140.67,127.49
2015-03-23,32,1,1.0,697.0,140.67,127.49
2015-03-24,32,1,,182.0,140.67,
2015-03-25,32,1,,182.0,140.67,
2015-03-26,32,1,,182.0,131.97,
2015-03-27,32,1,,779.0,131.97,
2015-03-28,32,1,,396.0,131.97,
2015-03-29,32,1,,342.0,131.97,
2015-03-30,32,1,,302.0,131.97,
2015-01-01,37,1,,3.0,163.78,
2015-01-02,37,1,,28.0,163.78,
2015-01-03,37,1,,25.0,163.78,
2015-01-04,37,1,,25.0,163.78,
2015-01-05,37,1,,28.0,163.78,
2015-01-06,37,1,,88.0,163.78,
2015-01-07,37,1,,22.0,163.78,
2015-01-08,37,1,,35.0,163.78,
2015-01-09,37,1,,19.0,163.78,
2015-01-10,37,1,,16.0,163.78,
2015-01-11,37,1,,25.0,163.78,
2015-01-12,37,1,,75.0,163.78,
2015-01-13,37,1,,41.0,163.78,
2015-01-14,37,1,,19.0,168.4,
2015-01-15,37,1,,38.0,168.4,
2015-01-16,37,1,,69.0,168.4,
2015-01-17,37,1,,31.0,168.4,
2015-01-18,37,1,,16.0,168.4,
2015-01-19,37,1,,35.0,168.4,
2015-01-20,37,1,,60.0,168.4,
2015-01-21,37,1,,38.0,168.4,
2015-01-22,37,1,,41.0,168.4,
2015-01-23,37,1,,41.0,160.24,
2015-01-24,37,1,,53.0,160.24,
2015-01-25,37,1,,57.0,160.24,
2015-01-26,37,1,,57.0,160.24,
2015-01-27,37,1,,38.0,160.24,
2015-01-28,37,1,,170.0,146.92,
2015-01-29,37,1,,60.0,146.92,
2015-01-30,37,1,,148.0,146.92,
2015-01-31,37,1,,104.0,146.92,
2015-02-01,37,1,,63.0,146.92,
2015-02-02,37,1,,72.0,146.92,
2015-02-03,37,1,,182.0,146.92,
2015-02-04,37,1,,101.0,146.92,
2015-02-05,37,1,,107.0,146.92,
2015-02-06,37,1,,97.0,146.92,
2015-02-07,37,1,,82.0,146.92,
2015-02-08,37,1,,79.0,146.92,
2015-02-09,37,1,,116.0,146.92,
2015-02-10,37,1,,151.0,146.92,
2015-02-11,37,1,,220.0,146.92,
2015-02-12,37,1,,239.0,146.92,
2015-02-13,37,1,,311.0,149.37,
2015-02-14,37,1,,210.0,149.37,
2015-02-15,37,1,,289.0,149.37,
2015-02-16,37,1,,226.0,149.37,
2015-02-17,37,1,1.0,430.0,149.37,143.8
2015-02-18,37,1,1.0,415.0,149.37,135.64
2015-02-19,37,1,1.0,1109.0,149.37,135.64
2015-02-20,37,1,1.0,1348.0,149.37,135.64
2015-02-21,37,1,1.0,1310.0,149.37,135.64
2015-02-22,37,1,1.0,452.0,149.37,135.64
2015-02-23,37,1,1.0,581.0,149.37,135.64
2015-02-24,37,1,,176.0,149.37,
2015-02-25,37,1,,104.0,149.37,
2015-02-26,37,1,,154.0,149.37,
2015-02-27,37,1,,173.0,143.93,
2015-02-28,37,1,,374.0,143.93,
2015-03-01,37,1,,317.0,143.93,
2015-03-02,37,1,,280.0,143.93,
2015-03-03,37,1,1.0,324.0,143.93,138.36
2015-03-04,37,1,1.0,295.0,143.93,135.64
2015-03-05,37,1,1.0,324.0,138.5,135.64
2015-03-06,37,1,1.0,484.0,138.5,135.64
2015-03-07,37,1,1.0,675.0,138.5,135.64
2015-03-08,37,1,1.0,173.0,138.5,135.64
2015-03-09,37,1,,53.0,140.67,
2015-03-10,37,1,,163.0,140.67,
2015-03-11,37,1,,276.0,140.67,
2015-03-12,37,1,,176.0,140.67,
2015-03-13,37,1,,163.0,140.67,
2015-03-14,37,1,,157.0,140.67,
2015-03-15,37,1,,195.0,140.67,
2015-03-16,37,1,,185.0,140.67,
2015-03-17,37,1,1.0,1081.0,140.67,127.49
2015-03-18,37,1,1.0,1652.0,140.67,127.49
2015-03-19,37,1,1.0,1926.0,140.67,127.49
2015-03-20,37,1,1.0,2168.0,140.67,127.49
2015-03-21,37,1,1.0,760.0,140.67,127.49
2015-03-22,37,1,1.0,2743.0,140.67,127.49
2015-03-23,37,1,1.0,836.0,140.67,127.49
2015-03-24,37,1,,192.0,140.67,
2015-03-25,37,1,,91.0,140.67,
2015-03-26,37,1,,132.0,131.97,
2015-03-27,37,1,,383.0,131.97,
2015-03-28,37,1,,258.0,131.97,
2015-03-29,37,1,,308.0,131.97,
2015-03-30,37,1,,173.0,131.97,
2015-01-01,36,1,,60.0,163.78,
2015-01-02,36,1,,82.0,163.78,
2015-01-03,36,1,,129.0,163.78,
2015-01-04,36,1,,126.0,163.78,
2015-01-05,36,1,,91.0,163.78,
2015-01-06,36,1,,170.0,163.78,
2015-01-07,36,1,,47.0,163.78,
2015-01-08,36,1,,88.0,163.78,
2015-01-09,36,1,,123.0,163.78,
2015-01-10,36,1,,85.0,163.78,
2015-01-11,36,1,,195.0,163.78,
2015-01-12,36,1,,91.0,163.78,
2015-01-13,36,1,,119.0,163.78,
2015-01-14,36,1,,41.0,168.4,
2015-01-15,36,1,,116.0,168.4,
2015-01-16,36,1,,148.0,168.4,
2015-01-17,36,1,,85.0,168.4,
2015-01-18,36,1,,163.0,168.4,
2015-01-19,36,1,,75.0,168.4,
2015-01-20,36,1,,69.0,168.4,
2015-01-21,36,1,,60.0,168.4,
2015-01-22,36,1,,145.0,168.4,
2015-01-23,36,1,,60.0,160.24,
2015-01-24,36,1,,97.0,160.24,
2015-01-25,36,1,,223.0,160.24,
2015-01-26,36,1,,173.0,160.24,
2015-01-27,36,1,,210.0,160.24,
2015-01-28,36,1,,176.0,146.92,
2015-01-29,36,1,,223.0,146.92,
2015-01-30,36,1,,264.0,146.92,
2015-01-31,36,1,,245.0,146.92,
2015-02-01,36,1,,167.0,146.92,
2015-02-02,36,1,,305.0,146.92,
2015-02-03,36,1,,264.0,146.92,
2015-02-04,36,1,,327.0,146.92,
2015-02-05,36,1,,201.0,146.92,
2015-02-06,36,1,,449.0,146.92,
2015-02-07,36,1,,207.0,146.92,
2015-02-08,36,1,,317.0,146.92,
2015-02-09,36,1,,361.0,146.92,
2015-02-10,36,1,,339.0,146.92,
2015-02-11,36,1,,283.0,146.92,
2015-02-12,36,1,,236.0,146.92,
2015-02-13,36,1,,358.0,149.37,
2015-02-14,36,1,,311.0,149.37,
2015-02-15,36,1,,424.0,149.37,
2015-02-16,36,1,,223.0,149.37,
2015-02-17,36,1,1.0,660.0,149.37,143.8
2015-02-18,36,1,1.0,1275.0,149.37,135.64
2015-02-19,36,1,1.0,1759.0,149.37,135.64
2015-02-20,36,1,1.0,2306.0,149.37,135.64
2015-02-21,36,1,1.0,1345.0,149.37,135.64
2015-02-22,36,1,1.0,883.0,149.37,135.64
2015-02-23,36,1,1.0,679.0,149.37,135.64
2015-02-24,36,1,,242.0,149.37,
2015-02-25,36,1,,204.0,149.37,
2015-02-26,36,1,,192.0,149.37,
2015-02-27,36,1,,289.0,143.93,
2015-02-28,36,1,,713.0,143.93,
2015-03-01,36,1,,625.0,143.93,
2015-03-02,36,1,,685.0,143.93,
2015-03-03,36,1,1.0,760.0,143.93,138.36
2015-03-04,36,1,1.0,782.0,143.93,135.64
2015-03-05,36,1,1.0,1162.0,138.5,135.64
2015-03-06,36,1,1.0,1074.0,138.5,135.64
2015-03-07,36,1,1.0,1012.0,138.5,135.64
2015-03-08,36,1,1.0,393.0,138.5,135.64
2015-03-09,36,1,,141.0,140.67,
2015-03-10,36,1,,239.0,140.67,
2015-03-11,36,1,,280.0,140.67,
2015-03-12,36,1,,986.0,140.67,
2015-03-13,36,1,,440.0,140.67,
2015-03-14,36,1,,449.0,140.67,
2015-03-15,36,1,,503.0,140.67,
2015-03-16,36,1,,427.0,140.67,
2015-03-17,36,1,1.0,1112.0,140.67,127.49
2015-03-18,36,1,1.0,1112.0,140.67,127.49
2015-03-19,36,1,1.0,1112.0,140.67,127.49
2015-03-20,36,1,1.0,1112.0,140.67,127.49
2015-03-21,36,1,1.0,1112.0,140.67,127.49
2015-03-22,36,1,1.0,1112.0,140.67,127.49
2015-03-23,36,1,1.0,1112.0,140.67,127.49
2015-03-24,36,1,,427.0,140.67,
2015-03-25,36,1,,427.0,140.67,
2015-03-26,36,1,,427.0,131.97,
2015-03-27,36,1,,427.0,131.97,
2015-03-28,36,1,,427.0,131.97,
2015-03-29,36,1,,427.0,131.97,
2015-03-30,36,1,,427.0,131.97,
2015-03-31,36,1,,487.0,131.97,
