data_kaggle.csv
Date,Store_id,SKU_id,Promo,Demand,Regular_Price,Promo_Price
2015-01-01,35,1,,3.0,163.78,
2015-01-02,35,1,,28.0,163.78,
2015-01-03,35,1,,79.0,163.78,
2015-01-04,35,1,,60.0,163.78,
2015-01-05,35,1,,53.0,163.78,
2015-01-06,35,1,,85.0,163.78,
2015-01-07,35,1,,19.0,163.78,
2015-01-08,35,1,,53.0,163.78,
2015-01-09,35,1,,35.0,163.78,
2015-01-10,35,1,,69.0,163.78,
2015-01-11,35,1,,38.0,163.78,
2015-01-12,35,1,,57.0,163.78,
2015-01-13,35,1,,50.0,163.78,
2015-01-14,35,1,,82.0,168.4,
2015-01-15,35,1,,85.0,168.4,
2015-01-16,35,1,,38.0,168.4,
2015-01-17,35,1,,41.0,168.4,
2015-01-18,35,1,,41.0,168.4,
2015-01-19,35,1,,82.0,168.4,
2015-01-20,35,1,,91.0,168.4,
2015-01-21,35,1,,85.0,168.4,
2015-01-22,35,1,,63.0,168.4,
2015-01-23,35,1,,91.0,160.24,
2015-01-24,35,1,,72.0,160.24,
2015-01-25,35,1,,69.0,160.24,
2015-01-26,35,1,,60.0,160.24,
2015-01-27,35,1,,88.0,160.24,
2015-01-28,35,1,,116.0,146.92,
2015-01-29,35,1,,119.0,146.92,
2015-01-30,35,1,,167.0,146.92,
2015-01-31,35,1,,138.0,146.92,
2015-02-01,35,1,,123.0,146.92,
2015-02-02,35,1,,113.0,146.92,
2015-02-03,35,1,,135.0,146.92,
2015-02-04,35,1,,110.0,146.92,
2015-02-05,35,1,,192.0,146.92,
2015-02-06,35,1,,173.0,146.92,
2015-02-07,35,1,,280.0,146.92,
2015-02-08,35,1,,163.0,146.92,
2015-02-09,35,1,,119.0,146.92,
2015-02-10,35,1,,229.0,146.92,
2015-02-11,35,1,,182.0,146.92,
2015-02-12,35,1,,226.0,146.92,
2015-02-13,35,1,,167.0,149.37,
2015-02-14,35,1,,154.0,149.37,
2015-02-15,35,1,,188.0,149.37,
2015-02-16,35,1,,145.0,149.37,
2015-02-17,35,1,1.0,412.0,149.37,143.8
2015-02-18,35,1,1.0,415.0,149.37,135.64
2015-02-19,35,1,1.0,1291.0,149.37,135.64
2015-02-20,35,1,1.0,1147.0,149.37,135.64
2015-02-21,35,1,1.0,1539.0,149.37,135.64
2015-02-22,35,1,1.0,587.0,149.37,135.64
2015-02-23,35,1,1.0,1505.0,149.37,135.64
2015-02-24,35,1,,170.0,149.37,
2015-02-25,35,1,,198.0,149.37,
2015-02-26,35,1,,79.0,149.37,
2015-02-27,35,1,,145.0,143.93,
2015-02-28,35,1,,364.0,143.93,
2015-03-01,35,1,,456.0,143.93,
2015-03-02,35,1,,273.0,143.93,
2015-03-03,35,1,1.0,594.0,143.93,138.36
2015-03-04,35,1,1.0,701.0,143.93,135.64
2015-03-05,35,1,1.0,745.0,138.5,135.64
2015-03-06,35,1,1.0,638.0,138.5,135.64
2015-03-07,35,1,1.0,522.0,138.5,135.64
2015-03-08,35,1,1.0,364.0,138.5,135.64
2015-03-09,35,1,,167.0,140.67,
2015-03-10,35,1,,138.0,140.67,
2015-03-11,35,1,,327.0,140.67,
2015-03-12,35,1,,170.0,140.67,
2015-03-13,35,1,,232.0,140.67,
2015-03-14,35,1,,239.0,140.67,
2015-03-15,35,1,,188.0,140.67,
2015-03-16,35,1,,113.0,140.67,
2015-03-17,35,1,1.0,1784.0,140.67,127.49
2015-03-18,35,1,1.0,1370.0,140.67,127.49
2015-03-19,35,1,1.0,1103.0,140.67,127.49
2015-03-20,35,1,1.0,1291.0,140.67,127.49
2015-03-21,35,1,1.0,1027.0,140.67,127.49
2015-03-22,35,1,1.0,1197.0,140.67,127.49
2015-03-23,35,1,1.0,767.0,140.67,127.49
2015-03-24,35,1,,126.0,140.67,
2015-03-25,35,1,,107.0,140.67,
2015-03-26,35,1,,248.0,131.97,
2015-03-27,35,1,,207.0,131.97,
2015-03-28,35,1,,192.0,131.97,
2015-03-29,35,1,,154.0,131.97,
2015-03-30,35,1,,242.0,131.97,
2015-01-01,34,1,,19.0,163.78,
2015-01-02,34,1,,69.0,163.78,
2015-01-03,34,1,,126.0,163.78,
2015-01-04,34,1,,69.0,163.78,
2015-01-05,34,1,,50.0,163.78,
2015-01-06,34,1,,123.0,163.78,
2015-01-07,34,1,,88.0,163.78,
2015-01-08,34,1,,138.0,163.78,
2015-01-09,34,1,,72.0,163.78,
2015-01-10,34,1,,75.0,163.78,
2015-01-11,34,1,,91.0,163.78,
2015-01-12,34,1,,69.0,163.78,
2015-01-13,34,1,,160.0,163.78,
2015-01-14,34,1,,91.0,168.4,
2015-01-15,34,1,,53.0,168.4,
2015-01-16,34,1,,72.0,168.4,
2015-01-17,34,1,,57.0,168.4,
2015-01-18,34,1,,31.0,168.4,
2015-01-19,34,1,,47.0,168.4,
2015-01-20,34,1,,69.0,168.4,
2015-01-21,34,1,,60.0,168.4,
2015-01-22,34,1,,97.0,168.4,
2015-01-23,34,1,,107.0,160.24,
2015-01-24,34,1,,145.0,160.24,
2015-01-25,34,1,,60.0,160.24,
2015-01-26,34,1,,85.0,160.24,
2015-01-27,34,1,,91.0,160.24,
2015-01-28,34,1,,138.0,146.92,
2015-01-29,34,1,,427.0,146.92,
2015-01-30,34,1,,276.0,146.92,
2015-01-31,34,1,,251.0,146.92,
2015-02-01,34,1,,126.0,146.92,
2015-02-02,34,1,,107.0,146.92,
2015-02-03,34,1,,119.0,146.92,
2015-02-04,34,1,,424.0,146.92,
2015-02-05,34,1,,490.0,146.92,
2015-02-06,34,1,,833.0,146.92,
2015-02-07,34,1,,487.0,146.92,
2015-02-08,34,1,,569.0,146.92,
2015-02-09,34,1,,374.0,146.92,
2015-02-10,34,1,,789.0,146.92,
2015-02-11,34,1,,587.0,146.92,
2015-02-12,34,1,,600.0,146.92,
2015-02-13,34,1,,726.0,149.37,
2015-02-14,34,1,,424.0,149.37,
2015-02-15,34,1,,518.0,149.37,
2015-02-16,34,1,,481.0,149.37,
2015-02-17,34,1,1.0,1508.0,149.37,143.8
2015-02-18,34,1,1.0,1200.0,149.37,135.64
2015-02-19,34,1,1.0,4574.0,149.37,135.64
2015-02-20,34,1,1.0,2077.0,149.37,135.64
2015-02-21,34,1,1.0,1483.0,149.37,135.64
2015-02-22,34,1,1.0,1005.0,149.37,135.64
2015-02-23,34,1,1.0,1517.0,149.37,135.64
2015-02-24,34,1,,663.0,149.37,
2015-02-25,34,1,,305.0,149.37,
2015-02-26,34,1,,349.0,149.37,
2015-02-27,34,1,,556.0,143.93,
2015-02-28,34,1,,798.0,143.93,
2015-03-01,34,1,,741.0,143.93,
2015-03-02,34,1,,726.0,143.93,
2015-03-03,34,1,1.0,785.0,143.93,138.36
2015-03-04,34,1,1.0,1090.0,143.93,135.64
2015-03-05,34,1,1.0,1533.0,138.5,135.64
2015-03-06,34,1,1.0,1747.0,138.5,135.64
2015-03-07,34,1,1.0,1835.0,138.5,135.64
2015-03-08,34,1,1.0,732.0,138.5,135.64
2015-03-09,34,1,,393.0,140.67,
2015-03-10,34,1,,682.0,140.67,
2015-03-11,34,1,,421.0,140.67,
2015-03-12,34,1,,377.0,140.67,
2015-03-13,34,1,,1247.0,140.67,
2015-03-14,34,1,,713.0,140.67,
2015-03-15,34,1,,694.0,140.67,
2015-03-16,34,1,,437.0,140.67,
2015-03-17,34,1,1.0,5850.0,140.67,127.49
2015-03-18,34,1,1.0,3962.0,140.67,127.49
2015-03-19,34,1,1.0,2554.0,140.67,127.49
2015-03-20,34,1,1.0,2114.0,140.67,127.49
2015-03-21,34,1,1.0,1473.0,140.67,127.49
2015-03-22,34,1,1.0,1882.0,140.67,127.49
2015-03-23,34,1,1.0,1819.0,140.67,127.49
2015-03-24,34,1,,113.0,140.67,
2015-03-25,34,1,,591.0,140.67,
2015-03-26,34,1,,591.0,131.97,
2015-03-27,34,1,,591.0,131.97,
2015-03-28,34,1,,591.0,131.97,
2015-03-29,34,1,,591.0,131.97,
2015-03-30,34,1,,591.0,131.97,
2015-03-31,34,1,,591.0,131.97,
2015-01-01,33,1,,16.0,163.78,
2015-01-02,33,1,,60.0,163.78,
2015-01-03,33,1,,107.0,163.78,
2015-01-04,33,1,,85.0,163.78,
2015-01-05,33,1,,116.0,163.78,
2015-01-06,33,1,,151.0,163.78,
2015-01-07,33,1,,116.0,163.78,
2015-01-08,33,1,,110.0,163.78,
2015-01-09,33,1,,107.0,163.78,
2015-01-10,33,1,,101.0,163.78,
2015-01-11,33,1,,101.0,163.78,
2015-01-12,33,1,,126.0,163.78,
2015-01-13,33,1,,107.0,163.78,
2015-01-14,33,1,,148.0,168.4,
2015-01-15,33,1,,104.0,168.4,
2015-01-16,33,1,,110.0,168.4,
2015-01-17,33,1,,226.0,168.4,
2015-01-18,33,1,,85.0,168.4,
2015-01-19,33,1,,88.0,168.4,
2015-01-20,33,1,,129.0,168.4,
2015-01-21,33,1,,72.0,168.4,
2015-01-22,33,1,,148.0,168.4,
2015-01-23,33,1,,107.0,160.24,
2015-01-24,33,1,,182.0,160.24,
2015-01-25,33,1,,207.0,160.24,
2015-01-26,33,1,,160.0,160.24,
2015-01-27,33,1,,135.0,160.24,
2015-01-28,33,1,,339.0,146.92,
2015-01-29,33,1,,418.0,146.92,
2015-01-30,33,1,,286.0,146.92,
2015-01-31,33,1,,289.0,146.92,
2015-02-01,33,1,,138.0,146.92,
2015-02-02,33,1,,163.0,146.92,
2015-02-03,33,1,,330.0,146.92,
2015-02-04,33,1,,239.0,146.92,
2015-02-05,33,1,,245.0,146.92,
2015-02-06,33,1,,305.0,146.92,
2015-02-07,33,1,,308.0,146.92,
2015-02-08,33,1,,236.0,146.92,
2015-02-09,33,1,,176.0,146.92,
2015-02-10,33,1,,192.0,146.92,
2015-02-11,33,1,,264.0,146.92,
2015-02-12,33,1,,298.0,146.92,
2015-02-13,33,1,,364.0,149.37,
2015-02-14,33,1,,264.0,149.37,
2015-02-15,33,1,,151.0,149.37,
2015-02-16,33,1,,214.0,149.37,
2015-02-17,33,1,1.0,456.0,149.37,143.8
2015-02-18,33,1,1.0,506.0,149.37,135.64
2015-02-19,33,1,1.0,1084.0,149.37,135.64
2015-02-20,33,1,1.0,986.0,149.37,135.64
2015-02-21,33,1,1.0,1210.0,149.37,135.64
2015-02-22,33,1,1.0,701.0,149.37,135.64
2015-02-23,33,1,1.0,644.0,149.37,135.64
2015-02-24,33,1,,217.0,149.37,
2015-02-25,33,1,,245.0,149.37,
2015-02-26,33,1,,270.0,149.37,
2015-02-27,33,1,,280.0,143.93,
2015-02-28,33,1,,556.0,143.93,
2015-03-01,33,1,,587.0,143.93,
2015-03-02,33,1,,484.0,143.93,
2015-03-03,33,1,1.0,660.0,143.93,138.36
2015-03-04,33,1,1.0,525.0,143.93,135.64
2015-03-05,33,1,1.0,559.0,138.5,135.64
2015-03-06,33,1,1.0,405.0,138.5,135.64
2015-03-07,33,1,1.0,767.0,138.5,135.64
2015-03-08,33,1,1.0,207.0,138.5,135.64
2015-03-09,33,1,,468.0,140.67,
2015-03-10,33,1,,333.0,140.67,
2015-03-11,33,1,,251.0,140.67,
2015-03-12,33,1,,229.0,140.67,
2015-03-13,33,1,,173.0,140.67,
2015-03-14,33,1,,311.0,140.67,
2015-03-15,33,1,,145.0,140.67,
2015-03-16,33,1,,232.0,140.67,
2015-03-17,33,1,1.0,1539.0,140.67,127.49
2015-03-18,33,1,1.0,1634.0,140.67,127.49
2015-03-19,33,1,1.0,1385.0,140.67,127.49
2015-03-20,33,1,1.0,1210.0,140.67,127.49
2015-03-21,33,1,1.0,914.0,140.67,127.49
2015-03-22,33,1,1.0,1313.0,140.67,127.49
2015-03-23,33,1,1.0,902.0,140.67,127.49
2015-03-24,33,1,,264.0,140.67,
2015-03-25,33,1,,207.0,140.67,
2015-03-26,33,1,,358.0,131.97,
2015-03-27,33,1,,515.0,131.97,
2015-03-28,33,1,,738.0,131.97,
2015-03-29,33,1,,512.0,131.97,
2015-03-30,33,1,,500.0,131.97,
2015-01-01,51,1,,19.0,163.78,
2015-01-02,51,1,,104.0,163.78,
2015-01-03,51,1,,151.0,163.78,
2015-01-04,51,1,,110.0,163.78,
2015-01-05,51,1,,129.0,163.78,
2015-01-06,51,1,,217.0,163.78,
2015-01-07,51,1,,57.0,163.78,
2015-01-08,51,1,,138.0,163.78,
2015-01-09,51,1,,148.0,163.78,
2015-01-10,51,1,,101.0,163.78,
2015-01-11,51,1,,145.0,163.78,
2015-01-12,51,1,,167.0,163.78,
2015-01-13,51,1,,126.0,163.78,
2015-01-14,51,1,,157.0,168.4,
2015-01-15,51,1,,145.0,168.4,
2015-01-16,51,1,,173.0,168.4,
2015-01-17,51,1,,141.0,168.4,
2015-01-18,51,1,,123.0,168.4,
2015-01-19,51,1,,123.0,168.4,
2015-01-20,51,1,,116.0,168.4,
2015-01-21,51,1,,129.0,168.4,
2015-01-22,51,1,,101.0,168.4,
2015-01-23,51,1,,126.0,160.24,
2015-01-24,51,1,,198.0,160.24,
2015-01-25,51,1,,217.0,160.24,
2015-01-26,51,1,,276.0,160.24,
2015-01-27,51,1,,154.0,160.24,
2015-01-28,51,1,,192.0,146.92,
2015-01-29,51,1,,242.0,146.92,
2015-01-30,51,1,,412.0,146.92,
2015-01-31,51,1,,402.0,146.92,
2015-02-01,51,1,,430.0,146.92,
2015-02-02,51,1,,170.0,146.92,
2015-02-03,51,1,,292.0,146.92,
2015-02-04,51,1,,204.0,146.92,
2015-02-05,51,1,,195.0,146.92,
2015-02-06,51,1,,308.0,146.92,
2015-02-07,51,1,,314.0,146.92,
2015-02-08,51,1,,295.0,146.92,
2015-02-09,51,1,,402.0,146.92,
2015-02-10,51,1,,512.0,146.92,
2015-02-11,51,1,,581.0,146.92,
2015-02-12,51,1,,543.0,146.92,
2015-02-13,51,1,,434.0,149.37,
2015-02-14,51,1,,371.0,149.37,
2015-02-15,51,1,,386.0,149.37,
2015-02-16,51,1,,330.0,149.37,
2015-02-17,51,1,1.0,1389.0,149.37,143.8
2015-02-18,51,1,1.0,635.0,149.37,135.64
2015-02-19,51,1,1.0,1367.0,149.37,135.64
2015-02-20,51,1,1.0,2165.0,149.37,135.64
2015-02-21,51,1,1.0,1461.0,149.37,135.64
2015-02-22,51,1,1.0,990.0,149.37,135.64
2015-02-23,51,1,1.0,631.0,149.37,135.64
2015-02-24,51,1,,368.0,149.37,
2015-02-25,51,1,,349.0,149.37,
2015-02-26,51,1,,522.0,149.37,
2015-02-27,51,1,,443.0,143.93,
2015-02-28,51,1,,936.0,143.93,
2015-03-01,51,1,,842.0,143.93,
2015-03-02,51,1,,638.0,143.93,
2015-03-03,51,1,1.0,748.0,143.93,138.36
2015-03-04,51,1,1.0,578.0,143.93,135.64
2015-03-05,51,1,1.0,1150.0,138.5,135.64
2015-03-06,51,1,1.0,1235.0,138.5,135.64
2015-03-07,51,1,1.0,1153.0,138.5,135.64
2015-03-08,51,1,1.0,443.0,138.5,135.64
2015-03-09,51,1,,452.0,140.67,
2015-03-10,51,1,,855.0,140.67,
2015-03-11,51,1,,977.0,140.67,
2015-03-12,51,1,,886.0,140.67,
2015-03-13,51,1,,870.0,140.67,
2015-03-14,51,1,,807.0,140.67,
2015-03-15,51,1,,848.0,140.67,
2015-03-16,51,1,,487.0,140.67,
2015-03-17,51,1,1.0,6063.0,140.67,127.49
2015-03-18,51,1,1.0,3135.0,140.67,127.49
2015-03-19,51,1,1.0,1593.0,140.67,127.49
2015-03-20,51,1,1.0,258.0,140.67,127.49
2015-03-21,51,1,1.0,1389.0,140.67,127.49
2015-03-22,51,1,1.0,1288.0,140.67,127.49
2015-03-23,51,1,1.0,2218.0,140.67,127.49
2015-03-24,51,1,,682.0,140.67,
2015-03-25,51,1,,685.0,140.67,
2015-03-26,51,1,,503.0,131.97,
2015-03-27,51,1,,1040.0,131.97,
2015-03-28,51,1,,757.0,131.97,
2015-03-29,51,1,,1015.0,131.97,
2015-03-30,51,1,,710.0,131.97,
2015-02-20,75,1,1.0,2253.0,160.24,135.64
2015-02-21,75,1,1.0,902.0,160.24,135.64
2015-02-22,75,1,1.0,311.0,160.24,135.64
2015-02-23,75,1,1.0,525.0,160.24,135.64
2015-02-24,75,1,,63.0,149.37,
2015-02-25,75,1,,69.0,149.37,
2015-02-26,75,1,,50.0,149.37,
2015-02-27,75,1,,75.0,143.93,
2015-02-28,75,1,,75.0,143.93,
2015-03-01,75,1,,135.0,143.93,
2015-03-02,75,1,,91.0,143.93,
2015-03-03,75,1,1.0,82.0,143.93,138.36
2015-03-04,75,1,1.0,688.0,143.93,135.64
2015-03-05,75,1,1.0,182.0,138.5,135.64
2015-03-06,75,1,1.0,201.0,138.5,135.64
2015-03-07,75,1,1.0,236.0,138.5,135.64
2015-03-08,75,1,1.0,188.0,138.5,135.64
2015-03-09,75,1,,79.0,140.67,
2015-03-10,75,1,,157.0,140.67,
2015-03-11,75,1,,44.0,140.67,
2015-03-12,75,1,,31.0,140.67,
2015-03-13,75,1,,82.0,140.67,
2015-03-14,75,1,,79.0,140.67,
2015-03-15,75,1,,148.0,140.67,
2015-03-16,75,1,,60.0,140.67,
2015-03-17,75,1,1.0,261.0,140.67,127.49
2015-03-18,75,1,1.0,606.0,140.67,127.49
2015-03-19,75,1,1.0,525.0,140.67,127.49
2015-03-20,75,1,1.0,751.0,140.67,127.49
2015-03-21,75,1,1.0,537.0,140.67,127.49
2015-03-22,75,1,1.0,572.0,140.67,127.49
2015-03-23,75,1,1.0,292.0,140.67,127.49
2015-03-24,75,1,,44.0,140.67,
2015-03-25,75,1,,41.0,140.67,
2015-03-26,75,1,,223.0,131.97,
2015-03-27,75,1,,94.0,131.97,
2015-03-28,75,1,,236.0,131.97,
2015-03-29,75,1,,132.0,131.97,
2015-03-30,75,1,,88.0,131.97,
2015-03-31,75,1,,85.0,131.97,
